Archive member included to satisfy reference by file (symbol)

/opt/st/stm32cubeide_1.13.2/plugins/com.st.stm32cube.ide.mcu.externaltools.gnu-tools-for-stm32.11.3.rel1.linux64_1.1.1.202309131626/tools/bin/../lib/gcc/arm-none-eabi/11.3.1/../../../../arm-none-eabi/lib/thumb/v7-m/nofp/libm.a(libm_a-sf_ceil.o)
                              ./Core/Src/RoboArm.o (ceilf)
/opt/st/stm32cubeide_1.13.2/plugins/com.st.stm32cube.ide.mcu.externaltools.gnu-tools-for-stm32.11.3.rel1.linux64_1.1.1.202309131626/tools/bin/../lib/gcc/arm-none-eabi/11.3.1/../../../../arm-none-eabi/lib/thumb/v7-m/nofp/libc_nano.a(libc_a-exit.o)
                              /opt/st/stm32cubeide_1.13.2/plugins/com.st.stm32cube.ide.mcu.externaltools.gnu-tools-for-stm32.11.3.rel1.linux64_1.1.1.202309131626/tools/bin/../lib/gcc/arm-none-eabi/11.3.1/../../../../arm-none-eabi/lib/thumb/v7-m/nofp/crt0.o (exit)
/opt/st/stm32cubeide_1.13.2/plugins/com.st.stm32cube.ide.mcu.externaltools.gnu-tools-for-stm32.11.3.rel1.linux64_1.1.1.202309131626/tools/bin/../lib/gcc/arm-none-eabi/11.3.1/../../../../arm-none-eabi/lib/thumb/v7-m/nofp/libc_nano.a(libc_a-findfp.o)
                              /opt/st/stm32cubeide_1.13.2/plugins/com.st.stm32cube.ide.mcu.externaltools.gnu-tools-for-stm32.11.3.rel1.linux64_1.1.1.202309131626/tools/bin/../lib/gcc/arm-none-eabi/11.3.1/../../../../arm-none-eabi/lib/thumb/v7-m/nofp/libc_nano.a(libc_a-exit.o) (__stdio_exit_handler)
/opt/st/stm32cubeide_1.13.2/plugins/com.st.stm32cube.ide.mcu.externaltools.gnu-tools-for-stm32.11.3.rel1.linux64_1.1.1.202309131626/tools/bin/../lib/gcc/arm-none-eabi/11.3.1/../../../../arm-none-eabi/lib/thumb/v7-m/nofp/libc_nano.a(libc_a-fwalk.o)
                              /opt/st/stm32cubeide_1.13.2/plugins/com.st.stm32cube.ide.mcu.externaltools.gnu-tools-for-stm32.11.3.rel1.linux64_1.1.1.202309131626/tools/bin/../lib/gcc/arm-none-eabi/11.3.1/../../../../arm-none-eabi/lib/thumb/v7-m/nofp/libc_nano.a(libc_a-findfp.o) (_fwalk_sglue)
/opt/st/stm32cubeide_1.13.2/plugins/com.st.stm32cube.ide.mcu.externaltools.gnu-tools-for-stm32.11.3.rel1.linux64_1.1.1.202309131626/tools/bin/../lib/gcc/arm-none-eabi/11.3.1/../../../../arm-none-eabi/lib/thumb/v7-m/nofp/libc_nano.a(libc_a-stdio.o)
                              /opt/st/stm32cubeide_1.13.2/plugins/com.st.stm32cube.ide.mcu.externaltools.gnu-tools-for-stm32.11.3.rel1.linux64_1.1.1.202309131626/tools/bin/../lib/gcc/arm-none-eabi/11.3.1/../../../../arm-none-eabi/lib/thumb/v7-m/nofp/libc_nano.a(libc_a-findfp.o) (__sread)
/opt/st/stm32cubeide_1.13.2/plugins/com.st.stm32cube.ide.mcu.externaltools.gnu-tools-for-stm32.11.3.rel1.linux64_1.1.1.202309131626/tools/bin/../lib/gcc/arm-none-eabi/11.3.1/../../../../arm-none-eabi/lib/thumb/v7-m/nofp/libc_nano.a(libc_a-memset.o)
                              /opt/st/stm32cubeide_1.13.2/plugins/com.st.stm32cube.ide.mcu.externaltools.gnu-tools-for-stm32.11.3.rel1.linux64_1.1.1.202309131626/tools/bin/../lib/gcc/arm-none-eabi/11.3.1/../../../../arm-none-eabi/lib/thumb/v7-m/nofp/crt0.o (memset)
/opt/st/stm32cubeide_1.13.2/plugins/com.st.stm32cube.ide.mcu.externaltools.gnu-tools-for-stm32.11.3.rel1.linux64_1.1.1.202309131626/tools/bin/../lib/gcc/arm-none-eabi/11.3.1/../../../../arm-none-eabi/lib/thumb/v7-m/nofp/libc_nano.a(libc_a-closer.o)
                              /opt/st/stm32cubeide_1.13.2/plugins/com.st.stm32cube.ide.mcu.externaltools.gnu-tools-for-stm32.11.3.rel1.linux64_1.1.1.202309131626/tools/bin/../lib/gcc/arm-none-eabi/11.3.1/../../../../arm-none-eabi/lib/thumb/v7-m/nofp/libc_nano.a(libc_a-stdio.o) (_close_r)
/opt/st/stm32cubeide_1.13.2/plugins/com.st.stm32cube.ide.mcu.externaltools.gnu-tools-for-stm32.11.3.rel1.linux64_1.1.1.202309131626/tools/bin/../lib/gcc/arm-none-eabi/11.3.1/../../../../arm-none-eabi/lib/thumb/v7-m/nofp/libc_nano.a(libc_a-reent.o)
                              /opt/st/stm32cubeide_1.13.2/plugins/com.st.stm32cube.ide.mcu.externaltools.gnu-tools-for-stm32.11.3.rel1.linux64_1.1.1.202309131626/tools/bin/../lib/gcc/arm-none-eabi/11.3.1/../../../../arm-none-eabi/lib/thumb/v7-m/nofp/libc_nano.a(libc_a-closer.o) (errno)
/opt/st/stm32cubeide_1.13.2/plugins/com.st.stm32cube.ide.mcu.externaltools.gnu-tools-for-stm32.11.3.rel1.linux64_1.1.1.202309131626/tools/bin/../lib/gcc/arm-none-eabi/11.3.1/../../../../arm-none-eabi/lib/thumb/v7-m/nofp/libc_nano.a(libc_a-impure.o)
                              /opt/st/stm32cubeide_1.13.2/plugins/com.st.stm32cube.ide.mcu.externaltools.gnu-tools-for-stm32.11.3.rel1.linux64_1.1.1.202309131626/tools/bin/../lib/gcc/arm-none-eabi/11.3.1/../../../../arm-none-eabi/lib/thumb/v7-m/nofp/libc_nano.a(libc_a-reent.o) (_impure_ptr)
/opt/st/stm32cubeide_1.13.2/plugins/com.st.stm32cube.ide.mcu.externaltools.gnu-tools-for-stm32.11.3.rel1.linux64_1.1.1.202309131626/tools/bin/../lib/gcc/arm-none-eabi/11.3.1/../../../../arm-none-eabi/lib/thumb/v7-m/nofp/libc_nano.a(libc_a-lseekr.o)
[...]
Memory Configuration

Name             Origin             Length             Attributes
RAM              0x0000000020000000 0x0000000000002800 xrw
FLASH            0x0000000008000000 0x0000000000008000 xr
*default*        0x0000000000000000 0xffffffffffffffff

Linker script and memory map

LOAD /opt/st/stm32cubeide_1.13.2/plugins/com.st.stm32cube.ide.mcu.externaltools.gnu-tools-for-stm32.11.3.rel1.linux64_1.1.1.202309131626/tools/bin/../lib/gcc/arm-none-eabi/11.3.1/thumb/v7-m/nofp/crti.o
LOAD /opt/st/stm32cubeide_1.13.2/plugins/com.st.stm32cube.ide.mcu.externaltools.gnu-tools-for-stm32.11.3.rel1.linux64_1.1.1.202309131626/tools/bin/../lib/gcc/arm-none-eabi/11.3.1/thumb/v7-m/nofp/crtbegin.o
LOAD /opt/st/stm32cubeide_1.13.2/plugins/com.st.stm32cube.ide.mcu.externaltools.gnu-tools-for-stm32.11.3.rel1.linux64_1.1.1.202309131626/tools/bin/../lib/gcc/arm-none-eabi/11.3.1/../../../../arm-none-eabi/lib/thumb/v7-m/nofp/crt0.o
LOAD ./Core/Src/AMT22.o
LOAD ./Core/Src/DWT_Delay.o
LOAD ./Core/Src/RoboArm.o
LOAD ./Core/Src/TMC2209.o
LOAD ./Core/Src/main.o
LOAD ./Core/Src/moveSettings.o
LOAD ./Core/Src/stm32f1xx_hal_msp.o
LOAD ./Core/Src/stm32f1xx_it.o
LOAD ./Core/Src/syscalls.o
LOAD ./Core/Src/sysmem.o
LOAD ./Core/Src/system_stm32f1xx.o
LOAD ./Core/Startup/startup_stm32f103c6tx.o
LOAD ./Drivers/STM32F1xx_HAL_Driver/Src/stm32f1xx_hal.o
LOAD ./Drivers/STM32F1xx_HAL_Driver/Src/stm32f1xx_hal_cortex.o
LOAD ./Drivers/STM32F1xx_HAL_Driver/Src/stm32f1xx_hal_dma.o
LOAD ./Drivers/STM32F1xx_HAL_Driver/Src/stm32f1xx_hal_exti.o
LOAD ./Drivers/STM32F1xx_HAL_Driver/Src/stm32f1xx_hal_flash.o
LOAD ./Drivers/STM32F1xx_HAL_Driver/Src/stm32f1xx_hal_flash_ex.o
LOAD ./Drivers/STM32F1xx_HAL_Driver/Src/stm32f1xx_hal_gpio.o
LOAD ./Drivers/STM32F1xx_HAL_Driver/Src/stm32f1xx_hal_gpio_ex.o
LOAD ./Drivers/STM32F1xx_HAL_Driver/Src/stm32f1xx_hal_pwr.o
LOAD ./Drivers/STM32F1xx_HAL_Driver/Src/stm32f1xx_hal_rcc.o
LOAD ./Drivers/STM32F1xx_HAL_Driver/Src/stm32f1xx_hal_rcc_ex.o
LOAD ./Drivers/STM32F1xx_HAL_Driver/Src/stm32f1xx_hal_spi.o
LOAD ./Drivers/STM32F1xx_HAL_Driver/Src/stm32f1xx_hal_tim.o
LOAD ./Drivers/STM32F1xx_HAL_Driver/Src/stm32f1xx_hal_tim_ex.o
LOAD ./Drivers/STM32F1xx_HAL_Driver/Src/stm32f1xx_hal_uart.o
START GROUP
LOAD /opt/st/stm32cubeide_1.13.2/plugins/com.st.stm32cube.ide.mcu.externaltools.gnu-tools-for-stm32.11.3.rel1.linux64_1.1.1.202309131626/tools/bin/../lib/gcc/arm-none-eabi/11.3.1/../../../../arm-none-eabi/lib/thumb/v7-m/nofp/libstdc++_nano.a
LOAD /opt/st/stm32cubeide_1.13.2/plugins/com.st.stm32cube.ide.mcu.externaltools.gnu-tools-for-stm32.11.3.rel1.linux64_1.1.1.202309131626/tools/bin/../lib/gcc/arm-none-eabi/11.3.1/../../../../arm-none-eabi/lib/thumb/v7-m/nofp/libsupc++_nano.a
END GROUP
LOAD /opt/st/stm32cubeide_1.13.2/plugins/com.st.stm32cube.ide.mcu.externaltools.gnu-tools-for-stm32.11.3.rel1.linux64_1.1.1.202309131626/tools/bin/../lib/gcc/arm-none-eabi/11.3.1/../../../../arm-none-eabi/lib/thumb/v7-m/nofp/libstdc++_nano.a
LOAD /opt/st/stm32cubeide_1.13.2/plugins/com.st.stm32cube.ide.mcu.externaltools.gnu-tools-for-stm32.11.3.rel1.linux64_1.1.1.202309131626/tools/bin/../lib/gcc/arm-none-eabi/11.3.1/../../../../arm-none-eabi/lib/thumb/v7-m/nofp/libm.a
LOAD /opt/st/stm32cubeide_1.13.2/plugins/com.st.stm32cube.ide.mcu.externaltools.gnu-tools-for-stm32.11.3.rel1.linux64_1.1.1.202309131626/tools/bin/../lib/gcc/arm-none-eabi/11.3.1/../../../../arm-none-eabi/lib/thumb/v7-m/nofp/libc_nano.a
START GROUP
LOAD /opt/st/stm32cubeide_1.13.2/plugins/com.st.stm32cube.ide.mcu.externaltools.gnu-tools-for-stm32.11.3.rel1.linux64_1.1.1.202309131626/tools/bin/../lib/gcc/arm-none-eabi/11.3.1/thumb/v7-m/nofp/libgcc.a
LOAD /opt/st/stm32cubeide_1.13.2/plugins/com.st.stm32cube.ide.mcu.externaltools.gnu-tools-for-stm32.11.3.rel1.linux64_1.1.1.202309131626/tools/bin/../lib/gcc/arm-none-eabi/11.3.1/../../../../arm-none-eabi/lib/thumb/v7-m/nofp/libc_nano.a
END GROUP
START GROUP
LOAD /opt/st/stm32cubeide_1.13.2/plugins/com.st.stm32cube.ide.mcu.externaltools.gnu-tools-for-stm32.11.3.rel1.linux64_1.1.1.202309131626/tools/bin/../lib/gcc/arm-none-eabi/11.3.1/thumb/v7-m/nofp/libgcc.a
LOAD /opt/st/stm32cubeide_1.13.2/plugins/com.st.stm32cube.ide.mcu.externaltools.gnu-tools-for-stm32.11.3.rel1.linux64_1.1.1.202309131626/tools/bin/../lib/gcc/arm-none-eabi/11.3.1/../../../../arm-none-eabi/lib/thumb/v7-m/nofp/libc_nano.a
END GROUP
LOAD /opt/st/stm32cubeide_1.13.2/plugins/com.st.stm32cube.ide.mcu.externaltools.gnu-tools-for-stm32.11.3.rel1.linux64_1.1.1.202309131626/tools/bin/../lib/gcc/arm-none-eabi/11.3.1/thumb/v7-m/nofp/crtend.o
LOAD /opt/st/stm32cubeide_1.13.2/plugins/com.st.stm32cube.ide.mcu.externaltools.gnu-tools-for-stm32.11.3.rel1.linux64_1.1.1.202309131626/tools/bin/../lib/gcc/arm-none-eabi/11.3.1/thumb/v7-m/nofp/crtn.o
                0x0000000020002800                _estack = (ORIGIN (RAM) + LENGTH (RAM))
                0x0000000000000200                _Min_Heap_Size = 0x200
                0x0000000000000400                _Min_Stack_Size = 0x400

.isr_vector     0x0000000008000000      0x10c
                0x0000000008000000                . = ALIGN (0x4)
 *(.isr_vector)
 .isr_vector    0x0000000008000000      0x10c ./Core/Startup/startup_stm32f103c6tx.o
                0x0000000008000000                g_pfnVectors
                0x000000000800010c                . = ALIGN (0x4)

.text           0x0000000008000110     0x6a00
                0x0000000008000110                . = ALIGN (0x4)
 *(.text)
 .text          0x0000000008000110       0x40 /opt/st/stm32cubeide_1.13.2/plugins/com.st.stm32cube.ide.mcu.externaltools.gnu-tools-for-stm32.11.3.rel1.linux64_1.1.1.202309131626/tools/bin/../lib/gcc/arm-none-eabi/11.3.1/thumb/v7-m/nofp/crtbegin.o
 .text          0x0000000008000150      0x378 /opt/st/stm32cubeide_1.13.2/plugins/com.st.stm32cube.ide.mcu.externaltools.gnu-tools-for-stm32.11.3.rel1.linux64_1.1.1.202309131626/tools/bin/../lib/gcc/arm-none-eabi/11.3.1/thumb/v7-m/nofp/libgcc.a(_arm_addsubdf3.o)
                0x0000000008000150                __aeabi_drsub
                0x0000000008000158                __aeabi_dsub
                0x0000000008000158                __subdf3
                0x000000000800015c                __adddf3
                0x000000000800015c                __aeabi_dadd
                0x00000000080003d4                __aeabi_ui2d
                0x00000000080003d4                __floatunsidf
                0x00000000080003f4                __floatsidf
                0x00000000080003f4                __aeabi_i2d
                0x0000000008000418                __extendsfdf2
                0x0000000008000418                __aeabi_f2d
                0x000000000800045c                __aeabi_ul2d
                0x000000000800045c                __floatundidf
                0x000000000800046c                __floatdidf
                0x000000000800046c                __aeabi_l2d
 .text          0x00000000080004c8      0x424 /opt/st/stm32cubeide_1.13.2/plugins/com.st.stm32cube.ide.mcu.externaltools.gnu-tools-for-stm32.11.3.rel1.linux64_1.1.1.202309131626/tools/bin/../lib/gcc/arm-none-eabi/11.3.1/thumb/v7-m/nofp/libgcc.a(_arm_muldivdf3.o)
                0x00000000080004c8                __aeabi_dmul
                0x00000000080004c8                __muldf3
                0x000000000800071c                __aeabi_ddiv
                0x000000000800071c                __divdf3
 .text          0x00000000080008ec      0x110 /opt/st/stm32cubeide_1.13.2/plugins/com.st.stm32cube.ide.mcu.externaltools.gnu-tools-for-stm32.11.3.rel1.linux64_1.1.1.202309131626/tools/bin/../lib/gcc/arm-none-eabi/11.3.1/thumb/v7-m/nofp/libgcc.a(_arm_cmpdf2.o)
                0x00000000080008ec                __gtdf2
                0x00000000080008ec                __gedf2
                0x00000000080008f4                __ltdf2
                0x00000000080008f4                __ledf2
                0x00000000080008fc                __cmpdf2
                0x00000000080008fc                __eqdf2
                0x00000000080008fc                __nedf2
                0x0000000008000978                __aeabi_cdrcmple
                0x0000000008000988                __aeabi_cdcmple
                0x0000000008000988                __aeabi_cdcmpeq
                0x0000000008000998                __aeabi_dcmpeq
                0x00000000080009ac                __aeabi_dcmplt
                0x00000000080009c0                __aeabi_dcmple
                0x00000000080009d4                __aeabi_dcmpge
                0x00000000080009e8                __aeabi_dcmpgt
 .text          0x00000000080009fc       0xa0 /opt/st/stm32cubeide_1.13.2/plugins/com.st.stm32cube.ide.mcu.externaltools.gnu-tools-for-stm32.11.3.rel1.linux64_1.1.1.202309131626/tools/bin/../lib/gcc/arm-none-eabi/11.3.1/thumb/v7-m/nofp/libgcc.a(_arm_truncdfsf2.o)
                0x00000000080009fc                __aeabi_d2f
                0x00000000080009fc                __truncdfsf2
 .text          0x0000000008000a9c      0x21c /opt/st/stm32cubeide_1.13.2/plugins/com.st.stm32cube.ide.mcu.externaltools.gnu-tools-for-stm32.11.3.rel1.linux64_1.1.1.202309131626/tools/bin/../lib/gcc/arm-none-eabi/11.3.1/thumb/v7-m/nofp/libgcc.a(_arm_addsubsf3.o)
                0x0000000008000a9c                __aeabi_frsub
                0x0000000008000aa4                __subsf3
                0x0000000008000aa4                __aeabi_fsub
                0x0000000008000aa8                __aeabi_fadd
                0x0000000008000aa8                __addsf3
                0x0000000008000c08                __aeabi_ui2f
                0x0000000008000c08                __floatunsisf
                0x0000000008000c10                __aeabi_i2f
                0x0000000008000c10                __floatsisf
                0x0000000008000c2c                __floatundisf
                0x0000000008000c2c                __aeabi_ul2f
                0x0000000008000c3c                __floatdisf
                0x0000000008000c3c                __aeabi_l2f
 .text          0x0000000008000cb8      0x2a0 /opt/st/stm32cubeide_1.13.2/plugins/com.st.stm32cube.ide.mcu.externaltools.gnu-tools-for-stm32.11.3.rel1.linux64_1.1.1.202309131626/tools/bin/../lib/gcc/arm-none-eabi/11.3.1/thumb/v7-m/nofp/libgcc.a(_arm_muldivsf3.o)
                0x0000000008000cb8                __mulsf3
                0x0000000008000cb8                __aeabi_fmul
                0x0000000008000e20                __divsf3
                0x0000000008000e20                __aeabi_fdiv
 .text          0x0000000008000f58       0xec /opt/st/stm32cubeide_1.13.2/plugins/com.st.stm32cube.ide.mcu.externaltools.gnu-tools-for-stm32.11.3.rel1.linux64_1.1.1.202309131626/tools/bin/../lib/gcc/arm-none-eabi/11.3.1/thumb/v7-m/nofp/libgcc.a(_arm_cmpsf2.o)
                0x0000000008000f58                __gtsf2
                0x0000000008000f58                __gesf2
                0x0000000008000f60                __lesf2
                0x0000000008000f60                __ltsf2
                0x0000000008000f68                __nesf2
                0x0000000008000f68                __eqsf2
                0x0000000008000f68                __cmpsf2
                0x0000000008000fc8                __aeabi_cfrcmple
                0x0000000008000fd0                __aeabi_cfcmple
                0x0000000008000fd0                __aeabi_cfcmpeq
                0x0000000008000fe0                __aeabi_fcmpeq
                0x0000000008000ff4                __aeabi_fcmplt
                0x0000000008001008                __aeabi_fcmple
                0x000000000800101c                __aeabi_fcmpge
                0x0000000008001030                __aeabi_fcmpgt
 .text          0x0000000008001044       0x40 /opt/st/stm32cubeide_1.13.2/plugins/com.st.stm32cube.ide.mcu.externaltools.gnu-tools-for-stm32.11.3.rel1.linux64_1.1.1.202309131626/tools/bin/../lib/gcc/arm-none-eabi/11.3.1/thumb/v7-m/nofp/libgcc.a(_arm_fixunssfsi.o)
                0x0000000008001044                __aeabi_f2uiz
                0x0000000008001044                __fixunssfsi
 *(.text*)
 .text.setCSLine
                0x0000000008001084       0x24 ./Core/Src/AMT22.o
                0x0000000008001084                setCSLine
 .text.spiWriteRead
                0x00000000080010a8       0x58 ./Core/Src/AMT22.o
                0x00000000080010a8                spiWriteRead
 .text.getPositionSPI
                0x0000000008001100      0x11c ./Core/Src/AMT22.o
                0x0000000008001100                getPositionSPI
 .text.calculateAngle
                0x000000000800121c       0xb4 ./Core/Src/AMT22.o
                0x000000000800121c                calculateAngle
 .text.delay    0x00000000080012d0       0x16 ./Core/Src/AMT22.o
                0x00000000080012d0                delay
 .text.startDWT
                0x00000000080012e6        0xe ./Core/Src/AMT22.o
                0x00000000080012e6                startDWT
 .text.DWT_Delay_Init
                0x00000000080012f4       0x60 ./Core/Src/DWT_Delay.o
                0x00000000080012f4                DWT_Delay_Init
 .text.DWT_Delay_us
                0x0000000008001354       0x50 ./Core/Src/DWT_Delay.o
                0x0000000008001354                DWT_Delay_us
 .text._ZSt3absd
                0x00000000080013a4       0x1e ./Core/Src/RoboArm.o
                0x00000000080013a4                std::abs(double)
 .text._ZSt3absf
                0x00000000080013c2       0x18 ./Core/Src/RoboArm.o
                0x00000000080013c2                std::abs(float)
 .text._ZSt4ceilf
                0x00000000080013da       0x18 ./Core/Src/RoboArm.o
                0x00000000080013da                std::ceil(float)
 *fill*         0x00000000080013f2        0x2 
 .text._ZN7RoboArmC2Ehh
                0x00000000080013f4       0xfc ./Core/Src/RoboArm.o
                0x00000000080013f4                RoboArm::RoboArm(unsigned char, unsigned char)
                0x00000000080013f4                RoboArm::RoboArm(unsigned char, unsigned char)
 .text._ZN7RoboArm13EmergencyStopEv
                0x00000000080014f0       0x86 ./Core/Src/RoboArm.o
                0x00000000080014f0                RoboArm::EmergencyStop()
 *fill*         0x0000000008001576        0x2 
 .text._ZN7RoboArm11Move2MotorsEff
                0x0000000008001578      0x384 ./Core/Src/RoboArm.o
                0x0000000008001578                RoboArm::Move2Motors(float, float)
 .text._ZN7RoboArm10SetGripperEi
                0x00000000080018fc       0xf4 ./Core/Src/RoboArm.o
                0x00000000080018fc                RoboArm::SetGripper(int)
 .text._ZN7RoboArm13setPrintStateEb
                0x00000000080019f0       0x30 ./Core/Src/RoboArm.o
                0x00000000080019f0                RoboArm::setPrintState(bool)
 .text._ZN7RoboArm13getPrintStateEv
                0x0000000008001a20       0x22 ./Core/Src/RoboArm.o
                0x0000000008001a20                RoboArm::getPrintState()
 .text._ZN7RoboArm17SetMicrosteps4AllEh
                0x0000000008001a42       0x40 ./Core/Src/RoboArm.o
                0x0000000008001a42                RoboArm::SetMicrosteps4All(unsigned char)
 .text._ZN7RoboArm15SetSettEncodersER19__SPI_HandleTypeDefP12GPIO_TypeDeftS3_th
                0x0000000008001a82       0x46 ./Core/Src/RoboArm.o
                0x0000000008001a82                RoboArm::SetSettEncoders(__SPI_HandleTypeDef&, GPIO_TypeDef*, unsigned short, GPIO_TypeDef*, unsigned short, unsigned char)
 .text._ZN7RoboArm16GetAngleEncodersEm
                0x0000000008001ac8       0x26 ./Core/Src/RoboArm.o
                0x0000000008001ac8                RoboArm::GetAngleEncoders(unsigned long)
 *fill*         0x0000000008001aee        0x2 
 .text._ZN7RoboArm14GetLinEncodersEf
                0x0000000008001af0       0x50 ./Core/Src/RoboArm.o
                0x0000000008001af0                RoboArm::GetLinEncoders(float)
 .text._ZN7RoboArm14GetPosEncodersEh
                0x0000000008001b40       0x6e ./Core/Src/RoboArm.o
                0x0000000008001b40                RoboArm::GetPosEncoders(unsigned char)
 .text._ZN7RoboArm6GetLinEv
                0x0000000008001bae       0x94 ./Core/Src/RoboArm.o
                0x0000000008001bae                RoboArm::GetLin()
 *fill*         0x0000000008001c42        0x2 
 .text._ZN7RoboArm6GetAngEv
                0x0000000008001c44       0x88 ./Core/Src/RoboArm.o
                0x0000000008001c44                RoboArm::GetAng()
 .text._ZN7RoboArm15SetSoftwareZeroEv
                0x0000000008001ccc      0x114 ./Core/Src/RoboArm.o
                0x0000000008001ccc                RoboArm::SetSoftwareZero()
 .text._ZN7RoboArm12ShiftZeroAngEf
                0x0000000008001de0       0x48 ./Core/Src/RoboArm.o
                0x0000000008001de0                RoboArm::ShiftZeroAng(float)
 .text._ZN7RoboArm12ShiftZeroLinEf
                0x0000000008001e28       0x46 ./Core/Src/RoboArm.o
                0x0000000008001e28                RoboArm::ShiftZeroLin(float)
 .text._ZN7RoboArm13SetSettMotorsER20__UART_HandleTypeDefR17TIM_HandleTypeDefS3_S3_P12GPIO_TypeDeftS5_tS5_tS5_tS5_tS5_t
                0x0000000008001e6e      0x110 ./Core/Src/RoboArm.o
                0x0000000008001e6e                RoboArm::SetSettMotors(__UART_HandleTypeDef&, TIM_HandleTypeDef&, TIM_HandleTypeDef&, TIM_HandleTypeDef&, GPIO_TypeDef*, unsigned short, GPIO_TypeDef*, unsigned short, GPIO_TypeDef*, unsigned short, GPIO_TypeDef*, unsigned short, GPIO_TypeDef*, unsigned short, GPIO_TypeDef*, unsigned short)
 .text._ZN7RoboArm9SetEnableEtb
                0x0000000008001f7e       0x72 ./Core/Src/RoboArm.o
                0x0000000008001f7e                RoboArm::SetEnable(unsigned short, bool)
 .text._ZN7TMC2209C2Ev
                0x0000000008001ff0       0x38 ./Core/Src/TMC2209.o
                0x0000000008001ff0                TMC2209::TMC2209()
                0x0000000008001ff0                TMC2209::TMC2209()
 .text._ZN7TMC22095setupEP20__UART_HandleTypeDeflNS_13SerialAddressE
                0x0000000008002028       0x28 ./Core/Src/TMC2209.o
                0x0000000008002028                TMC2209::setup(__UART_HandleTypeDef*, long, TMC2209::SerialAddress)
 .text._ZN7TMC22096enableEv
                0x0000000008002050       0x60 ./Core/Src/TMC2209.o
                0x0000000008002050                TMC2209::enable()
 .text._ZN7TMC220930setMicrostepsPerStepPowerOfTwoEh
                0x00000000080020b0       0xc4 ./Core/Src/TMC2209.o
                0x00000000080020b0                TMC2209::setMicrostepsPerStepPowerOfTwo(unsigned char)
 .text._ZN7TMC220927enableInverseMotorDirectionEv
                0x0000000008002174       0x20 ./Core/Src/TMC2209.o
                0x0000000008002174                TMC2209::enableInverseMotorDirection()
 .text._ZN7TMC220928disableInverseMotorDirectionEv
                0x0000000008002194       0x20 ./Core/Src/TMC2209.o
                0x0000000008002194                TMC2209::disableInverseMotorDirection()
 .text._ZN7TMC220910initializeElNS_13SerialAddressE
                0x00000000080021b4       0x2c ./Core/Src/TMC2209.o
                0x00000000080021b4                TMC2209::initialize(long, TMC2209::SerialAddress)
 .text._ZN7TMC220924setOperationModeToSerialENS_13SerialAddressE
                0x00000000080021e0       0x4e ./Core/Src/TMC2209.o
                0x00000000080021e0                TMC2209::setOperationModeToSerial(TMC2209::SerialAddress)
 *fill*         0x000000000800222e        0x2 
 .text._ZN7TMC220922setRegistersToDefaultsEv
                0x0000000008002230       0xf4 ./Core/Src/TMC2209.o
                0x0000000008002230                TMC2209::setRegistersToDefaults()
 .text._ZN7TMC220911reverseDataEm
                0x0000000008002324       0x54 ./Core/Src/TMC2209.o
                0x0000000008002324                TMC2209::reverseData(unsigned long)
 .text._ZN7TMC22095writeEhm
                0x0000000008002378       0x78 ./Core/Src/TMC2209.o
                0x0000000008002378                TMC2209::write(unsigned char, unsigned long)
 .text._ZN7TMC220923writeStoredGlobalConfigEv
                0x00000000080023f0       0x1e ./Core/Src/TMC2209.o
                0x00000000080023f0                TMC2209::writeStoredGlobalConfig()
 .text._ZN7TMC220924writeStoredChopperConfigEv
                0x000000000800240e       0x1e ./Core/Src/TMC2209.o
                0x000000000800240e                TMC2209::writeStoredChopperConfig()
 .text._ZN7TMC220912calculateCrcINS_22WriteReadReplyDatagramEEEhRT_h
                0x000000000800242c       0x9e ./Core/Src/TMC2209.o
                0x000000000800242c                unsigned char TMC2209::calculateCrc<TMC2209::WriteReadReplyDatagram>(TMC2209::WriteReadReplyDatagram&, unsigned char)
 .text._ZN7TMC220926sendDatagramUnidirectionalINS_22WriteReadReplyDatagramEEEvRT_h
                0x00000000080024ca       0x32 ./Core/Src/TMC2209.o
                0x00000000080024ca                void TMC2209::sendDatagramUnidirectional<TMC2209::WriteReadReplyDatagram>(TMC2209::WriteReadReplyDatagram&, unsigned char)
 *fill*         0x00000000080024fc        0x4 
 .text.main     0x0000000008002500      0x340 ./Core/Src/main.o
                0x0000000008002500                main
 .text._Z18SystemClock_Configv
                0x0000000008002840       0xa2 ./Core/Src/main.o
                0x0000000008002840                SystemClock_Config()
 *fill*         0x00000000080028e2        0x2 
 .text._ZL12MX_SPI1_Initv
                0x00000000080028e4       0x78 ./Core/Src/main.o
 .text._ZL12MX_TIM1_Initv
                0x000000000800295c      0x130 ./Core/Src/main.o
 .text._ZL12MX_TIM2_Initv
                0x0000000008002a8c       0xd0 ./Core/Src/main.o
 .text._ZL12MX_TIM3_Initv
                0x0000000008002b5c       0xd0 ./Core/Src/main.o
 .text._ZL19MX_USART1_UART_Initv
                0x0000000008002c2c       0x5c ./Core/Src/main.o
 .text._ZL19MX_USART2_UART_Initv
                0x0000000008002c88       0x5c ./Core/Src/main.o
 .text._ZL12MX_GPIO_Initv
                0x0000000008002ce4      0x164 ./Core/Src/main.o
 .text.HAL_UART_RxCpltCallback
                0x0000000008002e48       0xc0 ./Core/Src/main.o
                0x0000000008002e48                HAL_UART_RxCpltCallback
 .text.HAL_TIM_PeriodElapsedCallback
                0x0000000008002f08      0x160 ./Core/Src/main.o
                0x0000000008002f08                HAL_TIM_PeriodElapsedCallback
 .text.HAL_GPIO_EXTI_Callback
                0x0000000008003068       0x8c ./Core/Src/main.o
                0x0000000008003068                HAL_GPIO_EXTI_Callback
 .text.Error_Handler
                0x00000000080030f4        0xa ./Core/Src/main.o
                0x00000000080030f4                Error_Handler
 *fill*         0x00000000080030fe        0x2 
 .text._Z41__static_initialization_and_destruction_0ii
                0x0000000008003100       0x30 ./Core/Src/main.o
 .text._GLOBAL__sub_I_hspi1
                0x0000000008003130       0x10 ./Core/Src/main.o
 .text.HAL_MspInit
                0x0000000008003140       0x74 ./Core/Src/stm32f1xx_hal_msp.o
                0x0000000008003140                HAL_MspInit
 .text.HAL_SPI_MspInit
                0x00000000080031b4       0xc4 ./Core/Src/stm32f1xx_hal_msp.o
                0x00000000080031b4                HAL_SPI_MspInit
 .text.HAL_TIM_PWM_MspInit
                0x0000000008003278       0xb8 ./Core/Src/stm32f1xx_hal_msp.o
                0x0000000008003278                HAL_TIM_PWM_MspInit
 .text.HAL_TIM_MspPostInit
                0x0000000008003330       0xe4 ./Core/Src/stm32f1xx_hal_msp.o
                0x0000000008003330                HAL_TIM_MspPostInit
 .text.HAL_UART_MspInit
                0x0000000008003414      0x114 ./Core/Src/stm32f1xx_hal_msp.o
                0x0000000008003414                HAL_UART_MspInit
 .text.NMI_Handler
                0x0000000008003528        0x6 ./Core/Src/stm32f1xx_it.o
                0x0000000008003528                NMI_Handler
 .text.HardFault_Handler
                0x000000000800352e        0x6 ./Core/Src/stm32f1xx_it.o
                0x000000000800352e                HardFault_Handler
 .text.MemManage_Handler
                0x0000000008003534        0x6 ./Core/Src/stm32f1xx_it.o
                0x0000000008003534                MemManage_Handler
 .text.BusFault_Handler
                0x000000000800353a        0x6 ./Core/Src/stm32f1xx_it.o
                0x000000000800353a                BusFault_Handler
 .text.UsageFault_Handler
                0x0000000008003540        0x6 ./Core/Src/stm32f1xx_it.o
                0x0000000008003540                UsageFault_Handler
 .text.SVC_Handler
                0x0000000008003546        0xc ./Core/Src/stm32f1xx_it.o
                0x0000000008003546                SVC_Handler
 .text.DebugMon_Handler
                0x0000000008003552        0xc ./Core/Src/stm32f1xx_it.o
                0x0000000008003552                DebugMon_Handler
 .text.PendSV_Handler
                0x000000000800355e        0xc ./Core/Src/stm32f1xx_it.o
                0x000000000800355e                PendSV_Handler
 .text.SysTick_Handler
                0x000000000800356a        0xc ./Core/Src/stm32f1xx_it.o
                0x000000000800356a                SysTick_Handler
 .text.RCC_IRQHandler
                0x0000000008003576        0xc ./Core/Src/stm32f1xx_it.o
                0x0000000008003576                RCC_IRQHandler
 .text.EXTI9_5_IRQHandler
                0x0000000008003582        0xe ./Core/Src/stm32f1xx_it.o
                0x0000000008003582                EXTI9_5_IRQHandler
 .text.TIM1_UP_IRQHandler
                0x0000000008003590       0x14 ./Core/Src/stm32f1xx_it.o
                0x0000000008003590                TIM1_UP_IRQHandler
 .text.TIM2_IRQHandler
                0x00000000080035a4       0x14 ./Core/Src/stm32f1xx_it.o
                0x00000000080035a4                TIM2_IRQHandler
 .text.TIM3_IRQHandler
                0x00000000080035b8       0x14 ./Core/Src/stm32f1xx_it.o
                0x00000000080035b8                TIM3_IRQHandler
 .text.SPI1_IRQHandler
                0x00000000080035cc       0x14 ./Core/Src/stm32f1xx_it.o
                0x00000000080035cc                SPI1_IRQHandler
 .text.USART1_IRQHandler
                0x00000000080035e0       0x14 ./Core/Src/stm32f1xx_it.o
                0x00000000080035e0                USART1_IRQHandler
 .text.USART2_IRQHandler
                0x00000000080035f4       0x14 ./Core/Src/stm32f1xx_it.o
                0x00000000080035f4                USART2_IRQHandler
 .text.EXTI15_10_IRQHandler
                0x0000000008003608       0x20 ./Core/Src/stm32f1xx_it.o
                0x0000000008003608                EXTI15_10_IRQHandler
 .text.SystemInit
                0x0000000008003628        0xc ./Core/Src/system_stm32f1xx.o
                0x0000000008003628                SystemInit
 .text.Reset_Handler
                0x0000000008003634       0x48 ./Core/Startup/startup_stm32f103c6tx.o
                0x0000000008003634                Reset_Handler
 .text.Default_Handler
                0x000000000800367c        0x2 ./Core/Startup/startup_stm32f103c6tx.o
                0x000000000800367c                RTC_Alarm_IRQHandler
                0x000000000800367c                EXTI2_IRQHandler
                0x000000000800367c                TIM1_CC_IRQHandler
                0x000000000800367c                PVD_IRQHandler
                0x000000000800367c                EXTI3_IRQHandler
                0x000000000800367c                EXTI0_IRQHandler
                0x000000000800367c                ADC1_2_IRQHandler
                0x000000000800367c                TAMPER_IRQHandler
                0x000000000800367c                DMA1_Channel4_IRQHandler
                0x000000000800367c                RTC_IRQHandler
                0x000000000800367c                DMA1_Channel7_IRQHandler
                0x000000000800367c                CAN1_RX1_IRQHandler
                0x000000000800367c                I2C1_EV_IRQHandler
                0x000000000800367c                DMA1_Channel6_IRQHandler
                0x000000000800367c                TIM1_TRG_COM_IRQHandler
                0x000000000800367c                DMA1_Channel1_IRQHandler
                0x000000000800367c                Default_Handler
                0x000000000800367c                DMA1_Channel5_IRQHandler
                0x000000000800367c                EXTI4_IRQHandler
                0x000000000800367c                USB_LP_CAN1_RX0_IRQHandler
                0x000000000800367c                USB_HP_CAN1_TX_IRQHandler
                0x000000000800367c                DMA1_Channel3_IRQHandler
                0x000000000800367c                WWDG_IRQHandler
                0x000000000800367c                TIM1_BRK_IRQHandler
                0x000000000800367c                EXTI1_IRQHandler
                0x000000000800367c                DMA1_Channel2_IRQHandler
                0x000000000800367c                CAN1_SCE_IRQHandler
                0x000000000800367c                FLASH_IRQHandler
                0x000000000800367c                I2C1_ER_IRQHandler
                0x000000000800367c                USBWakeUp_IRQHandler
 *fill*         0x000000000800367e        0x2 
 .text.HAL_Init
                0x0000000008003680       0x2c ./Drivers/STM32F1xx_HAL_Driver/Src/stm32f1xx_hal.o
                0x0000000008003680                HAL_Init
 .text.HAL_InitTick
                0x00000000080036ac       0x60 ./Drivers/STM32F1xx_HAL_Driver/Src/stm32f1xx_hal.o
                0x00000000080036ac                HAL_InitTick
 .text.HAL_IncTick
                0x000000000800370c       0x24 ./Drivers/STM32F1xx_HAL_Driver/Src/stm32f1xx_hal.o
                0x000000000800370c                HAL_IncTick
 .text.HAL_GetTick
                0x0000000008003730       0x14 ./Drivers/STM32F1xx_HAL_Driver/Src/stm32f1xx_hal.o
                0x0000000008003730                HAL_GetTick
 .text.HAL_Delay
                0x0000000008003744       0x48 ./Drivers/STM32F1xx_HAL_Driver/Src/stm32f1xx_hal.o
                0x0000000008003744                HAL_Delay
 .text.__NVIC_SetPriorityGrouping
                0x000000000800378c       0x48 ./Drivers/STM32F1xx_HAL_Driver/Src/stm32f1xx_hal_cortex.o
 .text.__NVIC_GetPriorityGrouping
                0x00000000080037d4       0x1c ./Drivers/STM32F1xx_HAL_Driver/Src/stm32f1xx_hal_cortex.o
 .text.__NVIC_EnableIRQ
                0x00000000080037f0       0x38 ./Drivers/STM32F1xx_HAL_Driver/Src/stm32f1xx_hal_cortex.o
 .text.__NVIC_SetPriority
                0x0000000008003828       0x54 ./Drivers/STM32F1xx_HAL_Driver/Src/stm32f1xx_hal_cortex.o
 .text.NVIC_EncodePriority
                0x000000000800387c       0x64 ./Drivers/STM32F1xx_HAL_Driver/Src/stm32f1xx_hal_cortex.o
 .text.SysTick_Config
                0x00000000080038e0       0x44 ./Drivers/STM32F1xx_HAL_Driver/Src/stm32f1xx_hal_cortex.o
 .text.HAL_NVIC_SetPriorityGrouping
                0x0000000008003924       0x16 ./Drivers/STM32F1xx_HAL_Driver/Src/stm32f1xx_hal_cortex.o
                0x0000000008003924                HAL_NVIC_SetPriorityGrouping
 .text.HAL_NVIC_SetPriority
                0x000000000800393a       0x38 ./Drivers/STM32F1xx_HAL_Driver/Src/stm32f1xx_hal_cortex.o
                0x000000000800393a                HAL_NVIC_SetPriority
 .text.HAL_NVIC_EnableIRQ
                0x0000000008003972       0x1c ./Drivers/STM32F1xx_HAL_Driver/Src/stm32f1xx_hal_cortex.o
                0x0000000008003972                HAL_NVIC_EnableIRQ
 .text.HAL_SYSTICK_Config
                0x000000000800398e       0x18 ./Drivers/STM32F1xx_HAL_Driver/Src/stm32f1xx_hal_cortex.o
                0x000000000800398e                HAL_SYSTICK_Config
 .text.HAL_DMA_Abort
                0x00000000080039a6       0x76 ./Drivers/STM32F1xx_HAL_Driver/Src/stm32f1xx_hal_dma.o
                0x00000000080039a6                HAL_DMA_Abort
 .text.HAL_DMA_Abort_IT
                0x0000000008003a1c       0xf0 ./Drivers/STM32F1xx_HAL_Driver/Src/stm32f1xx_hal_dma.o
                0x0000000008003a1c                HAL_DMA_Abort_IT
 .text.HAL_GPIO_Init
                0x0000000008003b0c      0x2f8 ./Drivers/STM32F1xx_HAL_Driver/Src/stm32f1xx_hal_gpio.o
                0x0000000008003b0c                HAL_GPIO_Init
 .text.HAL_GPIO_WritePin
                0x0000000008003e04       0x30 ./Drivers/STM32F1xx_HAL_Driver/Src/stm32f1xx_hal_gpio.o
                0x0000000008003e04                HAL_GPIO_WritePin
 .text.HAL_GPIO_TogglePin
                0x0000000008003e34       0x32 ./Drivers/STM32F1xx_HAL_Driver/Src/stm32f1xx_hal_gpio.o
                0x0000000008003e34                HAL_GPIO_TogglePin
 *fill*         0x0000000008003e66        0x2 
 .text.HAL_GPIO_EXTI_IRQHandler
                0x0000000008003e68       0x30 ./Drivers/STM32F1xx_HAL_Driver/Src/stm32f1xx_hal_gpio.o
                0x0000000008003e68                HAL_GPIO_EXTI_IRQHandler
 .text.HAL_RCC_OscConfig
                0x0000000008003e98      0x504 ./Drivers/STM32F1xx_HAL_Driver/Src/stm32f1xx_hal_rcc.o
                0x0000000008003e98                HAL_RCC_OscConfig
 .text.HAL_RCC_ClockConfig
                0x000000000800439c      0x1d4 ./Drivers/STM32F1xx_HAL_Driver/Src/stm32f1xx_hal_rcc.o
                0x000000000800439c                HAL_RCC_ClockConfig
 .text.HAL_RCC_EnableCSS
                0x0000000008004570       0x18 ./Drivers/STM32F1xx_HAL_Driver/Src/stm32f1xx_hal_rcc.o
                0x0000000008004570                HAL_RCC_EnableCSS
 .text.HAL_RCC_GetSysClockFreq
                0x0000000008004588       0xa8 ./Drivers/STM32F1xx_HAL_Driver/Src/stm32f1xx_hal_rcc.o
                0x0000000008004588                HAL_RCC_GetSysClockFreq
 .text.HAL_RCC_GetHCLKFreq
                0x0000000008004630       0x14 ./Drivers/STM32F1xx_HAL_Driver/Src/stm32f1xx_hal_rcc.o
                0x0000000008004630                HAL_RCC_GetHCLKFreq
 .text.HAL_RCC_GetPCLK1Freq
                0x0000000008004644       0x28 ./Drivers/STM32F1xx_HAL_Driver/Src/stm32f1xx_hal_rcc.o
                0x0000000008004644                HAL_RCC_GetPCLK1Freq
 .text.HAL_RCC_GetPCLK2Freq
                0x000000000800466c       0x28 ./Drivers/STM32F1xx_HAL_Driver/Src/stm32f1xx_hal_rcc.o
                0x000000000800466c                HAL_RCC_GetPCLK2Freq
 .text.RCC_Delay
                0x0000000008004694       0x3c ./Drivers/STM32F1xx_HAL_Driver/Src/stm32f1xx_hal_rcc.o
 .text.HAL_SPI_Init
                0x00000000080046d0      0x108 ./Drivers/STM32F1xx_HAL_Driver/Src/stm32f1xx_hal_spi.o
                0x00000000080046d0                HAL_SPI_Init
 .text.HAL_SPI_TransmitReceive
                0x00000000080047d8      0x360 ./Drivers/STM32F1xx_HAL_Driver/Src/stm32f1xx_hal_spi.o
                0x00000000080047d8                HAL_SPI_TransmitReceive
 .text.HAL_SPI_IRQHandler
                0x0000000008004b38      0x1bc ./Drivers/STM32F1xx_HAL_Driver/Src/stm32f1xx_hal_spi.o
                0x0000000008004b38                HAL_SPI_IRQHandler
 .text.HAL_SPI_ErrorCallback
                0x0000000008004cf4       0x12 ./Drivers/STM32F1xx_HAL_Driver/Src/stm32f1xx_hal_spi.o
                0x0000000008004cf4                HAL_SPI_ErrorCallback
 .text.SPI_DMAAbortOnError
                0x0000000008004d06       0x28 ./Drivers/STM32F1xx_HAL_Driver/Src/stm32f1xx_hal_spi.o
 *fill*         0x0000000008004d2e        0x2 
 .text.SPI_WaitFlagStateUntilTimeout
                0x0000000008004d30      0x110 ./Drivers/STM32F1xx_HAL_Driver/Src/stm32f1xx_hal_spi.o
 .text.SPI_EndRxTxTransaction
                0x0000000008004e40       0x3c ./Drivers/STM32F1xx_HAL_Driver/Src/stm32f1xx_hal_spi.o
 .text.HAL_TIM_Base_Init
                0x0000000008004e7c       0x9e ./Drivers/STM32F1xx_HAL_Driver/Src/stm32f1xx_hal_tim.o
                0x0000000008004e7c                HAL_TIM_Base_Init
 .text.HAL_TIM_Base_MspInit
                0x0000000008004f1a       0x12 ./Drivers/STM32F1xx_HAL_Driver/Src/stm32f1xx_hal_tim.o
                0x0000000008004f1a                HAL_TIM_Base_MspInit
 .text.HAL_TIM_Base_Start_IT
                0x0000000008004f2c       0x98 ./Drivers/STM32F1xx_HAL_Driver/Src/stm32f1xx_hal_tim.o
                0x0000000008004f2c                HAL_TIM_Base_Start_IT
 .text.HAL_TIM_Base_Stop_IT
                0x0000000008004fc4       0x5c ./Drivers/STM32F1xx_HAL_Driver/Src/stm32f1xx_hal_tim.o
                0x0000000008004fc4                HAL_TIM_Base_Stop_IT
 .text.HAL_TIM_PWM_Init
                0x0000000008005020       0x9e ./Drivers/STM32F1xx_HAL_Driver/Src/stm32f1xx_hal_tim.o
                0x0000000008005020                HAL_TIM_PWM_Init
 *fill*         0x00000000080050be        0x2 
 .text.HAL_TIM_PWM_Start
                0x00000000080050c0      0x138 ./Drivers/STM32F1xx_HAL_Driver/Src/stm32f1xx_hal_tim.o
                0x00000000080050c0                HAL_TIM_PWM_Start
 .text.HAL_TIM_PWM_Stop
                0x00000000080051f8       0xc8 ./Drivers/STM32F1xx_HAL_Driver/Src/stm32f1xx_hal_tim.o
                0x00000000080051f8                HAL_TIM_PWM_Stop
 .text.HAL_TIM_IRQHandler
                0x00000000080052c0      0x210 ./Drivers/STM32F1xx_HAL_Driver/Src/stm32f1xx_hal_tim.o
                0x00000000080052c0                HAL_TIM_IRQHandler
 .text.HAL_TIM_PWM_ConfigChannel
                0x00000000080054d0      0x184 ./Drivers/STM32F1xx_HAL_Driver/Src/stm32f1xx_hal_tim.o
                0x00000000080054d0                HAL_TIM_PWM_ConfigChannel
 .text.HAL_TIM_OC_DelayElapsedCallback
                0x0000000008005654       0x12 ./Drivers/STM32F1xx_HAL_Driver/Src/stm32f1xx_hal_tim.o
                0x0000000008005654                HAL_TIM_OC_DelayElapsedCallback
 .text.HAL_TIM_IC_CaptureCallback
                0x0000000008005666       0x12 ./Drivers/STM32F1xx_HAL_Driver/Src/stm32f1xx_hal_tim.o
                0x0000000008005666                HAL_TIM_IC_CaptureCallback
 .text.HAL_TIM_PWM_PulseFinishedCallback
                0x0000000008005678       0x12 ./Drivers/STM32F1xx_HAL_Driver/Src/stm32f1xx_hal_tim.o
                0x0000000008005678                HAL_TIM_PWM_PulseFinishedCallback
 .text.HAL_TIM_TriggerCallback
                0x000000000800568a       0x12 ./Drivers/STM32F1xx_HAL_Driver/Src/stm32f1xx_hal_tim.o
                0x000000000800568a                HAL_TIM_TriggerCallback
 .text.TIM_Base_SetConfig
                0x000000000800569c       0xb0 ./Drivers/STM32F1xx_HAL_Driver/Src/stm32f1xx_hal_tim.o
                0x000000000800569c                TIM_Base_SetConfig
 .text.TIM_OC1_SetConfig
                0x000000000800574c       0xcc ./Drivers/STM32F1xx_HAL_Driver/Src/stm32f1xx_hal_tim.o
 .text.TIM_OC2_SetConfig
                0x0000000008005818       0xd4 ./Drivers/STM32F1xx_HAL_Driver/Src/stm32f1xx_hal_tim.o
                0x0000000008005818                TIM_OC2_SetConfig
 .text.TIM_OC3_SetConfig
                0x00000000080058ec       0xd4 ./Drivers/STM32F1xx_HAL_Driver/Src/stm32f1xx_hal_tim.o
 .text.TIM_OC4_SetConfig
                0x00000000080059c0       0x9c ./Drivers/STM32F1xx_HAL_Driver/Src/stm32f1xx_hal_tim.o
 .text.TIM_CCxChannelCmd
                0x0000000008005a5c       0x48 ./Drivers/STM32F1xx_HAL_Driver/Src/stm32f1xx_hal_tim.o
                0x0000000008005a5c                TIM_CCxChannelCmd
 .text.HAL_TIMEx_MasterConfigSynchronization
                0x0000000008005aa4       0xb0 ./Drivers/STM32F1xx_HAL_Driver/Src/stm32f1xx_hal_tim_ex.o
                0x0000000008005aa4                HAL_TIMEx_MasterConfigSynchronization
 .text.HAL_TIMEx_ConfigBreakDeadTime
                0x0000000008005b54       0xa2 ./Drivers/STM32F1xx_HAL_Driver/Src/stm32f1xx_hal_tim_ex.o
                0x0000000008005b54                HAL_TIMEx_ConfigBreakDeadTime
 .text.HAL_TIMEx_CommutCallback
                0x0000000008005bf6       0x12 ./Drivers/STM32F1xx_HAL_Driver/Src/stm32f1xx_hal_tim_ex.o
                0x0000000008005bf6                HAL_TIMEx_CommutCallback
 .text.HAL_TIMEx_BreakCallback
                0x0000000008005c08       0x12 ./Drivers/STM32F1xx_HAL_Driver/Src/stm32f1xx_hal_tim_ex.o
                0x0000000008005c08                HAL_TIMEx_BreakCallback
 .text.HAL_UART_Init
                0x0000000008005c1a       0xa0 ./Drivers/STM32F1xx_HAL_Driver/Src/stm32f1xx_hal_uart.o
                0x0000000008005c1a                HAL_UART_Init
 .text.HAL_HalfDuplex_Init
                0x0000000008005cba       0xb0 ./Drivers/STM32F1xx_HAL_Driver/Src/stm32f1xx_hal_uart.o
                0x0000000008005cba                HAL_HalfDuplex_Init
 .text.HAL_UART_Transmit
                0x0000000008005d6a      0x106 ./Drivers/STM32F1xx_HAL_Driver/Src/stm32f1xx_hal_uart.o
                0x0000000008005d6a                HAL_UART_Transmit
 .text.HAL_UART_Receive_IT
                0x0000000008005e70       0x4a ./Drivers/STM32F1xx_HAL_Driver/Src/stm32f1xx_hal_uart.o
                0x0000000008005e70                HAL_UART_Receive_IT
 *fill*         0x0000000008005eba        0x2 
 .text.HAL_UART_IRQHandler
                0x0000000008005ebc      0x524 ./Drivers/STM32F1xx_HAL_Driver/Src/stm32f1xx_hal_uart.o
                0x0000000008005ebc                HAL_UART_IRQHandler
 .text.HAL_UART_TxCpltCallback
                0x00000000080063e0       0x12 ./Drivers/STM32F1xx_HAL_Driver/Src/stm32f1xx_hal_uart.o
                0x00000000080063e0                HAL_UART_TxCpltCallback
 .text.HAL_UART_ErrorCallback
                0x00000000080063f2       0x12 ./Drivers/STM32F1xx_HAL_Driver/Src/stm32f1xx_hal_uart.o
                0x00000000080063f2                HAL_UART_ErrorCallback
 .text.HAL_UARTEx_RxEventCallback
                0x0000000008006404       0x16 ./Drivers/STM32F1xx_HAL_Driver/Src/stm32f1xx_hal_uart.o
                0x0000000008006404                HAL_UARTEx_RxEventCallback
 .text.HAL_HalfDuplex_EnableTransmitter
                0x000000000800641a       0x66 ./Drivers/STM32F1xx_HAL_Driver/Src/stm32f1xx_hal_uart.o
                0x000000000800641a                HAL_HalfDuplex_EnableTransmitter
 .text.UART_WaitOnFlagUntilTimeout
                0x0000000008006480       0xdc ./Drivers/STM32F1xx_HAL_Driver/Src/stm32f1xx_hal_uart.o
 .text.UART_Start_Receive_IT
                0x000000000800655c       0x72 ./Drivers/STM32F1xx_HAL_Driver/Src/stm32f1xx_hal_uart.o
                0x000000000800655c                UART_Start_Receive_IT
 .text.UART_EndRxTransfer
                0x00000000080065ce       0xc4 ./Drivers/STM32F1xx_HAL_Driver/Src/stm32f1xx_hal_uart.o
 .text.UART_DMAAbortOnError
                0x0000000008006692       0x28 ./Drivers/STM32F1xx_HAL_Driver/Src/stm32f1xx_hal_uart.o
 .text.UART_Transmit_IT
                0x00000000080066ba       0x9e ./Drivers/STM32F1xx_HAL_Driver/Src/stm32f1xx_hal_uart.o
 .text.UART_EndTransmit_IT
                0x0000000008006758       0x30 ./Drivers/STM32F1xx_HAL_Driver/Src/stm32f1xx_hal_uart.o
 .text.UART_Receive_IT
                0x0000000008006788      0x17c ./Drivers/STM32F1xx_HAL_Driver/Src/stm32f1xx_hal_uart.o
 .text.UART_SetConfig
                0x0000000008006904      0x11c ./Drivers/STM32F1xx_HAL_Driver/Src/stm32f1xx_hal_uart.o
 .text.ceilf    0x0000000008006a20       0x80 /opt/st/stm32cubeide_1.13.2/plugins/com.st.stm32cube.ide.mcu.externaltools.gnu-tools-for-stm32.11.3.rel1.linux64_1.1.1.202309131626/tools/bin/../lib/gcc/arm-none-eabi/11.3.1/../../../../arm-none-eabi/lib/thumb/v7-m/nofp/libm.a(libm_a-sf_ceil.o)
                0x0000000008006a20                ceilf
 .text.memset   0x0000000008006aa0       0x10 /opt/st/stm32cubeide_1.13.2/plugins/com.st.stm32cube.ide.mcu.externaltools.gnu-tools-for-stm32.11.3.rel1.linux64_1.1.1.202309131626/tools/bin/../lib/gcc/arm-none-eabi/11.3.1/../../../../arm-none-eabi/lib/thumb/v7-m/nofp/libc_nano.a(libc_a-memset.o)
                0x0000000008006aa0                memset
 .text.__libc_init_array
                0x0000000008006ab0       0x48 /opt/st/stm32cubeide_1.13.2/plugins/com.st.stm32cube.ide.mcu.externaltools.gnu-tools-for-stm32.11.3.rel1.linux64_1.1.1.202309131626/tools/bin/../lib/gcc/arm-none-eabi/11.3.1/../../../../arm-none-eabi/lib/thumb/v7-m/nofp/libc_nano.a(libc_a-init.o)
                0x0000000008006ab0                __libc_init_array
 *(.glue_7)
 .glue_7        0x0000000008006af8        0x0 linker stubs
 *(.glue_7t)
 .glue_7t       0x0000000008006af8        0x0 linker stubs
 *(.eh_frame)
 .eh_frame      0x0000000008006af8        0x0 /opt/st/stm32cubeide_1.13.2/plugins/com.st.stm32cube.ide.mcu.externaltools.gnu-tools-for-stm32.11.3.rel1.linux64_1.1.1.202309131626/tools/bin/../lib/gcc/arm-none-eabi/11.3.1/thumb/v7-m/nofp/crtbegin.o
 *(.init)
 .init          0x0000000008006af8        0x4 /opt/st/stm32cubeide_1.13.2/plugins/com.st.stm32cube.ide.mcu.externaltools.gnu-tools-for-stm32.11.3.rel1.linux64_1.1.1.202309131626/tools/bin/../lib/gcc/arm-none-eabi/11.3.1/thumb/v7-m/nofp/crti.o
                0x0000000008006af8                _init
 .init          0x0000000008006afc        0x8 /opt/st/stm32cubeide_1.13.2/plugins/com.st.stm32cube.ide.mcu.externaltools.gnu-tools-for-stm32.11.3.rel1.linux64_1.1.1.202309131626/tools/bin/../lib/gcc/arm-none-eabi/11.3.1/thumb/v7-m/nofp/crtn.o
 *(.fini)
 .fini          0x0000000008006b04        0x4 /opt/st/stm32cubeide_1.13.2/plugins/com.st.stm32cube.ide.mcu.externaltools.gnu-tools-for-stm32.11.3.rel1.linux64_1.1.1.202309131626/tools/bin/../lib/gcc/arm-none-eabi/11.3.1/thumb/v7-m/nofp/crti.o
                0x0000000008006b04                _fini
 .fini          0x0000000008006b08        0x8 /opt/st/stm32cubeide_1.13.2/plugins/com.st.stm32cube.ide.mcu.externaltools.gnu-tools-for-stm32.11.3.rel1.linux64_1.1.1.202309131626/tools/bin/../lib/gcc/arm-none-eabi/11.3.1/thumb/v7-m/nofp/crtn.o
                0x0000000008006b10                . = ALIGN (0x4)
                0x0000000008006b10                _etext = .

.vfp11_veneer   0x0000000008006b10        0x0
 .vfp11_veneer  0x0000000008006b10        0x0 linker stubs

.v4_bx          0x0000000008006b10        0x0
 .v4_bx         0x0000000008006b10        0x0 linker stubs

.iplt           0x0000000008006b10        0x0
 .iplt          0x0000000008006b10        0x0 /opt/st/stm32cubeide_1.13.2/plugins/com.st.stm32cube.ide.mcu.externaltools.gnu-tools-for-stm32.11.3.rel1.linux64_1.1.1.202309131626/tools/bin/../lib/gcc/arm-none-eabi/11.3.1/thumb/v7-m/nofp/crtbegin.o

.rodata         0x0000000008006b10       0x2c
                0x0000000008006b10                . = ALIGN (0x4)
 *(.rodata)
 *(.rodata*)
 .rodata.AHBPrescTable
                0x0000000008006b10       0x10 ./Core/Src/system_stm32f1xx.o
                0x0000000008006b10                AHBPrescTable
 .rodata.APBPrescTable
                0x0000000008006b20        0x8 ./Core/Src/system_stm32f1xx.o
                0x0000000008006b20                APBPrescTable
 .rodata.aPLLMULFactorTable.1
                0x0000000008006b28       0x10 ./Drivers/STM32F1xx_HAL_Driver/Src/stm32f1xx_hal_rcc.o
 .rodata.aPredivFactorTable.0
                0x0000000008006b38        0x2 ./Drivers/STM32F1xx_HAL_Driver/Src/stm32f1xx_hal_rcc.o
                0x0000000008006b3c                . = ALIGN (0x4)
 *fill*         0x0000000008006b3a        0x2 

.rel.dyn        0x0000000008006b3c        0x0
 .rel.iplt      0x0000000008006b3c        0x0 /opt/st/stm32cubeide_1.13.2/plugins/com.st.stm32cube.ide.mcu.externaltools.gnu-tools-for-stm32.11.3.rel1.linux64_1.1.1.202309131626/tools/bin/../lib/gcc/arm-none-eabi/11.3.1/thumb/v7-m/nofp/crtbegin.o

.ARM.extab      0x0000000008006b3c        0x0
                0x0000000008006b3c                . = ALIGN (0x4)
 *(.ARM.extab* .gnu.linkonce.armextab.*)
                0x0000000008006b3c                . = ALIGN (0x4)

.ARM            0x0000000008006b3c        0x0
                0x0000000008006b3c                . = ALIGN (0x4)
                0x0000000008006b3c                __exidx_start = .
 *(.ARM.exidx*)
                0x0000000008006b3c                __exidx_end = .
                0x0000000008006b3c                . = ALIGN (0x4)

.preinit_array  0x0000000008006b3c        0x0
                0x0000000008006b3c                . = ALIGN (0x4)
                0x0000000008006b3c                PROVIDE (__preinit_array_start = .)
 *(.preinit_array*)
                0x0000000008006b3c                PROVIDE (__preinit_array_end = .)
                0x0000000008006b3c                . = ALIGN (0x4)

.init_array     0x0000000008006b3c        0x8
                0x0000000008006b3c                . = ALIGN (0x4)
                0x0000000008006b3c                PROVIDE (__init_array_start = .)
 *(SORT_BY_NAME(.init_array.*))
 *(.init_array*)
 .init_array    0x0000000008006b3c        0x4 /opt/st/stm32cubeide_1.13.2/plugins/com.st.stm32cube.ide.mcu.externaltools.gnu-tools-for-stm32.11.3.rel1.linux64_1.1.1.202309131626/tools/bin/../lib/gcc/arm-none-eabi/11.3.1/thumb/v7-m/nofp/crtbegin.o
 .init_array    0x0000000008006b40        0x4 ./Core/Src/main.o
                0x0000000008006b44                PROVIDE (__init_array_end = .)
                0x0000000008006b44                . = ALIGN (0x4)

.fini_array     0x0000000008006b44        0x4
                0x0000000008006b44                . = ALIGN (0x4)
                [!provide]                        PROVIDE (__fini_array_start = .)
 *(SORT_BY_NAME(.fini_array.*))
 *(.fini_array*)
 .fini_array    0x0000000008006b44        0x4 /opt/st/stm32cubeide_1.13.2/plugins/com.st.stm32cube.ide.mcu.externaltools.gnu-tools-for-stm32.11.3.rel1.linux64_1.1.1.202309131626/tools/bin/../lib/gcc/arm-none-eabi/11.3.1/thumb/v7-m/nofp/crtbegin.o
                [!provide]                        PROVIDE (__fini_array_end = .)
                0x0000000008006b48                . = ALIGN (0x4)
                0x0000000008006b48                _sidata = LOADADDR (.data)

.data           0x0000000020000000       0x10 load address 0x0000000008006b48
                0x0000000020000000                . = ALIGN (0x4)
                0x0000000020000000                _sdata = .
 *(.data)
 *(.data*)
 .data.allowMove
                0x0000000020000000        0x1 ./Core/Src/main.o
                0x0000000020000000                allowMove
 .data.gripperMoveFinished
                0x0000000020000001        0x1 ./Core/Src/main.o
                0x0000000020000001                gripperMoveFinished
 *fill*         0x0000000020000002        0x2 
 .data.SystemCoreClock
                0x0000000020000004        0x4 ./Core/Src/system_stm32f1xx.o
                0x0000000020000004                SystemCoreClock
 .data.uwTickPrio
                0x0000000020000008        0x4 ./Drivers/STM32F1xx_HAL_Driver/Src/stm32f1xx_hal.o
                0x0000000020000008                uwTickPrio
 .data.uwTickFreq
                0x000000002000000c        0x1 ./Drivers/STM32F1xx_HAL_Driver/Src/stm32f1xx_hal.o
                0x000000002000000c                uwTickFreq
 *(.RamFunc)
 *(.RamFunc*)
                0x0000000020000010                . = ALIGN (0x4)
 *fill*         0x000000002000000d        0x3 
                0x0000000020000010                _edata = .

.igot.plt       0x0000000020000010        0x0 load address 0x0000000008006b58
 .igot.plt      0x0000000020000010        0x0 /opt/st/stm32cubeide_1.13.2/plugins/com.st.stm32cube.ide.mcu.externaltools.gnu-tools-for-stm32.11.3.rel1.linux64_1.1.1.202309131626/tools/bin/../lib/gcc/arm-none-eabi/11.3.1/thumb/v7-m/nofp/crtbegin.o
                0x0000000020000010                . = ALIGN (0x4)

.bss            0x0000000020000010      0x354 load address 0x0000000008006b58
                0x0000000020000010                _sbss = .
                0x0000000020000010                __bss_start__ = _sbss
 *(.bss)
 .bss           0x0000000020000010       0x1c /opt/st/stm32cubeide_1.13.2/plugins/com.st.stm32cube.ide.mcu.externaltools.gnu-tools-for-stm32.11.3.rel1.linux64_1.1.1.202309131626/tools/bin/../lib/gcc/arm-none-eabi/11.3.1/thumb/v7-m/nofp/crtbegin.o
 *(.bss*)
 .bss.hspi1     0x000000002000002c       0x58 ./Core/Src/main.o
                0x000000002000002c                hspi1
 .bss.htim1     0x0000000020000084       0x48 ./Core/Src/main.o
                0x0000000020000084                htim1
 .bss.htim2     0x00000000200000cc       0x48 ./Core/Src/main.o
                0x00000000200000cc                htim2
 .bss.htim3     0x0000000020000114       0x48 ./Core/Src/main.o
                0x0000000020000114                htim3
 .bss.huart1    0x000000002000015c       0x48 ./Core/Src/main.o
                0x000000002000015c                huart1
 .bss.huart2    0x00000000200001a4       0x48 ./Core/Src/main.o
                0x00000000200001a4                huart2
 .bss.rx_buffer
                0x00000000200001ec        0xc ./Core/Src/main.o
                0x00000000200001ec                rx_buffer
 .bss.startFirstMove
                0x00000000200001f8        0x1 ./Core/Src/main.o
                0x00000000200001f8                startFirstMove
 .bss.sendDataFlag
                0x00000000200001f9        0x1 ./Core/Src/main.o
                0x00000000200001f9                sendDataFlag
 .bss.stopHand  0x00000000200001fa        0x1 ./Core/Src/main.o
                0x00000000200001fa                stopHand
 .bss.setZeroFlag
                0x00000000200001fb        0x1 ./Core/Src/main.o
                0x00000000200001fb                setZeroFlag
 .bss.timerFT1  0x00000000200001fc        0x1 ./Core/Src/main.o
                0x00000000200001fc                timerFT1
 .bss.timerFT2  0x00000000200001fd        0x1 ./Core/Src/main.o
                0x00000000200001fd                timerFT2
 *fill*         0x00000000200001fe        0x2 
 .bss.un_get    0x0000000020000200        0xc ./Core/Src/main.o
                0x0000000020000200                un_get
 .bss.un_send   0x000000002000020c        0xc ./Core/Src/main.o
                0x000000002000020c                un_send
 .bss.un_to     0x0000000020000218        0xc ./Core/Src/main.o
                0x0000000020000218                un_to
 .bss.un_now    0x0000000020000224        0xc ./Core/Src/main.o
                0x0000000020000224                un_now
 .bss.cntImpulse1
                0x0000000020000230        0x4 ./Core/Src/main.o
                0x0000000020000230                cntImpulse1
 .bss.cntImpulse2
                0x0000000020000234        0x4 ./Core/Src/main.o
                0x0000000020000234                cntImpulse2
 .bss.cntImpulse3
                0x0000000020000238        0x4 ./Core/Src/main.o
                0x0000000020000238                cntImpulse3
 .bss.arm       0x000000002000023c      0x124 ./Core/Src/main.o
                0x000000002000023c                arm
 .bss.uwTick    0x0000000020000360        0x4 ./Drivers/STM32F1xx_HAL_Driver/Src/stm32f1xx_hal.o
                0x0000000020000360                uwTick
 *(COMMON)
                0x0000000020000364                . = ALIGN (0x4)
                0x0000000020000364                _ebss = .
                0x0000000020000364                __bss_end__ = _ebss

._user_heap_stack
                0x0000000020000364      0x604 load address 0x0000000008006b58
                0x0000000020000368                . = ALIGN (0x8)
 *fill*         0x0000000020000364        0x4 
                [!provide]                        PROVIDE (end = .)
                0x0000000020000368                PROVIDE (_end = .)
                0x0000000020000568                . = (. + _Min_Heap_Size)
 *fill*         0x0000000020000368      0x200 
                0x0000000020000968                . = (. + _Min_Stack_Size)
 *fill*         0x0000000020000568      0x400 
                0x0000000020000968                . = ALIGN (0x8)

/DISCARD/
 libc.a(*)
 libm.a(*)
 libgcc.a(*)

.ARM.attributes
                0x0000000000000000       0x29
 *(.ARM.attributes)
 .ARM.attributes
                0x0000000000000000       0x1d /opt/st/stm32cubeide_1.13.2/plugins/com.st.stm32cube.ide.mcu.externaltools.gnu-tools-for-stm32.11.3.rel1.linux64_1.1.1.202309131626/tools/bin/../lib/gcc/arm-none-eabi/11.3.1/thumb/v7-m/nofp/crti.o
 .ARM.attributes
                0x000000000000001d       0x2d /opt/st/stm32cubeide_1.13.2/plugins/com.st.stm32cube.ide.mcu.externaltools.gnu-tools-for-stm32.11.3.rel1.linux64_1.1.1.202309131626/tools/bin/../lib/gcc/arm-none-eabi/11.3.1/thumb/v7-m/nofp/crtbegin.o
 .ARM.attributes
                0x000000000000004a       0x2d ./Core/Src/AMT22.o
 .ARM.attributes
                0x0000000000000077       0x2d ./Core/Src/DWT_Delay.o
 .ARM.attributes
                0x00000000000000a4       0x2d ./Core/Src/RoboArm.o
 .ARM.attributes
                0x00000000000000d1       0x2d ./Core/Src/TMC2209.o
 .ARM.attributes
                0x00000000000000fe       0x2d ./Core/Src/main.o
 .ARM.attributes
                0x000000000000012b       0x2d ./Core/Src/stm32f1xx_hal_msp.o
 .ARM.attributes
                0x0000000000000158       0x2d ./Core/Src/stm32f1xx_it.o
 .ARM.attributes
                0x0000000000000185       0x2d ./Core/Src/system_stm32f1xx.o
 .ARM.attributes
                0x00000000000001b2       0x21 ./Core/Startup/startup_stm32f103c6tx.o
 .ARM.attributes
                0x00000000000001d3       0x2d ./Drivers/STM32F1xx_HAL_Driver/Src/stm32f1xx_hal.o
 .ARM.attributes
                0x0000000000000200       0x2d ./Drivers/STM32F1xx_HAL_Driver/Src/stm32f1xx_hal_cortex.o
 .ARM.attributes
                0x000000000000022d       0x2d ./Drivers/STM32F1xx_HAL_Driver/Src/stm32f1xx_hal_dma.o
 .ARM.attributes
                0x000000000000025a       0x2d ./Drivers/STM32F1xx_HAL_Driver/Src/stm32f1xx_hal_gpio.o
 .ARM.attributes
                0x0000000000000287       0x2d ./Drivers/STM32F1xx_HAL_Driver/Src/stm32f1xx_hal_rcc.o
 .ARM.attributes
                0x00000000000002b4       0x2d ./Drivers/STM32F1xx_HAL_Driver/Src/stm32f1xx_hal_spi.o
 .ARM.attributes
                0x00000000000002e1       0x2d ./Drivers/STM32F1xx_HAL_Driver/Src/stm32f1xx_hal_tim.o
 .ARM.attributes
                0x000000000000030e       0x2d ./Drivers/STM32F1xx_HAL_Driver/Src/stm32f1xx_hal_tim_ex.o
 .ARM.attributes
                0x000000000000033b       0x2d ./Drivers/STM32F1xx_HAL_Driver/Src/stm32f1xx_hal_uart.o
 .ARM.attributes
                0x0000000000000368       0x2d /opt/st/stm32cubeide_1.13.2/plugins/com.st.stm32cube.ide.mcu.externaltools.gnu-tools-for-stm32.11.3.rel1.linux64_1.1.1.202309131626/tools/bin/../lib/gcc/arm-none-eabi/11.3.1/../../../../arm-none-eabi/lib/thumb/v7-m/nofp/libm.a(libm_a-sf_ceil.o)
 .ARM.attributes
                0x0000000000000395       0x2d /opt/st/stm32cubeide_1.13.2/plugins/com.st.stm32cube.ide.mcu.externaltools.gnu-tools-for-stm32.11.3.rel1.linux64_1.1.1.202309131626/tools/bin/../lib/gcc/arm-none-eabi/11.3.1/../../../../arm-none-eabi/lib/thumb/v7-m/nofp/libc_nano.a(libc_a-memset.o)
 .ARM.attributes
                0x00000000000003c2       0x2d /opt/st/stm32cubeide_1.13.2/plugins/com.st.stm32cube.ide.mcu.externaltools.gnu-tools-for-stm32.11.3.rel1.linux64_1.1.1.202309131626/tools/bin/../lib/gcc/arm-none-eabi/11.3.1/../../../../arm-none-eabi/lib/thumb/v7-m/nofp/libc_nano.a(libc_a-init.o)
 .ARM.attributes
                0x00000000000003ef       0x1d /opt/st/stm32cubeide_1.13.2/plugins/com.st.stm32cube.ide.mcu.externaltools.gnu-tools-for-stm32.11.3.rel1.linux64_1.1.1.202309131626/tools/bin/../lib/gcc/arm-none-eabi/11.3.1/thumb/v7-m/nofp/libgcc.a(_arm_addsubdf3.o)
 .ARM.attributes
                0x000000000000040c       0x1d /opt/st/stm32cubeide_1.13.2/plugins/com.st.stm32cube.ide.mcu.externaltools.gnu-tools-for-stm32.11.3.rel1.linux64_1.1.1.202309131626/tools/bin/../lib/gcc/arm-none-eabi/11.3.1/thumb/v7-m/nofp/libgcc.a(_arm_muldivdf3.o)
 .ARM.attributes
                0x0000000000000429       0x1d /opt/st/stm32cubeide_1.13.2/plugins/com.st.stm32cube.ide.mcu.externaltools.gnu-tools-for-stm32.11.3.rel1.linux64_1.1.1.202309131626/tools/bin/../lib/gcc/arm-none-eabi/11.3.1/thumb/v7-m/nofp/libgcc.a(_arm_cmpdf2.o)
 .ARM.attributes
                0x0000000000000446       0x1d /opt/st/stm32cubeide_1.13.2/plugins/com.st.stm32cube.ide.mcu.externaltools.gnu-tools-for-stm32.11.3.rel1.linux64_1.1.1.202309131626/tools/bin/../lib/gcc/arm-none-eabi/11.3.1/thumb/v7-m/nofp/libgcc.a(_arm_truncdfsf2.o)
 .ARM.attributes
                0x0000000000000463       0x1d /opt/st/stm32cubeide_1.13.2/plugins/com.st.stm32cube.ide.mcu.externaltools.gnu-tools-for-stm32.11.3.rel1.linux64_1.1.1.202309131626/tools/bin/../lib/gcc/arm-none-eabi/11.3.1/thumb/v7-m/nofp/libgcc.a(_arm_addsubsf3.o)
 .ARM.attributes
                0x0000000000000480       0x1d /opt/st/stm32cubeide_1.13.2/plugins/com.st.stm32cube.ide.mcu.externaltools.gnu-tools-for-stm32.11.3.rel1.linux64_1.1.1.202309131626/tools/bin/../lib/gcc/arm-none-eabi/11.3.1/thumb/v7-m/nofp/libgcc.a(_arm_muldivsf3.o)
 .ARM.attributes
                0x000000000000049d       0x1d /opt/st/stm32cubeide_1.13.2/plugins/com.st.stm32cube.ide.mcu.externaltools.gnu-tools-for-stm32.11.3.rel1.linux64_1.1.1.202309131626/tools/bin/../lib/gcc/arm-none-eabi/11.3.1/thumb/v7-m/nofp/libgcc.a(_arm_cmpsf2.o)
 .ARM.attributes
                0x00000000000004ba       0x1d /opt/st/stm32cubeide_1.13.2/plugins/com.st.stm32cube.ide.mcu.externaltools.gnu-tools-for-stm32.11.3.rel1.linux64_1.1.1.202309131626/tools/bin/../lib/gcc/arm-none-eabi/11.3.1/thumb/v7-m/nofp/libgcc.a(_arm_fixunssfsi.o)
 .ARM.attributes
                0x00000000000004d7       0x1d /opt/st/stm32cubeide_1.13.2/plugins/com.st.stm32cube.ide.mcu.externaltools.gnu-tools-for-stm32.11.3.rel1.linux64_1.1.1.202309131626/tools/bin/../lib/gcc/arm-none-eabi/11.3.1/thumb/v7-m/nofp/crtn.o
OUTPUT(2moto1enco_c6t6a.elf elf32-littlearm)
LOAD linker stubs
LOAD /opt/st/stm32cubeide_1.13.2/plugins/com.st.stm32cube.ide.mcu.externaltools.gnu-tools-for-stm32.11.3.rel1.linux64_1.1.1.202309131626/tools/bin/../lib/gcc/arm-none-eabi/11.3.1/../../../../arm-none-eabi/lib/thumb/v7-m/nofp/libc.a
LOAD /opt/st/stm32cubeide_1.13.2/plugins/com.st.stm32cube.ide.mcu.externaltools.gnu-tools-for-stm32.11.3.rel1.linux64_1.1.1.202309131626/tools/bin/../lib/gcc/arm-none-eabi/11.3.1/../../../../arm-none-eabi/lib/thumb/v7-m/nofp/libm.a
LOAD /opt/st/stm32cubeide_1.13.2/plugins/com.st.stm32cube.ide.mcu.externaltools.gnu-tools-for-stm32.11.3.rel1.linux64_1.1.1.202309131626/tools/bin/../lib/gcc/arm-none-eabi/11.3.1/thumb/v7-m/nofp/libgcc.a

.comment        0x0000000000000000       0x43
 .comment       0x0000000000000000       0x43 /opt/st/stm32cubeide_1.13.2/plugins/com.st.stm32cube.ide.mcu.externaltools.gnu-tools-for-stm32.11.3.rel1.linux64_1.1.1.202309131626/tools/bin/../lib/gcc/arm-none-eabi/11.3.1/thumb/v7-m/nofp/crtbegin.o
                                         0x44 (size before relaxing)
 .comment       0x0000000000000043       0x44 ./Core/Src/AMT22.o
 .comment       0x0000000000000043       0x44 ./Core/Src/DWT_Delay.o
 .comment       0x0000000000000043       0x44 ./Core/Src/RoboArm.o
 .comment       0x0000000000000043       0x44 ./Core/Src/TMC2209.o
 .comment       0x0000000000000043       0x44 ./Core/Src/main.o
 .comment       0x0000000000000043       0x44 ./Core/Src/stm32f1xx_hal_msp.o
 .comment       0x0000000000000043       0x44 ./Core/Src/stm32f1xx_it.o
 .comment       0x0000000000000043       0x44 ./Core/Src/system_stm32f1xx.o
 .comment       0x0000000000000043       0x44 ./Drivers/STM32F1xx_HAL_Driver/Src/stm32f1xx_hal.o
 .comment       0x0000000000000043       0x44 ./Drivers/STM32F1xx_HAL_Driver/Src/stm32f1xx_hal_cortex.o
 .comment       0x0000000000000043       0x44 ./Drivers/STM32F1xx_HAL_Driver/Src/stm32f1xx_hal_dma.o
 .comment       0x0000000000000043       0x44 ./Drivers/STM32F1xx_HAL_Driver/Src/stm32f1xx_hal_gpio.o
 .comment       0x0000000000000043       0x44 ./Drivers/STM32F1xx_HAL_Driver/Src/stm32f1xx_hal_rcc.o
 .comment       0x0000000000000043       0x44 ./Drivers/STM32F1xx_HAL_Driver/Src/stm32f1xx_hal_spi.o
 .comment       0x0000000000000043       0x44 ./Drivers/STM32F1xx_HAL_Driver/Src/stm32f1xx_hal_tim.o
 .comment       0x0000000000000043       0x44 ./Drivers/STM32F1xx_HAL_Driver/Src/stm32f1xx_hal_tim_ex.o
 .comment       0x0000000000000043       0x44 ./Drivers/STM32F1xx_HAL_Driver/Src/stm32f1xx_hal_uart.o

.debug_info     0x0000000000000000    0x17b79
 .debug_info    0x0000000000000000      0x8bb ./Core/Src/AMT22.o
 .debug_info    0x00000000000008bb      0x2b1 ./Core/Src/DWT_Delay.o
 .debug_info    0x0000000000000b6c     0x3c08 ./Core/Src/RoboArm.o
 .debug_info    0x0000000000004774     0x2c2a ./Core/Src/TMC2209.o
 .debug_info    0x000000000000739e     0x3fb8 ./Core/Src/main.o
 .debug_info    0x000000000000b356     0x112d ./Core/Src/stm32f1xx_hal_msp.o
 .debug_info    0x000000000000c483      0xc8f ./Core/Src/stm32f1xx_it.o
 .debug_info    0x000000000000d112      0x222 ./Core/Src/system_stm32f1xx.o
 .debug_info    0x000000000000d334       0x23 ./Core/Startup/startup_stm32f103c6tx.o
 .debug_info    0x000000000000d357      0x6e6 ./Drivers/STM32F1xx_HAL_Driver/Src/stm32f1xx_hal.o
 .debug_info    0x000000000000da3d      0xa69 ./Drivers/STM32F1xx_HAL_Driver/Src/stm32f1xx_hal_cortex.o
 .debug_info    0x000000000000e4a6      0x6d2 ./Drivers/STM32F1xx_HAL_Driver/Src/stm32f1xx_hal_dma.o
 .debug_info    0x000000000000eb78      0x5ab ./Drivers/STM32F1xx_HAL_Driver/Src/stm32f1xx_hal_gpio.o
 .debug_info    0x000000000000f123      0x7d5 ./Drivers/STM32F1xx_HAL_Driver/Src/stm32f1xx_hal_rcc.o
 .debug_info    0x000000000000f8f8     0x1503 ./Drivers/STM32F1xx_HAL_Driver/Src/stm32f1xx_hal_spi.o
 .debug_info    0x0000000000010dfb     0x293b ./Drivers/STM32F1xx_HAL_Driver/Src/stm32f1xx_hal_tim.o
 .debug_info    0x0000000000013736     0x149b ./Drivers/STM32F1xx_HAL_Driver/Src/stm32f1xx_hal_tim_ex.o
 .debug_info    0x0000000000014bd1     0x2fa8 ./Drivers/STM32F1xx_HAL_Driver/Src/stm32f1xx_hal_uart.o

.debug_abbrev   0x0000000000000000     0x3052
 .debug_abbrev  0x0000000000000000      0x212 ./Core/Src/AMT22.o
 .debug_abbrev  0x0000000000000212      0x101 ./Core/Src/DWT_Delay.o
 .debug_abbrev  0x0000000000000313      0x63a ./Core/Src/RoboArm.o
 .debug_abbrev  0x000000000000094d      0x537 ./Core/Src/TMC2209.o
 .debug_abbrev  0x0000000000000e84      0x68c ./Core/Src/main.o
 .debug_abbrev  0x0000000000001510      0x21f ./Core/Src/stm32f1xx_hal_msp.o
 .debug_abbrev  0x000000000000172f      0x1dc ./Core/Src/stm32f1xx_it.o
 .debug_abbrev  0x000000000000190b      0x13f ./Core/Src/system_stm32f1xx.o
 .debug_abbrev  0x0000000000001a4a       0x12 ./Core/Startup/startup_stm32f103c6tx.o
 .debug_abbrev  0x0000000000001a5c      0x201 ./Drivers/STM32F1xx_HAL_Driver/Src/stm32f1xx_hal.o
 .debug_abbrev  0x0000000000001c5d      0x2f8 ./Drivers/STM32F1xx_HAL_Driver/Src/stm32f1xx_hal_cortex.o
 .debug_abbrev  0x0000000000001f55      0x20b ./Drivers/STM32F1xx_HAL_Driver/Src/stm32f1xx_hal_dma.o
 .debug_abbrev  0x0000000000002160      0x1ca ./Drivers/STM32F1xx_HAL_Driver/Src/stm32f1xx_hal_gpio.o
 .debug_abbrev  0x000000000000232a      0x2b3 ./Drivers/STM32F1xx_HAL_Driver/Src/stm32f1xx_hal_rcc.o
 .debug_abbrev  0x00000000000025dd      0x284 ./Drivers/STM32F1xx_HAL_Driver/Src/stm32f1xx_hal_spi.o
 .debug_abbrev  0x0000000000002861      0x277 ./Drivers/STM32F1xx_HAL_Driver/Src/stm32f1xx_hal_tim.o
 .debug_abbrev  0x0000000000002ad8      0x282 ./Drivers/STM32F1xx_HAL_Driver/Src/stm32f1xx_hal_tim_ex.o
 .debug_abbrev  0x0000000000002d5a      0x2f8 ./Drivers/STM32F1xx_HAL_Driver/Src/stm32f1xx_hal_uart.o

.debug_aranges  0x0000000000000000     0x1048
 .debug_aranges
                0x0000000000000000       0x58 ./Core/Src/AMT22.o
 .debug_aranges
                0x0000000000000058       0x30 ./Core/Src/DWT_Delay.o
 .debug_aranges
                0x0000000000000088       0xe8 ./Core/Src/RoboArm.o
 .debug_aranges
                0x0000000000000170       0x98 ./Core/Src/TMC2209.o
 .debug_aranges
                0x0000000000000208       0x98 ./Core/Src/main.o
 .debug_aranges
                0x00000000000002a0       0x58 ./Core/Src/stm32f1xx_hal_msp.o
 .debug_aranges
                0x00000000000002f8       0xa8 ./Core/Src/stm32f1xx_it.o
 .debug_aranges
                0x00000000000003a0       0x28 ./Core/Src/system_stm32f1xx.o
 .debug_aranges
                0x00000000000003c8       0x28 ./Core/Startup/startup_stm32f103c6tx.o
 .debug_aranges
                0x00000000000003f0       0xe0 ./Drivers/STM32F1xx_HAL_Driver/Src/stm32f1xx_hal.o
 .debug_aranges
                0x00000000000004d0      0x100 ./Drivers/STM32F1xx_HAL_Driver/Src/stm32f1xx_hal_cortex.o
 .debug_aranges
                0x00000000000005d0       0x80 ./Drivers/STM32F1xx_HAL_Driver/Src/stm32f1xx_hal_dma.o
 .debug_aranges
                0x0000000000000650       0x58 ./Drivers/STM32F1xx_HAL_Driver/Src/stm32f1xx_hal_gpio.o
 .debug_aranges
                0x00000000000006a8       0x90 ./Drivers/STM32F1xx_HAL_Driver/Src/stm32f1xx_hal_rcc.o
 .debug_aranges
                0x0000000000000738      0x1d0 ./Drivers/STM32F1xx_HAL_Driver/Src/stm32f1xx_hal_spi.o
 .debug_aranges
                0x0000000000000908      0x3d0 ./Drivers/STM32F1xx_HAL_Driver/Src/stm32f1xx_hal_tim.o
 .debug_aranges
                0x0000000000000cd8      0x168 ./Drivers/STM32F1xx_HAL_Driver/Src/stm32f1xx_hal_tim_ex.o
 .debug_aranges
                0x0000000000000e40      0x208 ./Drivers/STM32F1xx_HAL_Driver/Src/stm32f1xx_hal_uart.o

.debug_rnglists
                0x0000000000000000      0xcb8
 .debug_rnglists
                0x0000000000000000       0x3f ./Core/Src/AMT22.o
 .debug_rnglists
                0x000000000000003f       0x1f ./Core/Src/DWT_Delay.o
 .debug_rnglists
                0x000000000000005e       0xb1 ./Core/Src/RoboArm.o
 .debug_rnglists
                0x000000000000010f       0x70 ./Core/Src/TMC2209.o
 .debug_rnglists
                0x000000000000017f       0x76 ./Core/Src/main.o
 .debug_rnglists
                0x00000000000001f5       0x41 ./Core/Src/stm32f1xx_hal_msp.o
 .debug_rnglists
                0x0000000000000236       0x79 ./Core/Src/stm32f1xx_it.o
 .debug_rnglists
                0x00000000000002af       0x1a ./Core/Src/system_stm32f1xx.o
 .debug_rnglists
                0x00000000000002c9       0x19 ./Core/Startup/startup_stm32f103c6tx.o
 .debug_rnglists
                0x00000000000002e2       0xa3 ./Drivers/STM32F1xx_HAL_Driver/Src/stm32f1xx_hal.o
 .debug_rnglists
                0x0000000000000385       0xbb ./Drivers/STM32F1xx_HAL_Driver/Src/stm32f1xx_hal_cortex.o
 .debug_rnglists
                0x0000000000000440       0x64 ./Drivers/STM32F1xx_HAL_Driver/Src/stm32f1xx_hal_dma.o
 .debug_rnglists
                0x00000000000004a4       0x3f ./Drivers/STM32F1xx_HAL_Driver/Src/stm32f1xx_hal_gpio.o
 .debug_rnglists
                0x00000000000004e3       0x6c ./Drivers/STM32F1xx_HAL_Driver/Src/stm32f1xx_hal_rcc.o
 .debug_rnglists
                0x000000000000054f      0x16e ./Drivers/STM32F1xx_HAL_Driver/Src/stm32f1xx_hal_spi.o
 .debug_rnglists
                0x00000000000006bd      0x31a ./Drivers/STM32F1xx_HAL_Driver/Src/stm32f1xx_hal_tim.o
 .debug_rnglists
                0x00000000000009d7      0x125 ./Drivers/STM32F1xx_HAL_Driver/Src/stm32f1xx_hal_tim_ex.o
 .debug_rnglists
                0x0000000000000afc      0x1bc ./Drivers/STM32F1xx_HAL_Driver/Src/stm32f1xx_hal_uart.o

.debug_macro    0x0000000000000000    0x1b398
 .debug_macro   0x0000000000000000      0x26f ./Core/Src/AMT22.o
 .debug_macro   0x000000000000026f      0xa9c ./Core/Src/AMT22.o
 .debug_macro   0x0000000000000d0b       0x22 ./Core/Src/AMT22.o
 .debug_macro   0x0000000000000d2d       0x8e ./Core/Src/AMT22.o
 .debug_macro   0x0000000000000dbb       0x51 ./Core/Src/AMT22.o
 .debug_macro   0x0000000000000e0c      0x103 ./Core/Src/AMT22.o
 .debug_macro   0x0000000000000f0f       0x6a ./Core/Src/AMT22.o
 .debug_macro   0x0000000000000f79      0x1df ./Core/Src/AMT22.o
 .debug_macro   0x0000000000001158      0x221 ./Core/Src/AMT22.o
 .debug_macro   0x0000000000001379       0x2e ./Core/Src/AMT22.o
 .debug_macro   0x00000000000013a7       0x22 ./Core/Src/AMT22.o
 .debug_macro   0x00000000000013c9       0x1c ./Core/Src/AMT22.o
 .debug_macro   0x00000000000013e5       0x22 ./Core/Src/AMT22.o
 .debug_macro   0x0000000000001407       0xbd ./Core/Src/AMT22.o
 .debug_macro   0x00000000000014c4      0xd23 ./Core/Src/AMT22.o
 .debug_macro   0x00000000000021e7     0xde75 ./Core/Src/AMT22.o
 .debug_macro   0x000000000001005c       0x6d ./Core/Src/AMT22.o
 .debug_macro   0x00000000000100c9     0x348d ./Core/Src/AMT22.o
 .debug_macro   0x0000000000013556      0x174 ./Core/Src/AMT22.o
 .debug_macro   0x00000000000136ca       0x5c ./Core/Src/AMT22.o
 .debug_macro   0x0000000000013726      0x5bc ./Core/Src/AMT22.o
 .debug_macro   0x0000000000013ce2      0x1b7 ./Core/Src/AMT22.o
 .debug_macro   0x0000000000013e99      0x1cb ./Core/Src/AMT22.o
 .debug_macro   0x0000000000014064      0x114 ./Core/Src/AMT22.o
 .debug_macro   0x0000000000014178      0x1b2 ./Core/Src/AMT22.o
 .debug_macro   0x000000000001432a       0x27 ./Core/Src/AMT22.o
 .debug_macro   0x0000000000014351      0x12f ./Core/Src/AMT22.o
 .debug_macro   0x0000000000014480      0x1bc ./Core/Src/AMT22.o
 .debug_macro   0x000000000001463c       0x34 ./Core/Src/AMT22.o
 .debug_macro   0x0000000000014670       0x3c ./Core/Src/AMT22.o
 .debug_macro   0x00000000000146ac       0x57 ./Core/Src/AMT22.o
 .debug_macro   0x0000000000014703       0x87 ./Core/Src/AMT22.o
 .debug_macro   0x000000000001478a      0x183 ./Core/Src/AMT22.o
 .debug_macro   0x000000000001490d      0x140 ./Core/Src/AMT22.o
 .debug_macro   0x0000000000014a4d      0x217 ./Core/Src/AMT22.o
 .debug_macro   0x0000000000014c64      0x8ed ./Core/Src/AMT22.o
 .debug_macro   0x0000000000015551      0x28e ./Core/Src/AMT22.o
 .debug_macro   0x00000000000157df       0x69 ./Core/Src/AMT22.o
 .debug_macro   0x0000000000015848       0x40 ./Core/Src/AMT22.o
 .debug_macro   0x0000000000015888       0x61 ./Core/Src/AMT22.o
 .debug_macro   0x00000000000158e9       0x24 ./Core/Src/AMT22.o
 .debug_macro   0x000000000001590d       0x43 ./Core/Src/AMT22.o
 .debug_macro   0x0000000000015950       0x34 ./Core/Src/AMT22.o
 .debug_macro   0x0000000000015984       0x16 ./Core/Src/AMT22.o
 .debug_macro   0x000000000001599a       0x43 ./Core/Src/AMT22.o
 .debug_macro   0x00000000000159dd       0x34 ./Core/Src/AMT22.o
 .debug_macro   0x0000000000015a11       0x10 ./Core/Src/AMT22.o
 .debug_macro   0x0000000000015a21       0x58 ./Core/Src/AMT22.o
 .debug_macro   0x0000000000015a79       0x8e ./Core/Src/AMT22.o
 .debug_macro   0x0000000000015b07       0x1c ./Core/Src/AMT22.o
 .debug_macro   0x0000000000015b23      0x177 ./Core/Src/AMT22.o
 .debug_macro   0x0000000000015c9a      0x369 ./Core/Src/AMT22.o
 .debug_macro   0x0000000000016003      0x19b ./Core/Src/AMT22.o
 .debug_macro   0x000000000001619e      0x1b5 ./Core/Src/DWT_Delay.o
 .debug_macro   0x0000000000016353      0x330 ./Core/Src/RoboArm.o
 .debug_macro   0x0000000000016683      0xb74 ./Core/Src/RoboArm.o
 .debug_macro   0x00000000000171f7       0x1c ./Core/Src/RoboArm.o
 .debug_macro   0x0000000000017213      0xd23 ./Core/Src/RoboArm.o
 .debug_macro   0x0000000000017f36      0x17b ./Core/Src/RoboArm.o
 .debug_macro   0x00000000000180b1      0x1b2 ./Core/Src/RoboArm.o
 .debug_macro   0x0000000000018263       0x10 ./Core/Src/RoboArm.o
 .debug_macro   0x0000000000018273      0x3ed ./Core/Src/RoboArm.o
 .debug_macro   0x0000000000018660       0x18 ./Core/Src/RoboArm.o
 .debug_macro   0x0000000000018678       0x34 ./Core/Src/RoboArm.o
 .debug_macro   0x00000000000186ac       0x43 ./Core/Src/RoboArm.o
 .debug_macro   0x00000000000186ef       0x16 ./Core/Src/RoboArm.o
 .debug_macro   0x0000000000018705      0x38c ./Core/Src/RoboArm.o
 .debug_macro   0x0000000000018a91      0x194 ./Core/Src/RoboArm.o
 .debug_macro   0x0000000000018c25       0x10 ./Core/Src/RoboArm.o
 .debug_macro   0x0000000000018c35       0x16 ./Core/Src/RoboArm.o
 .debug_macro   0x0000000000018c4b       0x35 ./Core/Src/RoboArm.o
 .debug_macro   0x0000000000018c80       0x16 ./Core/Src/RoboArm.o
 .debug_macro   0x0000000000018c96       0x29 ./Core/Src/RoboArm.o
 .debug_macro   0x0000000000018cbf       0x10 ./Core/Src/RoboArm.o
 .debug_macro   0x0000000000018ccf      0x3c7 ./Core/Src/RoboArm.o
 .debug_macro   0x0000000000019096       0x22 ./Core/Src/RoboArm.o
 .debug_macro   0x00000000000190b8      0x392 ./Core/Src/TMC2209.o
 .debug_macro   0x000000000001944a       0x16 ./Core/Src/TMC2209.o
 .debug_macro   0x0000000000019460       0x10 ./Core/Src/TMC2209.o
 .debug_macro   0x0000000000019470       0x16 ./Core/Src/TMC2209.o
 .debug_macro   0x0000000000019486       0x16 ./Core/Src/TMC2209.o
 .debug_macro   0x000000000001949c      0x139 ./Core/Src/TMC2209.o
 .debug_macro   0x00000000000195d5       0x16 ./Core/Src/TMC2209.o
 .debug_macro   0x00000000000195eb       0x20 ./Core/Src/TMC2209.o
 .debug_macro   0x000000000001960b       0x16 ./Core/Src/TMC2209.o
 .debug_macro   0x0000000000019621       0xfa ./Core/Src/TMC2209.o
 .debug_macro   0x000000000001971b      0x3c0 ./Core/Src/main.o
 .debug_macro   0x0000000000019adb      0x2de ./Core/Src/stm32f1xx_hal_msp.o
 .debug_macro   0x0000000000019db9       0x35 ./Core/Src/stm32f1xx_hal_msp.o
 .debug_macro   0x0000000000019dee      0x147 ./Core/Src/stm32f1xx_hal_msp.o
 .debug_macro   0x0000000000019f35       0x22 ./Core/Src/stm32f1xx_hal_msp.o
 .debug_macro   0x0000000000019f57      0x2e8 ./Core/Src/stm32f1xx_it.o
 .debug_macro   0x000000000001a23f      0x1ab ./Core/Src/system_stm32f1xx.o
 .debug_macro   0x000000000001a3ea      0x1cf ./Drivers/STM32F1xx_HAL_Driver/Src/stm32f1xx_hal.o
 .debug_macro   0x000000000001a5b9      0x1ab ./Drivers/STM32F1xx_HAL_Driver/Src/stm32f1xx_hal_cortex.o
 .debug_macro   0x000000000001a764      0x1ab ./Drivers/STM32F1xx_HAL_Driver/Src/stm32f1xx_hal_dma.o
 .debug_macro   0x000000000001a90f      0x216 ./Drivers/STM32F1xx_HAL_Driver/Src/stm32f1xx_hal_gpio.o
 .debug_macro   0x000000000001ab25      0x1bd ./Drivers/STM32F1xx_HAL_Driver/Src/stm32f1xx_hal_rcc.o
 .debug_macro   0x000000000001ace2      0x1b3 ./Drivers/STM32F1xx_HAL_Driver/Src/stm32f1xx_hal_spi.o
 .debug_macro   0x000000000001ae95      0x1ac ./Drivers/STM32F1xx_HAL_Driver/Src/stm32f1xx_hal_tim.o
 .debug_macro   0x000000000001b041      0x1ab ./Drivers/STM32F1xx_HAL_Driver/Src/stm32f1xx_hal_tim_ex.o
 .debug_macro   0x000000000001b1ec      0x1ac ./Drivers/STM32F1xx_HAL_Driver/Src/stm32f1xx_hal_uart.o

.debug_line     0x0000000000000000    0x122e5
 .debug_line    0x0000000000000000      0x8fb ./Core/Src/AMT22.o
 .debug_line    0x00000000000008fb      0x6ed ./Core/Src/DWT_Delay.o
 .debug_line    0x0000000000000fe8     0x111f ./Core/Src/RoboArm.o
 .debug_line    0x0000000000002107      0xe75 ./Core/Src/TMC2209.o
 .debug_line    0x0000000000002f7c     0x117d ./Core/Src/main.o
 .debug_line    0x00000000000040f9      0x9a9 ./Core/Src/stm32f1xx_hal_msp.o
 .debug_line    0x0000000000004aa2      0x97a ./Core/Src/stm32f1xx_it.o
 .debug_line    0x000000000000541c      0x6d7 ./Core/Src/system_stm32f1xx.o
 .debug_line    0x0000000000005af3       0x78 ./Core/Startup/startup_stm32f103c6tx.o
 .debug_line    0x0000000000005b6b      0x904 ./Drivers/STM32F1xx_HAL_Driver/Src/stm32f1xx_hal.o
 .debug_line    0x000000000000646f      0xaec ./Drivers/STM32F1xx_HAL_Driver/Src/stm32f1xx_hal_cortex.o
 .debug_line    0x0000000000006f5b      0xd5d ./Drivers/STM32F1xx_HAL_Driver/Src/stm32f1xx_hal_dma.o
 .debug_line    0x0000000000007cb8      0x988 ./Drivers/STM32F1xx_HAL_Driver/Src/stm32f1xx_hal_gpio.o
 .debug_line    0x0000000000008640      0xd0d ./Drivers/STM32F1xx_HAL_Driver/Src/stm32f1xx_hal_rcc.o
 .debug_line    0x000000000000934d     0x1b8c ./Drivers/STM32F1xx_HAL_Driver/Src/stm32f1xx_hal_spi.o
 .debug_line    0x000000000000aed9     0x33a7 ./Drivers/STM32F1xx_HAL_Driver/Src/stm32f1xx_hal_tim.o
 .debug_line    0x000000000000e280     0x1833 ./Drivers/STM32F1xx_HAL_Driver/Src/stm32f1xx_hal_tim_ex.o
 .debug_line    0x000000000000fab3     0x2832 ./Drivers/STM32F1xx_HAL_Driver/Src/stm32f1xx_hal_uart.o

.debug_str      0x0000000000000000    0x8f6e4
 .debug_str     0x0000000000000000    0x86073 ./Core/Src/AMT22.o
                                      0x864ee (size before relaxing)
 .debug_str     0x0000000000086073      0x146 ./Core/Src/DWT_Delay.o
                                      0x82769 (size before relaxing)
 .debug_str     0x00000000000861b9     0x53f7 ./Core/Src/RoboArm.o
                                      0x8b7d8 (size before relaxing)
 .debug_str     0x000000000008b5b0      0xc05 ./Core/Src/TMC2209.o
                                      0x8b385 (size before relaxing)
 .debug_str     0x000000000008c1b5      0x90e ./Core/Src/main.o
                                      0x8c9b4 (size before relaxing)
 .debug_str     0x000000000008cac3      0x159 ./Core/Src/stm32f1xx_hal_msp.o
                                      0x87639 (size before relaxing)
 .debug_str     0x000000000008cc1c      0x1a7 ./Core/Src/stm32f1xx_it.o
                                      0x8739a (size before relaxing)
 .debug_str     0x000000000008cdc3       0x7e ./Core/Src/system_stm32f1xx.o
                                      0x826bc (size before relaxing)
 .debug_str     0x000000000008ce41       0x34 ./Core/Startup/startup_stm32f103c6tx.o
                                         0x6c (size before relaxing)
 .debug_str     0x000000000008ce75      0x375 ./Drivers/STM32F1xx_HAL_Driver/Src/stm32f1xx_hal.o
                                      0x82db5 (size before relaxing)
 .debug_str     0x000000000008d1ea      0x271 ./Drivers/STM32F1xx_HAL_Driver/Src/stm32f1xx_hal_cortex.o
                                      0x82d01 (size before relaxing)
 .debug_str     0x000000000008d45b      0x235 ./Drivers/STM32F1xx_HAL_Driver/Src/stm32f1xx_hal_dma.o
                                      0x82a65 (size before relaxing)
 .debug_str     0x000000000008d690      0x295 ./Drivers/STM32F1xx_HAL_Driver/Src/stm32f1xx_hal_gpio.o
                                      0x82a42 (size before relaxing)
 .debug_str     0x000000000008d925      0x203 ./Drivers/STM32F1xx_HAL_Driver/Src/stm32f1xx_hal_rcc.o
                                      0x82aeb (size before relaxing)
 .debug_str     0x000000000008db28      0x50c ./Drivers/STM32F1xx_HAL_Driver/Src/stm32f1xx_hal_spi.o
                                      0x82fe8 (size before relaxing)
 .debug_str     0x000000000008e034      0xd4e ./Drivers/STM32F1xx_HAL_Driver/Src/stm32f1xx_hal_tim.o
                                      0x83add (size before relaxing)
 .debug_str     0x000000000008ed82      0x3e1 ./Drivers/STM32F1xx_HAL_Driver/Src/stm32f1xx_hal_tim_ex.o
                                      0x832f9 (size before relaxing)
 .debug_str     0x000000000008f163      0x581 ./Drivers/STM32F1xx_HAL_Driver/Src/stm32f1xx_hal_uart.o
                                      0x8315c (size before relaxing)

.debug_frame    0x0000000000000000     0x477c
 .debug_frame   0x0000000000000000      0x12c ./Core/Src/AMT22.o
 .debug_frame   0x000000000000012c       0x78 ./Core/Src/DWT_Delay.o
 .debug_frame   0x00000000000001a4      0x3d8 ./Core/Src/RoboArm.o
 .debug_frame   0x000000000000057c      0x264 ./Core/Src/TMC2209.o
 .debug_frame   0x00000000000007e0      0x224 ./Core/Src/main.o
 .debug_frame   0x0000000000000a04      0x130 ./Core/Src/stm32f1xx_hal_msp.o
 .debug_frame   0x0000000000000b34      0x204 ./Core/Src/stm32f1xx_it.o
 .debug_frame   0x0000000000000d38       0x58 ./Core/Src/system_stm32f1xx.o
 .debug_frame   0x0000000000000d90      0x334 ./Drivers/STM32F1xx_HAL_Driver/Src/stm32f1xx_hal.o
 .debug_frame   0x00000000000010c4      0x428 ./Drivers/STM32F1xx_HAL_Driver/Src/stm32f1xx_hal_cortex.o
 .debug_frame   0x00000000000014ec      0x208 ./Drivers/STM32F1xx_HAL_Driver/Src/stm32f1xx_hal_dma.o
 .debug_frame   0x00000000000016f4      0x14c ./Drivers/STM32F1xx_HAL_Driver/Src/stm32f1xx_hal_gpio.o
 .debug_frame   0x0000000000001840      0x218 ./Drivers/STM32F1xx_HAL_Driver/Src/stm32f1xx_hal_rcc.o
 .debug_frame   0x0000000000001a58      0x824 ./Drivers/STM32F1xx_HAL_Driver/Src/stm32f1xx_hal_spi.o
 .debug_frame   0x000000000000227c     0x11b8 ./Drivers/STM32F1xx_HAL_Driver/Src/stm32f1xx_hal_tim.o
 .debug_frame   0x0000000000003434      0x638 ./Drivers/STM32F1xx_HAL_Driver/Src/stm32f1xx_hal_tim_ex.o
 .debug_frame   0x0000000000003a6c      0x944 ./Drivers/STM32F1xx_HAL_Driver/Src/stm32f1xx_hal_uart.o
 .debug_frame   0x00000000000043b0       0x2c /opt/st/stm32cubeide_1.13.2/plugins/com.st.stm32cube.ide.mcu.externaltools.gnu-tools-for-stm32.11.3.rel1.linux64_1.1.1.202309131626/tools/bin/../lib/gcc/arm-none-eabi/11.3.1/../../../../arm-none-eabi/lib/thumb/v7-m/nofp/libm.a(libm_a-sf_ceil.o)
 .debug_frame   0x00000000000043dc       0x20 /opt/st/stm32cubeide_1.13.2/plugins/com.st.stm32cube.ide.mcu.externaltools.gnu-tools-for-stm32.11.3.rel1.linux64_1.1.1.202309131626/tools/bin/../lib/gcc/arm-none-eabi/11.3.1/../../../../arm-none-eabi/lib/thumb/v7-m/nofp/libc_nano.a(libc_a-memset.o)
 .debug_frame   0x00000000000043fc       0x2c /opt/st/stm32cubeide_1.13.2/plugins/com.st.stm32cube.ide.mcu.externaltools.gnu-tools-for-stm32.11.3.rel1.linux64_1.1.1.202309131626/tools/bin/../lib/gcc/arm-none-eabi/11.3.1/../../../../arm-none-eabi/lib/thumb/v7-m/nofp/libc_nano.a(libc_a-init.o)
 .debug_frame   0x0000000000004428       0xac /opt/st/stm32cubeide_1.13.2/plugins/com.st.stm32cube.ide.mcu.externaltools.gnu-tools-for-stm32.11.3.rel1.linux64_1.1.1.202309131626/tools/bin/../lib/gcc/arm-none-eabi/11.3.1/thumb/v7-m/nofp/libgcc.a(_arm_addsubdf3.o)
 .debug_frame   0x00000000000044d4       0x50 /opt/st/stm32cubeide_1.13.2/plugins/com.st.stm32cube.ide.mcu.externaltools.gnu-tools-for-stm32.11.3.rel1.linux64_1.1.1.202309131626/tools/bin/../lib/gcc/arm-none-eabi/11.3.1/thumb/v7-m/nofp/libgcc.a(_arm_muldivdf3.o)
 .debug_frame   0x0000000000004524       0xc4 /opt/st/stm32cubeide_1.13.2/plugins/com.st.stm32cube.ide.mcu.externaltools.gnu-tools-for-stm32.11.3.rel1.linux64_1.1.1.202309131626/tools/bin/../lib/gcc/arm-none-eabi/11.3.1/thumb/v7-m/nofp/libgcc.a(_arm_cmpdf2.o)
 .debug_frame   0x00000000000045e8       0x24 /opt/st/stm32cubeide_1.13.2/plugins/com.st.stm32cube.ide.mcu.externaltools.gnu-tools-for-stm32.11.3.rel1.linux64_1.1.1.202309131626/tools/bin/../lib/gcc/arm-none-eabi/11.3.1/thumb/v7-m/nofp/libgcc.a(_arm_truncdfsf2.o)
 .debug_frame   0x000000000000460c       0x4c /opt/st/stm32cubeide_1.13.2/plugins/com.st.stm32cube.ide.mcu.externaltools.gnu-tools-for-stm32.11.3.rel1.linux64_1.1.1.202309131626/tools/bin/../lib/gcc/arm-none-eabi/11.3.1/thumb/v7-m/nofp/libgcc.a(_arm_addsubsf3.o)
 .debug_frame   0x0000000000004658       0x38 /opt/st/stm32cubeide_1.13.2/plugins/com.st.stm32cube.ide.mcu.externaltools.gnu-tools-for-stm32.11.3.rel1.linux64_1.1.1.202309131626/tools/bin/../lib/gcc/arm-none-eabi/11.3.1/thumb/v7-m/nofp/libgcc.a(_arm_muldivsf3.o)
 .debug_frame   0x0000000000004690       0xc8 /opt/st/stm32cubeide_1.13.2/plugins/com.st.stm32cube.ide.mcu.externaltools.gnu-tools-for-stm32.11.3.rel1.linux64_1.1.1.202309131626/tools/bin/../lib/gcc/arm-none-eabi/11.3.1/thumb/v7-m/nofp/libgcc.a(_arm_cmpsf2.o)
 .debug_frame   0x0000000000004758       0x24 /opt/st/stm32cubeide_1.13.2/plugins/com.st.stm32cube.ide.mcu.externaltools.gnu-tools-for-stm32.11.3.rel1.linux64_1.1.1.202309131626/tools/bin/../lib/gcc/arm-none-eabi/11.3.1/thumb/v7-m/nofp/libgcc.a(_arm_fixunssfsi.o)

.debug_line_str
                0x0000000000000000       0x60
 .debug_line_str
                0x0000000000000000       0x60 ./Core/Startup/startup_stm32f103c6tx.o
                                         0x78 (size before relaxing)
