Archive member included to satisfy reference by file (symbol)

/opt/st/stm32cubeide_1.13.2/plugins/com.st.stm32cube.ide.mcu.externaltools.gnu-tools-for-stm32.11.3.rel1.linux64_1.1.1.202309131626/tools/bin/../lib/gcc/arm-none-eabi/11.3.1/../../../../arm-none-eabi/lib/thumb/v7-m/nofp/libm.a(libm_a-sf_ceil.o)
                              ./Core/Src/RoboArm.o (ceilf)
/opt/st/stm32cubeide_1.13.2/plugins/com.st.stm32cube.ide.mcu.externaltools.gnu-tools-for-stm32.11.3.rel1.linux64_1.1.1.202309131626/tools/bin/../lib/gcc/arm-none-eabi/11.3.1/../../../../arm-none-eabi/lib/thumb/v7-m/nofp/libc_nano.a(libc_a-exit.o)
                              /opt/st/stm32cubeide_1.13.2/plugins/com.st.stm32cube.ide.mcu.externaltools.gnu-tools-for-stm32.11.3.rel1.linux64_1.1.1.202309131626/tools/bin/../lib/gcc/arm-none-eabi/11.3.1/../../../../arm-none-eabi/lib/thumb/v7-m/nofp/crt0.o (exit)
/opt/st/stm32cubeide_1.13.2/plugins/com.st.stm32cube.ide.mcu.externaltools.gnu-tools-for-stm32.11.3.rel1.linux64_1.1.1.202309131626/tools/bin/../lib/gcc/arm-none-eabi/11.3.1/../../../../arm-none-eabi/lib/thumb/v7-m/nofp/libc_nano.a(libc_a-findfp.o)
                              /opt/st/stm32cubeide_1.13.2/plugins/com.st.stm32cube.ide.mcu.externaltools.gnu-tools-for-stm32.11.3.rel1.linux64_1.1.1.202309131626/tools/bin/../lib/gcc/arm-none-eabi/11.3.1/../../../../arm-none-eabi/lib/thumb/v7-m/nofp/libc_nano.a(libc_a-exit.o) (__stdio_exit_handler)
/opt/st/stm32cubeide_1.13.2/plugins/com.st.stm32cube.ide.mcu.externaltools.gnu-tools-for-stm32.11.3.rel1.linux64_1.1.1.202309131626/tools/bin/../lib/gcc/arm-none-eabi/11.3.1/../../../../arm-none-eabi/lib/thumb/v7-m/nofp/libc_nano.a(libc_a-fwalk.o)
                              /opt/st/stm32cubeide_1.13.2/plugins/com.st.stm32cube.ide.mcu.externaltools.gnu-tools-for-stm32.11.3.rel1.linux64_1.1.1.202309131626/tools/bin/../lib/gcc/arm-none-eabi/11.3.1/../../../../arm-none-eabi/lib/thumb/v7-m/nofp/libc_nano.a(libc_a-findfp.o) (_fwalk_sglue)
/opt/st/stm32cubeide_1.13.2/plugins/com.st.stm32cube.ide.mcu.externaltools.gnu-tools-for-stm32.11.3.rel1.linux64_1.1.1.202309131626/tools/bin/../lib/gcc/arm-none-eabi/11.3.1/../../../../arm-none-eabi/lib/thumb/v7-m/nofp/libc_nano.a(libc_a-stdio.o)
                              /opt/st/stm32cubeide_1.13.2/plugins/com.st.stm32cube.ide.mcu.externaltools.gnu-tools-for-stm32.11.3.rel1.linux64_1.1.1.202309131626/tools/bin/../lib/gcc/arm-none-eabi/11.3.1/../../../../arm-none-eabi/lib/thumb/v7-m/nofp/libc_nano.a(libc_a-findfp.o) (__sread)
/opt/st/stm32cubeide_1.13.2/plugins/com.st.stm32cube.ide.mcu.externaltools.gnu-tools-for-stm32.11.3.rel1.linux64_1.1.1.202309131626/tools/bin/../lib/gcc/arm-none-eabi/11.3.1/../../../../arm-none-eabi/lib/thumb/v7-m/nofp/libc_nano.a(libc_a-memset.o)
                              /opt/st/stm32cubeide_1.13.2/plugins/com.st.stm32cube.ide.mcu.externaltools.gnu-tools-for-stm32.11.3.rel1.linux64_1.1.1.202309131626/tools/bin/../lib/gcc/arm-none-eabi/11.3.1/../../../../arm-none-eabi/lib/thumb/v7-m/nofp/crt0.o (memset)
/opt/st/stm32cubeide_1.13.2/plugins/com.st.stm32cube.ide.mcu.externaltools.gnu-tools-for-stm32.11.3.rel1.linux64_1.1.1.202309131626/tools/bin/../lib/gcc/arm-none-eabi/11.3.1/../../../../arm-none-eabi/lib/thumb/v7-m/nofp/libc_nano.a(libc_a-closer.o)
                              /opt/st/stm32cubeide_1.13.2/plugins/com.st.stm32cube.ide.mcu.externaltools.gnu-tools-for-stm32.11.3.rel1.linux64_1.1.1.202309131626/tools/bin/../lib/gcc/arm-none-eabi/11.3.1/../../../../arm-none-eabi/lib/thumb/v7-m/nofp/libc_nano.a(libc_a-stdio.o) (_close_r)
/opt/st/stm32cubeide_1.13.2/plugins/com.st.stm32cube.ide.mcu.externaltools.gnu-tools-for-stm32.11.3.rel1.linux64_1.1.1.202309131626/tools/bin/../lib/gcc/arm-none-eabi/11.3.1/../../../../arm-none-eabi/lib/thumb/v7-m/nofp/libc_nano.a(libc_a-reent.o)
                              /opt/st/stm32cubeide_1.13.2/plugins/com.st.stm32cube.ide.mcu.externaltools.gnu-tools-for-stm32.11.3.rel1.linux64_1.1.1.202309131626/tools/bin/../lib/gcc/arm-none-eabi/11.3.1/../../../../arm-none-eabi/lib/thumb/v7-m/nofp/libc_nano.a(libc_a-closer.o) (errno)
/opt/st/stm32cubeide_1.13.2/plugins/com.st.stm32cube.ide.mcu.externaltools.gnu-tools-for-stm32.11.3.rel1.linux64_1.1.1.202309131626/tools/bin/../lib/gcc/arm-none-eabi/11.3.1/../../../../arm-none-eabi/lib/thumb/v7-m/nofp/libc_nano.a(libc_a-impure.o)
                              /opt/st/stm32cubeide_1.13.2/plugins/com.st.stm32cube.ide.mcu.externaltools.gnu-tools-for-stm32.11.3.rel1.linux64_1.1.1.202309131626/tools/bin/../lib/gcc/arm-none-eabi/11.3.1/../../../../arm-none-eabi/lib/thumb/v7-m/nofp/libc_nano.a(libc_a-reent.o) (_impure_ptr)
/opt/st/stm32cubeide_1.13.2/plugins/com.st.stm32cube.ide.mcu.externaltools.gnu-tools-for-stm32.11.3.rel1.linux64_1.1.1.202309131626/tools/bin/../lib/gcc/arm-none-eabi/11.3.1/../../../../arm-none-eabi/lib/thumb/v7-m/nofp/libc_nano.a(libc_a-lseekr.o)
[...]
Memory Configuration

Name             Origin             Length             Attributes
RAM              0x0000000020000000 0x0000000000002800 xrw
FLASH            0x0000000008000000 0x0000000000008000 xr
*default*        0x0000000000000000 0xffffffffffffffff

Linker script and memory map

LOAD /opt/st/stm32cubeide_1.13.2/plugins/com.st.stm32cube.ide.mcu.externaltools.gnu-tools-for-stm32.11.3.rel1.linux64_1.1.1.202309131626/tools/bin/../lib/gcc/arm-none-eabi/11.3.1/thumb/v7-m/nofp/crti.o
LOAD /opt/st/stm32cubeide_1.13.2/plugins/com.st.stm32cube.ide.mcu.externaltools.gnu-tools-for-stm32.11.3.rel1.linux64_1.1.1.202309131626/tools/bin/../lib/gcc/arm-none-eabi/11.3.1/thumb/v7-m/nofp/crtbegin.o
LOAD /opt/st/stm32cubeide_1.13.2/plugins/com.st.stm32cube.ide.mcu.externaltools.gnu-tools-for-stm32.11.3.rel1.linux64_1.1.1.202309131626/tools/bin/../lib/gcc/arm-none-eabi/11.3.1/../../../../arm-none-eabi/lib/thumb/v7-m/nofp/crt0.o
LOAD ./Core/Src/AMT22.o
LOAD ./Core/Src/DWT_Delay.o
LOAD ./Core/Src/RoboArm.o
LOAD ./Core/Src/TMC2209.o
LOAD ./Core/Src/main.o
LOAD ./Core/Src/moveSettings.o
LOAD ./Core/Src/stm32f1xx_hal_msp.o
LOAD ./Core/Src/stm32f1xx_it.o
LOAD ./Core/Src/syscalls.o
LOAD ./Core/Src/sysmem.o
LOAD ./Core/Src/system_stm32f1xx.o
LOAD ./Core/Startup/startup_stm32f103c6tx.o
LOAD ./Drivers/STM32F1xx_HAL_Driver/Src/stm32f1xx_hal.o
LOAD ./Drivers/STM32F1xx_HAL_Driver/Src/stm32f1xx_hal_cortex.o
LOAD ./Drivers/STM32F1xx_HAL_Driver/Src/stm32f1xx_hal_dma.o
LOAD ./Drivers/STM32F1xx_HAL_Driver/Src/stm32f1xx_hal_exti.o
LOAD ./Drivers/STM32F1xx_HAL_Driver/Src/stm32f1xx_hal_flash.o
LOAD ./Drivers/STM32F1xx_HAL_Driver/Src/stm32f1xx_hal_flash_ex.o
LOAD ./Drivers/STM32F1xx_HAL_Driver/Src/stm32f1xx_hal_gpio.o
LOAD ./Drivers/STM32F1xx_HAL_Driver/Src/stm32f1xx_hal_gpio_ex.o
LOAD ./Drivers/STM32F1xx_HAL_Driver/Src/stm32f1xx_hal_pwr.o
LOAD ./Drivers/STM32F1xx_HAL_Driver/Src/stm32f1xx_hal_rcc.o
LOAD ./Drivers/STM32F1xx_HAL_Driver/Src/stm32f1xx_hal_rcc_ex.o
LOAD ./Drivers/STM32F1xx_HAL_Driver/Src/stm32f1xx_hal_spi.o
LOAD ./Drivers/STM32F1xx_HAL_Driver/Src/stm32f1xx_hal_tim.o
LOAD ./Drivers/STM32F1xx_HAL_Driver/Src/stm32f1xx_hal_tim_ex.o
LOAD ./Drivers/STM32F1xx_HAL_Driver/Src/stm32f1xx_hal_uart.o
START GROUP
LOAD /opt/st/stm32cubeide_1.13.2/plugins/com.st.stm32cube.ide.mcu.externaltools.gnu-tools-for-stm32.11.3.rel1.linux64_1.1.1.202309131626/tools/bin/../lib/gcc/arm-none-eabi/11.3.1/../../../../arm-none-eabi/lib/thumb/v7-m/nofp/libstdc++_nano.a
LOAD /opt/st/stm32cubeide_1.13.2/plugins/com.st.stm32cube.ide.mcu.externaltools.gnu-tools-for-stm32.11.3.rel1.linux64_1.1.1.202309131626/tools/bin/../lib/gcc/arm-none-eabi/11.3.1/../../../../arm-none-eabi/lib/thumb/v7-m/nofp/libsupc++_nano.a
END GROUP
LOAD /opt/st/stm32cubeide_1.13.2/plugins/com.st.stm32cube.ide.mcu.externaltools.gnu-tools-for-stm32.11.3.rel1.linux64_1.1.1.202309131626/tools/bin/../lib/gcc/arm-none-eabi/11.3.1/../../../../arm-none-eabi/lib/thumb/v7-m/nofp/libstdc++_nano.a
LOAD /opt/st/stm32cubeide_1.13.2/plugins/com.st.stm32cube.ide.mcu.externaltools.gnu-tools-for-stm32.11.3.rel1.linux64_1.1.1.202309131626/tools/bin/../lib/gcc/arm-none-eabi/11.3.1/../../../../arm-none-eabi/lib/thumb/v7-m/nofp/libm.a
LOAD /opt/st/stm32cubeide_1.13.2/plugins/com.st.stm32cube.ide.mcu.externaltools.gnu-tools-for-stm32.11.3.rel1.linux64_1.1.1.202309131626/tools/bin/../lib/gcc/arm-none-eabi/11.3.1/../../../../arm-none-eabi/lib/thumb/v7-m/nofp/libc_nano.a
START GROUP
LOAD /opt/st/stm32cubeide_1.13.2/plugins/com.st.stm32cube.ide.mcu.externaltools.gnu-tools-for-stm32.11.3.rel1.linux64_1.1.1.202309131626/tools/bin/../lib/gcc/arm-none-eabi/11.3.1/thumb/v7-m/nofp/libgcc.a
LOAD /opt/st/stm32cubeide_1.13.2/plugins/com.st.stm32cube.ide.mcu.externaltools.gnu-tools-for-stm32.11.3.rel1.linux64_1.1.1.202309131626/tools/bin/../lib/gcc/arm-none-eabi/11.3.1/../../../../arm-none-eabi/lib/thumb/v7-m/nofp/libc_nano.a
END GROUP
START GROUP
LOAD /opt/st/stm32cubeide_1.13.2/plugins/com.st.stm32cube.ide.mcu.externaltools.gnu-tools-for-stm32.11.3.rel1.linux64_1.1.1.202309131626/tools/bin/../lib/gcc/arm-none-eabi/11.3.1/thumb/v7-m/nofp/libgcc.a
LOAD /opt/st/stm32cubeide_1.13.2/plugins/com.st.stm32cube.ide.mcu.externaltools.gnu-tools-for-stm32.11.3.rel1.linux64_1.1.1.202309131626/tools/bin/../lib/gcc/arm-none-eabi/11.3.1/../../../../arm-none-eabi/lib/thumb/v7-m/nofp/libc_nano.a
END GROUP
LOAD /opt/st/stm32cubeide_1.13.2/plugins/com.st.stm32cube.ide.mcu.externaltools.gnu-tools-for-stm32.11.3.rel1.linux64_1.1.1.202309131626/tools/bin/../lib/gcc/arm-none-eabi/11.3.1/thumb/v7-m/nofp/crtend.o
LOAD /opt/st/stm32cubeide_1.13.2/plugins/com.st.stm32cube.ide.mcu.externaltools.gnu-tools-for-stm32.11.3.rel1.linux64_1.1.1.202309131626/tools/bin/../lib/gcc/arm-none-eabi/11.3.1/thumb/v7-m/nofp/crtn.o
                0x0000000020002800                _estack = (ORIGIN (RAM) + LENGTH (RAM))
                0x0000000000000200                _Min_Heap_Size = 0x200
                0x0000000000000400                _Min_Stack_Size = 0x400

.isr_vector     0x0000000008000000      0x10c
                0x0000000008000000                . = ALIGN (0x4)
 *(.isr_vector)
 .isr_vector    0x0000000008000000      0x10c ./Core/Startup/startup_stm32f103c6tx.o
                0x0000000008000000                g_pfnVectors
                0x000000000800010c                . = ALIGN (0x4)

.text           0x000000000800010c     0x684c
                0x000000000800010c                . = ALIGN (0x4)
 *(.text)
 .text          0x000000000800010c       0x40 /opt/st/stm32cubeide_1.13.2/plugins/com.st.stm32cube.ide.mcu.externaltools.gnu-tools-for-stm32.11.3.rel1.linux64_1.1.1.202309131626/tools/bin/../lib/gcc/arm-none-eabi/11.3.1/thumb/v7-m/nofp/crtbegin.o
 .text          0x000000000800014c      0x378 /opt/st/stm32cubeide_1.13.2/plugins/com.st.stm32cube.ide.mcu.externaltools.gnu-tools-for-stm32.11.3.rel1.linux64_1.1.1.202309131626/tools/bin/../lib/gcc/arm-none-eabi/11.3.1/thumb/v7-m/nofp/libgcc.a(_arm_addsubdf3.o)
                0x000000000800014c                __aeabi_drsub
                0x0000000008000154                __aeabi_dsub
                0x0000000008000154                __subdf3
                0x0000000008000158                __adddf3
                0x0000000008000158                __aeabi_dadd
                0x00000000080003d0                __aeabi_ui2d
                0x00000000080003d0                __floatunsidf
                0x00000000080003f0                __floatsidf
                0x00000000080003f0                __aeabi_i2d
                0x0000000008000414                __extendsfdf2
                0x0000000008000414                __aeabi_f2d
                0x0000000008000458                __aeabi_ul2d
                0x0000000008000458                __floatundidf
                0x0000000008000468                __floatdidf
                0x0000000008000468                __aeabi_l2d
 .text          0x00000000080004c4      0x424 /opt/st/stm32cubeide_1.13.2/plugins/com.st.stm32cube.ide.mcu.externaltools.gnu-tools-for-stm32.11.3.rel1.linux64_1.1.1.202309131626/tools/bin/../lib/gcc/arm-none-eabi/11.3.1/thumb/v7-m/nofp/libgcc.a(_arm_muldivdf3.o)
                0x00000000080004c4                __aeabi_dmul
                0x00000000080004c4                __muldf3
                0x0000000008000718                __aeabi_ddiv
                0x0000000008000718                __divdf3
 .text          0x00000000080008e8       0xa0 /opt/st/stm32cubeide_1.13.2/plugins/com.st.stm32cube.ide.mcu.externaltools.gnu-tools-for-stm32.11.3.rel1.linux64_1.1.1.202309131626/tools/bin/../lib/gcc/arm-none-eabi/11.3.1/thumb/v7-m/nofp/libgcc.a(_arm_truncdfsf2.o)
                0x00000000080008e8                __aeabi_d2f
                0x00000000080008e8                __truncdfsf2
 .text          0x0000000008000988      0x21c /opt/st/stm32cubeide_1.13.2/plugins/com.st.stm32cube.ide.mcu.externaltools.gnu-tools-for-stm32.11.3.rel1.linux64_1.1.1.202309131626/tools/bin/../lib/gcc/arm-none-eabi/11.3.1/thumb/v7-m/nofp/libgcc.a(_arm_addsubsf3.o)
                0x0000000008000988                __aeabi_frsub
                0x0000000008000990                __subsf3
                0x0000000008000990                __aeabi_fsub
                0x0000000008000994                __aeabi_fadd
                0x0000000008000994                __addsf3
                0x0000000008000af4                __aeabi_ui2f
                0x0000000008000af4                __floatunsisf
                0x0000000008000afc                __aeabi_i2f
                0x0000000008000afc                __floatsisf
                0x0000000008000b18                __floatundisf
                0x0000000008000b18                __aeabi_ul2f
                0x0000000008000b28                __floatdisf
                0x0000000008000b28                __aeabi_l2f
 .text          0x0000000008000ba4      0x2a0 /opt/st/stm32cubeide_1.13.2/plugins/com.st.stm32cube.ide.mcu.externaltools.gnu-tools-for-stm32.11.3.rel1.linux64_1.1.1.202309131626/tools/bin/../lib/gcc/arm-none-eabi/11.3.1/thumb/v7-m/nofp/libgcc.a(_arm_muldivsf3.o)
                0x0000000008000ba4                __mulsf3
                0x0000000008000ba4                __aeabi_fmul
                0x0000000008000d0c                __divsf3
                0x0000000008000d0c                __aeabi_fdiv
 .text          0x0000000008000e44       0xec /opt/st/stm32cubeide_1.13.2/plugins/com.st.stm32cube.ide.mcu.externaltools.gnu-tools-for-stm32.11.3.rel1.linux64_1.1.1.202309131626/tools/bin/../lib/gcc/arm-none-eabi/11.3.1/thumb/v7-m/nofp/libgcc.a(_arm_cmpsf2.o)
                0x0000000008000e44                __gtsf2
                0x0000000008000e44                __gesf2
                0x0000000008000e4c                __lesf2
                0x0000000008000e4c                __ltsf2
                0x0000000008000e54                __nesf2
                0x0000000008000e54                __eqsf2
                0x0000000008000e54                __cmpsf2
                0x0000000008000eb4                __aeabi_cfrcmple
                0x0000000008000ebc                __aeabi_cfcmple
                0x0000000008000ebc                __aeabi_cfcmpeq
                0x0000000008000ecc                __aeabi_fcmpeq
                0x0000000008000ee0                __aeabi_fcmplt
                0x0000000008000ef4                __aeabi_fcmple
                0x0000000008000f08                __aeabi_fcmpge
                0x0000000008000f1c                __aeabi_fcmpgt
 .text          0x0000000008000f30       0x40 /opt/st/stm32cubeide_1.13.2/plugins/com.st.stm32cube.ide.mcu.externaltools.gnu-tools-for-stm32.11.3.rel1.linux64_1.1.1.202309131626/tools/bin/../lib/gcc/arm-none-eabi/11.3.1/thumb/v7-m/nofp/libgcc.a(_arm_fixunssfsi.o)
                0x0000000008000f30                __aeabi_f2uiz
                0x0000000008000f30                __fixunssfsi
 *(.text*)
 .text.setCSLine
                0x0000000008000f70       0x24 ./Core/Src/AMT22.o
                0x0000000008000f70                setCSLine
 .text.spiWriteRead
                0x0000000008000f94       0x58 ./Core/Src/AMT22.o
                0x0000000008000f94                spiWriteRead
 .text.getPositionSPI
                0x0000000008000fec      0x11c ./Core/Src/AMT22.o
                0x0000000008000fec                getPositionSPI
 .text.setZeroSPI
                0x0000000008001108       0x42 ./Core/Src/AMT22.o
                0x0000000008001108                setZeroSPI
 *fill*         0x000000000800114a        0x2 
 .text.calculateAngle
                0x000000000800114c       0xb4 ./Core/Src/AMT22.o
                0x000000000800114c                calculateAngle
 .text.delay    0x0000000008001200       0x16 ./Core/Src/AMT22.o
                0x0000000008001200                delay
 .text.startDWT
                0x0000000008001216        0xe ./Core/Src/AMT22.o
                0x0000000008001216                startDWT
 .text.DWT_Delay_Init
                0x0000000008001224       0x60 ./Core/Src/DWT_Delay.o
                0x0000000008001224                DWT_Delay_Init
 .text.DWT_Delay_us
                0x0000000008001284       0x50 ./Core/Src/DWT_Delay.o
                0x0000000008001284                DWT_Delay_us
 .text._ZSt3absd
                0x00000000080012d4       0x1e ./Core/Src/RoboArm.o
                0x00000000080012d4                std::abs(double)
 .text._ZSt3absf
                0x00000000080012f2       0x18 ./Core/Src/RoboArm.o
                0x00000000080012f2                std::abs(float)
 .text._ZSt4ceilf
                0x000000000800130a       0x18 ./Core/Src/RoboArm.o
                0x000000000800130a                std::ceil(float)
 *fill*         0x0000000008001322        0x2 
 .text._ZN7RoboArmC2Ehh
                0x0000000008001324       0xfc ./Core/Src/RoboArm.o
                0x0000000008001324                RoboArm::RoboArm(unsigned char, unsigned char)
                0x0000000008001324                RoboArm::RoboArm(unsigned char, unsigned char)
 .text._ZN7RoboArm13EmergencyStopEv
                0x0000000008001420       0x86 ./Core/Src/RoboArm.o
                0x0000000008001420                RoboArm::EmergencyStop()
 *fill*         0x00000000080014a6        0x2 
 .text._ZN7RoboArm11Move2MotorsEff
                0x00000000080014a8      0x374 ./Core/Src/RoboArm.o
                0x00000000080014a8                RoboArm::Move2Motors(float, float)
 .text._ZN7RoboArm13SetBuserStateEi
                0x000000000800181c       0x64 ./Core/Src/RoboArm.o
                0x000000000800181c                RoboArm::SetBuserState(int)
 .text._ZN7RoboArm10SetGripperEi
                0x0000000008001880       0xf4 ./Core/Src/RoboArm.o
                0x0000000008001880                RoboArm::SetGripper(int)
 .text._ZN7RoboArm13setPrintStateEb
                0x0000000008001974       0x30 ./Core/Src/RoboArm.o
                0x0000000008001974                RoboArm::setPrintState(bool)
 .text._ZN7RoboArm13getPrintStateEv
                0x00000000080019a4       0x22 ./Core/Src/RoboArm.o
                0x00000000080019a4                RoboArm::getPrintState()
 .text._ZN7RoboArm17SetMicrosteps4AllEh
                0x00000000080019c6       0x40 ./Core/Src/RoboArm.o
                0x00000000080019c6                RoboArm::SetMicrosteps4All(unsigned char)
 .text._ZN7RoboArm15SetSettEncodersER19__SPI_HandleTypeDefP12GPIO_TypeDeftS3_th
                0x0000000008001a06       0x46 ./Core/Src/RoboArm.o
                0x0000000008001a06                RoboArm::SetSettEncoders(__SPI_HandleTypeDef&, GPIO_TypeDef*, unsigned short, GPIO_TypeDef*, unsigned short, unsigned char)
 .text._ZN7RoboArm16GetAngleEncodersEm
                0x0000000008001a4c       0x26 ./Core/Src/RoboArm.o
                0x0000000008001a4c                RoboArm::GetAngleEncoders(unsigned long)
 *fill*         0x0000000008001a72        0x2 
 .text._ZN7RoboArm14GetLinEncodersEf
                0x0000000008001a74       0x50 ./Core/Src/RoboArm.o
                0x0000000008001a74                RoboArm::GetLinEncoders(float)
 .text._ZN7RoboArm14GetPosEncodersEh
                0x0000000008001ac4       0x6e ./Core/Src/RoboArm.o
                0x0000000008001ac4                RoboArm::GetPosEncoders(unsigned char)
 .text._ZN7RoboArm6GetLinEv
                0x0000000008001b32       0x94 ./Core/Src/RoboArm.o
                0x0000000008001b32                RoboArm::GetLin()
 *fill*         0x0000000008001bc6        0x2 
 .text._ZN7RoboArm6GetAngEv
                0x0000000008001bc8       0x88 ./Core/Src/RoboArm.o
                0x0000000008001bc8                RoboArm::GetAng()
 .text._ZN7RoboArm15SetZeroEncodersEv
                0x0000000008001c50       0x78 ./Core/Src/RoboArm.o
                0x0000000008001c50                RoboArm::SetZeroEncoders()
 .text._ZN7RoboArm13SetSettMotorsER20__UART_HandleTypeDefR17TIM_HandleTypeDefS3_S3_P12GPIO_TypeDeftS5_tS5_tS5_tS5_tS5_tS5_t
                0x0000000008001cc8      0x130 ./Core/Src/RoboArm.o
                0x0000000008001cc8                RoboArm::SetSettMotors(__UART_HandleTypeDef&, TIM_HandleTypeDef&, TIM_HandleTypeDef&, TIM_HandleTypeDef&, GPIO_TypeDef*, unsigned short, GPIO_TypeDef*, unsigned short, GPIO_TypeDef*, unsigned short, GPIO_TypeDef*, unsigned short, GPIO_TypeDef*, unsigned short, GPIO_TypeDef*, unsigned short, GPIO_TypeDef*, unsigned short)
 .text._ZN7RoboArm9SetEnableEtb
                0x0000000008001df8       0x72 ./Core/Src/RoboArm.o
                0x0000000008001df8                RoboArm::SetEnable(unsigned short, bool)
 .text._ZN7TMC2209C2Ev
                0x0000000008001e6a       0x38 ./Core/Src/TMC2209.o
                0x0000000008001e6a                TMC2209::TMC2209()
                0x0000000008001e6a                TMC2209::TMC2209()
 .text._ZN7TMC22095setupEP20__UART_HandleTypeDeflNS_13SerialAddressE
                0x0000000008001ea2       0x28 ./Core/Src/TMC2209.o
                0x0000000008001ea2                TMC2209::setup(__UART_HandleTypeDef*, long, TMC2209::SerialAddress)
 *fill*         0x0000000008001eca        0x2 
 .text._ZN7TMC22096enableEv
                0x0000000008001ecc       0x60 ./Core/Src/TMC2209.o
                0x0000000008001ecc                TMC2209::enable()
 .text._ZN7TMC220930setMicrostepsPerStepPowerOfTwoEh
                0x0000000008001f2c       0xc4 ./Core/Src/TMC2209.o
                0x0000000008001f2c                TMC2209::setMicrostepsPerStepPowerOfTwo(unsigned char)
 .text._ZN7TMC220927enableInverseMotorDirectionEv
                0x0000000008001ff0       0x20 ./Core/Src/TMC2209.o
                0x0000000008001ff0                TMC2209::enableInverseMotorDirection()
 .text._ZN7TMC220928disableInverseMotorDirectionEv
                0x0000000008002010       0x20 ./Core/Src/TMC2209.o
                0x0000000008002010                TMC2209::disableInverseMotorDirection()
 .text._ZN7TMC220910initializeElNS_13SerialAddressE
                0x0000000008002030       0x2c ./Core/Src/TMC2209.o
                0x0000000008002030                TMC2209::initialize(long, TMC2209::SerialAddress)
 .text._ZN7TMC220924setOperationModeToSerialENS_13SerialAddressE
                0x000000000800205c       0x4e ./Core/Src/TMC2209.o
                0x000000000800205c                TMC2209::setOperationModeToSerial(TMC2209::SerialAddress)
 *fill*         0x00000000080020aa        0x2 
 .text._ZN7TMC220922setRegistersToDefaultsEv
                0x00000000080020ac       0xf4 ./Core/Src/TMC2209.o
                0x00000000080020ac                TMC2209::setRegistersToDefaults()
 .text._ZN7TMC220911reverseDataEm
                0x00000000080021a0       0x54 ./Core/Src/TMC2209.o
                0x00000000080021a0                TMC2209::reverseData(unsigned long)
 .text._ZN7TMC22095writeEhm
                0x00000000080021f4       0x78 ./Core/Src/TMC2209.o
                0x00000000080021f4                TMC2209::write(unsigned char, unsigned long)
 .text._ZN7TMC220923writeStoredGlobalConfigEv
                0x000000000800226c       0x1e ./Core/Src/TMC2209.o
                0x000000000800226c                TMC2209::writeStoredGlobalConfig()
 .text._ZN7TMC220924writeStoredChopperConfigEv
                0x000000000800228a       0x1e ./Core/Src/TMC2209.o
                0x000000000800228a                TMC2209::writeStoredChopperConfig()
 .text._ZN7TMC220912calculateCrcINS_22WriteReadReplyDatagramEEEhRT_h
                0x00000000080022a8       0x9e ./Core/Src/TMC2209.o
                0x00000000080022a8                unsigned char TMC2209::calculateCrc<TMC2209::WriteReadReplyDatagram>(TMC2209::WriteReadReplyDatagram&, unsigned char)
 .text._ZN7TMC220926sendDatagramUnidirectionalINS_22WriteReadReplyDatagramEEEvRT_h
                0x0000000008002346       0x32 ./Core/Src/TMC2209.o
                0x0000000008002346                void TMC2209::sendDatagramUnidirectional<TMC2209::WriteReadReplyDatagram>(TMC2209::WriteReadReplyDatagram&, unsigned char)
 .text.main     0x0000000008002378      0x2c8 ./Core/Src/main.o
                0x0000000008002378                main
 .text._Z18SystemClock_Configv
                0x0000000008002640       0xa2 ./Core/Src/main.o
                0x0000000008002640                SystemClock_Config()
 *fill*         0x00000000080026e2        0x2 
 .text._ZL12MX_SPI1_Initv
                0x00000000080026e4       0x78 ./Core/Src/main.o
 .text._ZL12MX_TIM1_Initv
                0x000000000800275c      0x130 ./Core/Src/main.o
 .text._ZL12MX_TIM2_Initv
                0x000000000800288c       0xd0 ./Core/Src/main.o
 .text._ZL12MX_TIM3_Initv
                0x000000000800295c       0xd0 ./Core/Src/main.o
 .text._ZL19MX_USART1_UART_Initv
                0x0000000008002a2c       0x5c ./Core/Src/main.o
 .text._ZL19MX_USART2_UART_Initv
                0x0000000008002a88       0x5c ./Core/Src/main.o
 .text._ZL12MX_GPIO_Initv
                0x0000000008002ae4      0x164 ./Core/Src/main.o
 .text.HAL_UART_RxCpltCallback
                0x0000000008002c48       0xc0 ./Core/Src/main.o
                0x0000000008002c48                HAL_UART_RxCpltCallback
 .text.HAL_GPIO_EXTI_Callback
                0x0000000008002d08       0xac ./Core/Src/main.o
                0x0000000008002d08                HAL_GPIO_EXTI_Callback
 .text.HAL_UART_ErrorCallback
                0x0000000008002db4       0x8c ./Core/Src/main.o
                0x0000000008002db4                HAL_UART_ErrorCallback
 .text.HAL_TIM_PeriodElapsedCallback
                0x0000000008002e40       0xcc ./Core/Src/main.o
                0x0000000008002e40                HAL_TIM_PeriodElapsedCallback
 .text.Error_Handler
                0x0000000008002f0c       0x4c ./Core/Src/main.o
                0x0000000008002f0c                Error_Handler
 .text._Z41__static_initialization_and_destruction_0ii
                0x0000000008002f58       0x30 ./Core/Src/main.o
 .text._GLOBAL__sub_I_hspi1
                0x0000000008002f88       0x10 ./Core/Src/main.o
 .text.HAL_MspInit
                0x0000000008002f98       0x74 ./Core/Src/stm32f1xx_hal_msp.o
                0x0000000008002f98                HAL_MspInit
 .text.HAL_SPI_MspInit
                0x000000000800300c       0xc4 ./Core/Src/stm32f1xx_hal_msp.o
                0x000000000800300c                HAL_SPI_MspInit
 .text.HAL_TIM_PWM_MspInit
                0x00000000080030d0       0xb8 ./Core/Src/stm32f1xx_hal_msp.o
                0x00000000080030d0                HAL_TIM_PWM_MspInit
 .text.HAL_TIM_MspPostInit
                0x0000000008003188       0xe4 ./Core/Src/stm32f1xx_hal_msp.o
                0x0000000008003188                HAL_TIM_MspPostInit
 .text.HAL_UART_MspInit
                0x000000000800326c      0x114 ./Core/Src/stm32f1xx_hal_msp.o
                0x000000000800326c                HAL_UART_MspInit
 .text.NMI_Handler
                0x0000000008003380        0x6 ./Core/Src/stm32f1xx_it.o
                0x0000000008003380                NMI_Handler
 .text.HardFault_Handler
                0x0000000008003386        0x6 ./Core/Src/stm32f1xx_it.o
                0x0000000008003386                HardFault_Handler
 .text.MemManage_Handler
                0x000000000800338c        0x6 ./Core/Src/stm32f1xx_it.o
                0x000000000800338c                MemManage_Handler
 .text.BusFault_Handler
                0x0000000008003392        0x6 ./Core/Src/stm32f1xx_it.o
                0x0000000008003392                BusFault_Handler
 .text.UsageFault_Handler
                0x0000000008003398        0x6 ./Core/Src/stm32f1xx_it.o
                0x0000000008003398                UsageFault_Handler
 .text.SVC_Handler
                0x000000000800339e        0xc ./Core/Src/stm32f1xx_it.o
                0x000000000800339e                SVC_Handler
 .text.DebugMon_Handler
                0x00000000080033aa        0xc ./Core/Src/stm32f1xx_it.o
                0x00000000080033aa                DebugMon_Handler
 .text.PendSV_Handler
                0x00000000080033b6        0xc ./Core/Src/stm32f1xx_it.o
                0x00000000080033b6                PendSV_Handler
 .text.SysTick_Handler
                0x00000000080033c2        0xc ./Core/Src/stm32f1xx_it.o
                0x00000000080033c2                SysTick_Handler
 .text.RCC_IRQHandler
                0x00000000080033ce        0xc ./Core/Src/stm32f1xx_it.o
                0x00000000080033ce                RCC_IRQHandler
 .text.EXTI9_5_IRQHandler
                0x00000000080033da        0xe ./Core/Src/stm32f1xx_it.o
                0x00000000080033da                EXTI9_5_IRQHandler
 .text.TIM1_UP_IRQHandler
                0x00000000080033e8       0x14 ./Core/Src/stm32f1xx_it.o
                0x00000000080033e8                TIM1_UP_IRQHandler
 .text.TIM2_IRQHandler
                0x00000000080033fc       0x14 ./Core/Src/stm32f1xx_it.o
                0x00000000080033fc                TIM2_IRQHandler
 .text.TIM3_IRQHandler
                0x0000000008003410       0x14 ./Core/Src/stm32f1xx_it.o
                0x0000000008003410                TIM3_IRQHandler
 .text.SPI1_IRQHandler
                0x0000000008003424       0x14 ./Core/Src/stm32f1xx_it.o
                0x0000000008003424                SPI1_IRQHandler
 .text.USART1_IRQHandler
                0x0000000008003438       0x14 ./Core/Src/stm32f1xx_it.o
                0x0000000008003438                USART1_IRQHandler
 .text.USART2_IRQHandler
                0x000000000800344c       0x14 ./Core/Src/stm32f1xx_it.o
                0x000000000800344c                USART2_IRQHandler
 .text.EXTI15_10_IRQHandler
                0x0000000008003460       0x20 ./Core/Src/stm32f1xx_it.o
                0x0000000008003460                EXTI15_10_IRQHandler
 .text.SystemInit
                0x0000000008003480        0xc ./Core/Src/system_stm32f1xx.o
                0x0000000008003480                SystemInit
 .text.Reset_Handler
                0x000000000800348c       0x48 ./Core/Startup/startup_stm32f103c6tx.o
                0x000000000800348c                Reset_Handler
 .text.Default_Handler
                0x00000000080034d4        0x2 ./Core/Startup/startup_stm32f103c6tx.o
                0x00000000080034d4                RTC_Alarm_IRQHandler
                0x00000000080034d4                EXTI2_IRQHandler
                0x00000000080034d4                TIM1_CC_IRQHandler
                0x00000000080034d4                PVD_IRQHandler
                0x00000000080034d4                EXTI3_IRQHandler
                0x00000000080034d4                EXTI0_IRQHandler
                0x00000000080034d4                ADC1_2_IRQHandler
                0x00000000080034d4                TAMPER_IRQHandler
                0x00000000080034d4                DMA1_Channel4_IRQHandler
                0x00000000080034d4                RTC_IRQHandler
                0x00000000080034d4                DMA1_Channel7_IRQHandler
                0x00000000080034d4                CAN1_RX1_IRQHandler
                0x00000000080034d4                I2C1_EV_IRQHandler
                0x00000000080034d4                DMA1_Channel6_IRQHandler
                0x00000000080034d4                TIM1_TRG_COM_IRQHandler
                0x00000000080034d4                DMA1_Channel1_IRQHandler
                0x00000000080034d4                Default_Handler
                0x00000000080034d4                DMA1_Channel5_IRQHandler
                0x00000000080034d4                EXTI4_IRQHandler
                0x00000000080034d4                USB_LP_CAN1_RX0_IRQHandler
                0x00000000080034d4                USB_HP_CAN1_TX_IRQHandler
                0x00000000080034d4                DMA1_Channel3_IRQHandler
                0x00000000080034d4                WWDG_IRQHandler
                0x00000000080034d4                TIM1_BRK_IRQHandler
                0x00000000080034d4                EXTI1_IRQHandler
                0x00000000080034d4                DMA1_Channel2_IRQHandler
                0x00000000080034d4                CAN1_SCE_IRQHandler
                0x00000000080034d4                FLASH_IRQHandler
                0x00000000080034d4                I2C1_ER_IRQHandler
                0x00000000080034d4                USBWakeUp_IRQHandler
 *fill*         0x00000000080034d6        0x2 
 .text.HAL_Init
                0x00000000080034d8       0x2c ./Drivers/STM32F1xx_HAL_Driver/Src/stm32f1xx_hal.o
                0x00000000080034d8                HAL_Init
 .text.HAL_InitTick
                0x0000000008003504       0x60 ./Drivers/STM32F1xx_HAL_Driver/Src/stm32f1xx_hal.o
                0x0000000008003504                HAL_InitTick
 .text.HAL_IncTick
                0x0000000008003564       0x24 ./Drivers/STM32F1xx_HAL_Driver/Src/stm32f1xx_hal.o
                0x0000000008003564                HAL_IncTick
 .text.HAL_GetTick
                0x0000000008003588       0x14 ./Drivers/STM32F1xx_HAL_Driver/Src/stm32f1xx_hal.o
                0x0000000008003588                HAL_GetTick
 .text.HAL_Delay
                0x000000000800359c       0x48 ./Drivers/STM32F1xx_HAL_Driver/Src/stm32f1xx_hal.o
                0x000000000800359c                HAL_Delay
 .text.__NVIC_SetPriorityGrouping
                0x00000000080035e4       0x48 ./Drivers/STM32F1xx_HAL_Driver/Src/stm32f1xx_hal_cortex.o
 .text.__NVIC_GetPriorityGrouping
                0x000000000800362c       0x1c ./Drivers/STM32F1xx_HAL_Driver/Src/stm32f1xx_hal_cortex.o
 .text.__NVIC_EnableIRQ
                0x0000000008003648       0x38 ./Drivers/STM32F1xx_HAL_Driver/Src/stm32f1xx_hal_cortex.o
 .text.__NVIC_SetPriority
                0x0000000008003680       0x54 ./Drivers/STM32F1xx_HAL_Driver/Src/stm32f1xx_hal_cortex.o
 .text.NVIC_EncodePriority
                0x00000000080036d4       0x64 ./Drivers/STM32F1xx_HAL_Driver/Src/stm32f1xx_hal_cortex.o
 .text.SysTick_Config
                0x0000000008003738       0x44 ./Drivers/STM32F1xx_HAL_Driver/Src/stm32f1xx_hal_cortex.o
 .text.HAL_NVIC_SetPriorityGrouping
                0x000000000800377c       0x16 ./Drivers/STM32F1xx_HAL_Driver/Src/stm32f1xx_hal_cortex.o
                0x000000000800377c                HAL_NVIC_SetPriorityGrouping
 .text.HAL_NVIC_SetPriority
                0x0000000008003792       0x38 ./Drivers/STM32F1xx_HAL_Driver/Src/stm32f1xx_hal_cortex.o
                0x0000000008003792                HAL_NVIC_SetPriority
 .text.HAL_NVIC_EnableIRQ
                0x00000000080037ca       0x1c ./Drivers/STM32F1xx_HAL_Driver/Src/stm32f1xx_hal_cortex.o
                0x00000000080037ca                HAL_NVIC_EnableIRQ
 .text.HAL_SYSTICK_Config
                0x00000000080037e6       0x18 ./Drivers/STM32F1xx_HAL_Driver/Src/stm32f1xx_hal_cortex.o
                0x00000000080037e6                HAL_SYSTICK_Config
 .text.HAL_DMA_Abort
                0x00000000080037fe       0x76 ./Drivers/STM32F1xx_HAL_Driver/Src/stm32f1xx_hal_dma.o
                0x00000000080037fe                HAL_DMA_Abort
 .text.HAL_DMA_Abort_IT
                0x0000000008003874       0xf0 ./Drivers/STM32F1xx_HAL_Driver/Src/stm32f1xx_hal_dma.o
                0x0000000008003874                HAL_DMA_Abort_IT
 .text.HAL_GPIO_Init
                0x0000000008003964      0x2f8 ./Drivers/STM32F1xx_HAL_Driver/Src/stm32f1xx_hal_gpio.o
                0x0000000008003964                HAL_GPIO_Init
 .text.HAL_GPIO_WritePin
                0x0000000008003c5c       0x30 ./Drivers/STM32F1xx_HAL_Driver/Src/stm32f1xx_hal_gpio.o
                0x0000000008003c5c                HAL_GPIO_WritePin
 .text.HAL_GPIO_TogglePin
                0x0000000008003c8c       0x32 ./Drivers/STM32F1xx_HAL_Driver/Src/stm32f1xx_hal_gpio.o
                0x0000000008003c8c                HAL_GPIO_TogglePin
 *fill*         0x0000000008003cbe        0x2 
 .text.HAL_GPIO_EXTI_IRQHandler
                0x0000000008003cc0       0x30 ./Drivers/STM32F1xx_HAL_Driver/Src/stm32f1xx_hal_gpio.o
                0x0000000008003cc0                HAL_GPIO_EXTI_IRQHandler
 .text.HAL_RCC_OscConfig
                0x0000000008003cf0      0x504 ./Drivers/STM32F1xx_HAL_Driver/Src/stm32f1xx_hal_rcc.o
                0x0000000008003cf0                HAL_RCC_OscConfig
 .text.HAL_RCC_ClockConfig
                0x00000000080041f4      0x1d4 ./Drivers/STM32F1xx_HAL_Driver/Src/stm32f1xx_hal_rcc.o
                0x00000000080041f4                HAL_RCC_ClockConfig
 .text.HAL_RCC_EnableCSS
                0x00000000080043c8       0x18 ./Drivers/STM32F1xx_HAL_Driver/Src/stm32f1xx_hal_rcc.o
                0x00000000080043c8                HAL_RCC_EnableCSS
 .text.HAL_RCC_GetSysClockFreq
                0x00000000080043e0       0xa8 ./Drivers/STM32F1xx_HAL_Driver/Src/stm32f1xx_hal_rcc.o
                0x00000000080043e0                HAL_RCC_GetSysClockFreq
 .text.HAL_RCC_GetHCLKFreq
                0x0000000008004488       0x14 ./Drivers/STM32F1xx_HAL_Driver/Src/stm32f1xx_hal_rcc.o
                0x0000000008004488                HAL_RCC_GetHCLKFreq
 .text.HAL_RCC_GetPCLK1Freq
                0x000000000800449c       0x28 ./Drivers/STM32F1xx_HAL_Driver/Src/stm32f1xx_hal_rcc.o
                0x000000000800449c                HAL_RCC_GetPCLK1Freq
 .text.HAL_RCC_GetPCLK2Freq
                0x00000000080044c4       0x28 ./Drivers/STM32F1xx_HAL_Driver/Src/stm32f1xx_hal_rcc.o
                0x00000000080044c4                HAL_RCC_GetPCLK2Freq
 .text.RCC_Delay
                0x00000000080044ec       0x3c ./Drivers/STM32F1xx_HAL_Driver/Src/stm32f1xx_hal_rcc.o
 .text.HAL_SPI_Init
                0x0000000008004528      0x108 ./Drivers/STM32F1xx_HAL_Driver/Src/stm32f1xx_hal_spi.o
                0x0000000008004528                HAL_SPI_Init
 .text.HAL_SPI_TransmitReceive
                0x0000000008004630      0x360 ./Drivers/STM32F1xx_HAL_Driver/Src/stm32f1xx_hal_spi.o
                0x0000000008004630                HAL_SPI_TransmitReceive
 .text.HAL_SPI_IRQHandler
                0x0000000008004990      0x1bc ./Drivers/STM32F1xx_HAL_Driver/Src/stm32f1xx_hal_spi.o
                0x0000000008004990                HAL_SPI_IRQHandler
 .text.HAL_SPI_ErrorCallback
                0x0000000008004b4c       0x12 ./Drivers/STM32F1xx_HAL_Driver/Src/stm32f1xx_hal_spi.o
                0x0000000008004b4c                HAL_SPI_ErrorCallback
 .text.SPI_DMAAbortOnError
                0x0000000008004b5e       0x28 ./Drivers/STM32F1xx_HAL_Driver/Src/stm32f1xx_hal_spi.o
 *fill*         0x0000000008004b86        0x2 
 .text.SPI_WaitFlagStateUntilTimeout
                0x0000000008004b88      0x110 ./Drivers/STM32F1xx_HAL_Driver/Src/stm32f1xx_hal_spi.o
 .text.SPI_EndRxTxTransaction
                0x0000000008004c98       0x3c ./Drivers/STM32F1xx_HAL_Driver/Src/stm32f1xx_hal_spi.o
 .text.HAL_TIM_Base_Init
                0x0000000008004cd4       0x9e ./Drivers/STM32F1xx_HAL_Driver/Src/stm32f1xx_hal_tim.o
                0x0000000008004cd4                HAL_TIM_Base_Init
 .text.HAL_TIM_Base_MspInit
                0x0000000008004d72       0x12 ./Drivers/STM32F1xx_HAL_Driver/Src/stm32f1xx_hal_tim.o
                0x0000000008004d72                HAL_TIM_Base_MspInit
 .text.HAL_TIM_Base_Start_IT
                0x0000000008004d84       0x98 ./Drivers/STM32F1xx_HAL_Driver/Src/stm32f1xx_hal_tim.o
                0x0000000008004d84                HAL_TIM_Base_Start_IT
 .text.HAL_TIM_Base_Stop_IT
                0x0000000008004e1c       0x5c ./Drivers/STM32F1xx_HAL_Driver/Src/stm32f1xx_hal_tim.o
                0x0000000008004e1c                HAL_TIM_Base_Stop_IT
 .text.HAL_TIM_PWM_Init
                0x0000000008004e78       0x9e ./Drivers/STM32F1xx_HAL_Driver/Src/stm32f1xx_hal_tim.o
                0x0000000008004e78                HAL_TIM_PWM_Init
 *fill*         0x0000000008004f16        0x2 
 .text.HAL_TIM_PWM_Start
                0x0000000008004f18      0x138 ./Drivers/STM32F1xx_HAL_Driver/Src/stm32f1xx_hal_tim.o
                0x0000000008004f18                HAL_TIM_PWM_Start
 .text.HAL_TIM_PWM_Stop
                0x0000000008005050       0xc8 ./Drivers/STM32F1xx_HAL_Driver/Src/stm32f1xx_hal_tim.o
                0x0000000008005050                HAL_TIM_PWM_Stop
 .text.HAL_TIM_IRQHandler
                0x0000000008005118      0x210 ./Drivers/STM32F1xx_HAL_Driver/Src/stm32f1xx_hal_tim.o
                0x0000000008005118                HAL_TIM_IRQHandler
 .text.HAL_TIM_PWM_ConfigChannel
                0x0000000008005328      0x184 ./Drivers/STM32F1xx_HAL_Driver/Src/stm32f1xx_hal_tim.o
                0x0000000008005328                HAL_TIM_PWM_ConfigChannel
 .text.HAL_TIM_OC_DelayElapsedCallback
                0x00000000080054ac       0x12 ./Drivers/STM32F1xx_HAL_Driver/Src/stm32f1xx_hal_tim.o
                0x00000000080054ac                HAL_TIM_OC_DelayElapsedCallback
 .text.HAL_TIM_IC_CaptureCallback
                0x00000000080054be       0x12 ./Drivers/STM32F1xx_HAL_Driver/Src/stm32f1xx_hal_tim.o
                0x00000000080054be                HAL_TIM_IC_CaptureCallback
 .text.HAL_TIM_PWM_PulseFinishedCallback
                0x00000000080054d0       0x12 ./Drivers/STM32F1xx_HAL_Driver/Src/stm32f1xx_hal_tim.o
                0x00000000080054d0                HAL_TIM_PWM_PulseFinishedCallback
 .text.HAL_TIM_TriggerCallback
                0x00000000080054e2       0x12 ./Drivers/STM32F1xx_HAL_Driver/Src/stm32f1xx_hal_tim.o
                0x00000000080054e2                HAL_TIM_TriggerCallback
 .text.TIM_Base_SetConfig
                0x00000000080054f4       0xb0 ./Drivers/STM32F1xx_HAL_Driver/Src/stm32f1xx_hal_tim.o
                0x00000000080054f4                TIM_Base_SetConfig
 .text.TIM_OC1_SetConfig
                0x00000000080055a4       0xcc ./Drivers/STM32F1xx_HAL_Driver/Src/stm32f1xx_hal_tim.o
 .text.TIM_OC2_SetConfig
                0x0000000008005670       0xd4 ./Drivers/STM32F1xx_HAL_Driver/Src/stm32f1xx_hal_tim.o
                0x0000000008005670                TIM_OC2_SetConfig
 .text.TIM_OC3_SetConfig
                0x0000000008005744       0xd4 ./Drivers/STM32F1xx_HAL_Driver/Src/stm32f1xx_hal_tim.o
 .text.TIM_OC4_SetConfig
                0x0000000008005818       0x9c ./Drivers/STM32F1xx_HAL_Driver/Src/stm32f1xx_hal_tim.o
 .text.TIM_CCxChannelCmd
                0x00000000080058b4       0x48 ./Drivers/STM32F1xx_HAL_Driver/Src/stm32f1xx_hal_tim.o
                0x00000000080058b4                TIM_CCxChannelCmd
 .text.HAL_TIMEx_MasterConfigSynchronization
                0x00000000080058fc       0xb0 ./Drivers/STM32F1xx_HAL_Driver/Src/stm32f1xx_hal_tim_ex.o
                0x00000000080058fc                HAL_TIMEx_MasterConfigSynchronization
 .text.HAL_TIMEx_ConfigBreakDeadTime
                0x00000000080059ac       0xa2 ./Drivers/STM32F1xx_HAL_Driver/Src/stm32f1xx_hal_tim_ex.o
                0x00000000080059ac                HAL_TIMEx_ConfigBreakDeadTime
 .text.HAL_TIMEx_CommutCallback
                0x0000000008005a4e       0x12 ./Drivers/STM32F1xx_HAL_Driver/Src/stm32f1xx_hal_tim_ex.o
                0x0000000008005a4e                HAL_TIMEx_CommutCallback
 .text.HAL_TIMEx_BreakCallback
                0x0000000008005a60       0x12 ./Drivers/STM32F1xx_HAL_Driver/Src/stm32f1xx_hal_tim_ex.o
                0x0000000008005a60                HAL_TIMEx_BreakCallback
 .text.HAL_UART_Init
                0x0000000008005a72       0xa0 ./Drivers/STM32F1xx_HAL_Driver/Src/stm32f1xx_hal_uart.o
                0x0000000008005a72                HAL_UART_Init
 .text.HAL_HalfDuplex_Init
                0x0000000008005b12       0xb0 ./Drivers/STM32F1xx_HAL_Driver/Src/stm32f1xx_hal_uart.o
                0x0000000008005b12                HAL_HalfDuplex_Init
 .text.HAL_UART_Transmit
                0x0000000008005bc2      0x106 ./Drivers/STM32F1xx_HAL_Driver/Src/stm32f1xx_hal_uart.o
                0x0000000008005bc2                HAL_UART_Transmit
 .text.HAL_UART_Receive_IT
                0x0000000008005cc8       0x4a ./Drivers/STM32F1xx_HAL_Driver/Src/stm32f1xx_hal_uart.o
                0x0000000008005cc8                HAL_UART_Receive_IT
 *fill*         0x0000000008005d12        0x2 
 .text.HAL_UART_IRQHandler
                0x0000000008005d14      0x524 ./Drivers/STM32F1xx_HAL_Driver/Src/stm32f1xx_hal_uart.o
                0x0000000008005d14                HAL_UART_IRQHandler
 .text.HAL_UART_TxCpltCallback
                0x0000000008006238       0x12 ./Drivers/STM32F1xx_HAL_Driver/Src/stm32f1xx_hal_uart.o
                0x0000000008006238                HAL_UART_TxCpltCallback
 .text.HAL_UARTEx_RxEventCallback
                0x000000000800624a       0x16 ./Drivers/STM32F1xx_HAL_Driver/Src/stm32f1xx_hal_uart.o
                0x000000000800624a                HAL_UARTEx_RxEventCallback
 .text.HAL_HalfDuplex_EnableTransmitter
                0x0000000008006260       0x66 ./Drivers/STM32F1xx_HAL_Driver/Src/stm32f1xx_hal_uart.o
                0x0000000008006260                HAL_HalfDuplex_EnableTransmitter
 .text.UART_WaitOnFlagUntilTimeout
                0x00000000080062c6       0xdc ./Drivers/STM32F1xx_HAL_Driver/Src/stm32f1xx_hal_uart.o
 .text.UART_Start_Receive_IT
                0x00000000080063a2       0x72 ./Drivers/STM32F1xx_HAL_Driver/Src/stm32f1xx_hal_uart.o
                0x00000000080063a2                UART_Start_Receive_IT
 .text.UART_EndRxTransfer
                0x0000000008006414       0xc4 ./Drivers/STM32F1xx_HAL_Driver/Src/stm32f1xx_hal_uart.o
 .text.UART_DMAAbortOnError
                0x00000000080064d8       0x28 ./Drivers/STM32F1xx_HAL_Driver/Src/stm32f1xx_hal_uart.o
 .text.UART_Transmit_IT
                0x0000000008006500       0x9e ./Drivers/STM32F1xx_HAL_Driver/Src/stm32f1xx_hal_uart.o
 .text.UART_EndTransmit_IT
                0x000000000800659e       0x30 ./Drivers/STM32F1xx_HAL_Driver/Src/stm32f1xx_hal_uart.o
 .text.UART_Receive_IT
                0x00000000080065ce      0x17c ./Drivers/STM32F1xx_HAL_Driver/Src/stm32f1xx_hal_uart.o
 *fill*         0x000000000800674a        0x2 
 .text.UART_SetConfig
                0x000000000800674c      0x11c ./Drivers/STM32F1xx_HAL_Driver/Src/stm32f1xx_hal_uart.o
 .text.ceilf    0x0000000008006868       0x80 /opt/st/stm32cubeide_1.13.2/plugins/com.st.stm32cube.ide.mcu.externaltools.gnu-tools-for-stm32.11.3.rel1.linux64_1.1.1.202309131626/tools/bin/../lib/gcc/arm-none-eabi/11.3.1/../../../../arm-none-eabi/lib/thumb/v7-m/nofp/libm.a(libm_a-sf_ceil.o)
                0x0000000008006868                ceilf
 .text.memset   0x00000000080068e8       0x10 /opt/st/stm32cubeide_1.13.2/plugins/com.st.stm32cube.ide.mcu.externaltools.gnu-tools-for-stm32.11.3.rel1.linux64_1.1.1.202309131626/tools/bin/../lib/gcc/arm-none-eabi/11.3.1/../../../../arm-none-eabi/lib/thumb/v7-m/nofp/libc_nano.a(libc_a-memset.o)
                0x00000000080068e8                memset
 .text.__libc_init_array
                0x00000000080068f8       0x48 /opt/st/stm32cubeide_1.13.2/plugins/com.st.stm32cube.ide.mcu.externaltools.gnu-tools-for-stm32.11.3.rel1.linux64_1.1.1.202309131626/tools/bin/../lib/gcc/arm-none-eabi/11.3.1/../../../../arm-none-eabi/lib/thumb/v7-m/nofp/libc_nano.a(libc_a-init.o)
                0x00000000080068f8                __libc_init_array
 *(.glue_7)
 .glue_7        0x0000000008006940        0x0 linker stubs
 *(.glue_7t)
 .glue_7t       0x0000000008006940        0x0 linker stubs
 *(.eh_frame)
 .eh_frame      0x0000000008006940        0x0 /opt/st/stm32cubeide_1.13.2/plugins/com.st.stm32cube.ide.mcu.externaltools.gnu-tools-for-stm32.11.3.rel1.linux64_1.1.1.202309131626/tools/bin/../lib/gcc/arm-none-eabi/11.3.1/thumb/v7-m/nofp/crtbegin.o
 *(.init)
 .init          0x0000000008006940        0x4 /opt/st/stm32cubeide_1.13.2/plugins/com.st.stm32cube.ide.mcu.externaltools.gnu-tools-for-stm32.11.3.rel1.linux64_1.1.1.202309131626/tools/bin/../lib/gcc/arm-none-eabi/11.3.1/thumb/v7-m/nofp/crti.o
                0x0000000008006940                _init
 .init          0x0000000008006944        0x8 /opt/st/stm32cubeide_1.13.2/plugins/com.st.stm32cube.ide.mcu.externaltools.gnu-tools-for-stm32.11.3.rel1.linux64_1.1.1.202309131626/tools/bin/../lib/gcc/arm-none-eabi/11.3.1/thumb/v7-m/nofp/crtn.o
 *(.fini)
 .fini          0x000000000800694c        0x4 /opt/st/stm32cubeide_1.13.2/plugins/com.st.stm32cube.ide.mcu.externaltools.gnu-tools-for-stm32.11.3.rel1.linux64_1.1.1.202309131626/tools/bin/../lib/gcc/arm-none-eabi/11.3.1/thumb/v7-m/nofp/crti.o
                0x000000000800694c                _fini
 .fini          0x0000000008006950        0x8 /opt/st/stm32cubeide_1.13.2/plugins/com.st.stm32cube.ide.mcu.externaltools.gnu-tools-for-stm32.11.3.rel1.linux64_1.1.1.202309131626/tools/bin/../lib/gcc/arm-none-eabi/11.3.1/thumb/v7-m/nofp/crtn.o
                0x0000000008006958                . = ALIGN (0x4)
                0x0000000008006958                _etext = .

.vfp11_veneer   0x0000000008006958        0x0
 .vfp11_veneer  0x0000000008006958        0x0 linker stubs

.v4_bx          0x0000000008006958        0x0
 .v4_bx         0x0000000008006958        0x0 linker stubs

.iplt           0x0000000008006958        0x0
 .iplt          0x0000000008006958        0x0 /opt/st/stm32cubeide_1.13.2/plugins/com.st.stm32cube.ide.mcu.externaltools.gnu-tools-for-stm32.11.3.rel1.linux64_1.1.1.202309131626/tools/bin/../lib/gcc/arm-none-eabi/11.3.1/thumb/v7-m/nofp/crtbegin.o

.rodata         0x0000000008006958       0x2c
                0x0000000008006958                . = ALIGN (0x4)
 *(.rodata)
 *(.rodata*)
 .rodata.AHBPrescTable
                0x0000000008006958       0x10 ./Core/Src/system_stm32f1xx.o
                0x0000000008006958                AHBPrescTable
 .rodata.APBPrescTable
                0x0000000008006968        0x8 ./Core/Src/system_stm32f1xx.o
                0x0000000008006968                APBPrescTable
 .rodata.aPLLMULFactorTable.1
                0x0000000008006970       0x10 ./Drivers/STM32F1xx_HAL_Driver/Src/stm32f1xx_hal_rcc.o
 .rodata.aPredivFactorTable.0
                0x0000000008006980        0x2 ./Drivers/STM32F1xx_HAL_Driver/Src/stm32f1xx_hal_rcc.o
                0x0000000008006984                . = ALIGN (0x4)
 *fill*         0x0000000008006982        0x2 

.rel.dyn        0x0000000008006984        0x0
 .rel.iplt      0x0000000008006984        0x0 /opt/st/stm32cubeide_1.13.2/plugins/com.st.stm32cube.ide.mcu.externaltools.gnu-tools-for-stm32.11.3.rel1.linux64_1.1.1.202309131626/tools/bin/../lib/gcc/arm-none-eabi/11.3.1/thumb/v7-m/nofp/crtbegin.o

.ARM.extab      0x0000000008006984        0x0
                0x0000000008006984                . = ALIGN (0x4)
 *(.ARM.extab* .gnu.linkonce.armextab.*)
                0x0000000008006984                . = ALIGN (0x4)

.ARM            0x0000000008006984        0x0
                0x0000000008006984                . = ALIGN (0x4)
                0x0000000008006984                __exidx_start = .
 *(.ARM.exidx*)
                0x0000000008006984                __exidx_end = .
                0x0000000008006984                . = ALIGN (0x4)

.preinit_array  0x0000000008006984        0x0
                0x0000000008006984                . = ALIGN (0x4)
                0x0000000008006984                PROVIDE (__preinit_array_start = .)
 *(.preinit_array*)
                0x0000000008006984                PROVIDE (__preinit_array_end = .)
                0x0000000008006984                . = ALIGN (0x4)

.init_array     0x0000000008006984        0x8
                0x0000000008006984                . = ALIGN (0x4)
                0x0000000008006984                PROVIDE (__init_array_start = .)
 *(SORT_BY_NAME(.init_array.*))
 *(.init_array*)
 .init_array    0x0000000008006984        0x4 /opt/st/stm32cubeide_1.13.2/plugins/com.st.stm32cube.ide.mcu.externaltools.gnu-tools-for-stm32.11.3.rel1.linux64_1.1.1.202309131626/tools/bin/../lib/gcc/arm-none-eabi/11.3.1/thumb/v7-m/nofp/crtbegin.o
 .init_array    0x0000000008006988        0x4 ./Core/Src/main.o
                0x000000000800698c                PROVIDE (__init_array_end = .)
                0x000000000800698c                . = ALIGN (0x4)

.fini_array     0x000000000800698c        0x4
                0x000000000800698c                . = ALIGN (0x4)
                [!provide]                        PROVIDE (__fini_array_start = .)
 *(SORT_BY_NAME(.fini_array.*))
 *(.fini_array*)
 .fini_array    0x000000000800698c        0x4 /opt/st/stm32cubeide_1.13.2/plugins/com.st.stm32cube.ide.mcu.externaltools.gnu-tools-for-stm32.11.3.rel1.linux64_1.1.1.202309131626/tools/bin/../lib/gcc/arm-none-eabi/11.3.1/thumb/v7-m/nofp/crtbegin.o
                [!provide]                        PROVIDE (__fini_array_end = .)
                0x0000000008006990                . = ALIGN (0x4)
                0x0000000008006990                _sidata = LOADADDR (.data)

.data           0x0000000020000000       0x10 load address 0x0000000008006990
                0x0000000020000000                . = ALIGN (0x4)
                0x0000000020000000                _sdata = .
 *(.data)
 *(.data*)
 .data.allowMove
                0x0000000020000000        0x1 ./Core/Src/main.o
                0x0000000020000000                allowMove
 .data.gripperMoveFinished
                0x0000000020000001        0x1 ./Core/Src/main.o
                0x0000000020000001                gripperMoveFinished
 *fill*         0x0000000020000002        0x2 
 .data.SystemCoreClock
                0x0000000020000004        0x4 ./Core/Src/system_stm32f1xx.o
                0x0000000020000004                SystemCoreClock
 .data.uwTickPrio
                0x0000000020000008        0x4 ./Drivers/STM32F1xx_HAL_Driver/Src/stm32f1xx_hal.o
                0x0000000020000008                uwTickPrio
 .data.uwTickFreq
                0x000000002000000c        0x1 ./Drivers/STM32F1xx_HAL_Driver/Src/stm32f1xx_hal.o
                0x000000002000000c                uwTickFreq
 *(.RamFunc)
 *(.RamFunc*)
                0x0000000020000010                . = ALIGN (0x4)
 *fill*         0x000000002000000d        0x3 
                0x0000000020000010                _edata = .

.igot.plt       0x0000000020000010        0x0 load address 0x00000000080069a0
 .igot.plt      0x0000000020000010        0x0 /opt/st/stm32cubeide_1.13.2/plugins/com.st.stm32cube.ide.mcu.externaltools.gnu-tools-for-stm32.11.3.rel1.linux64_1.1.1.202309131626/tools/bin/../lib/gcc/arm-none-eabi/11.3.1/thumb/v7-m/nofp/crtbegin.o
                0x0000000020000010                . = ALIGN (0x4)

.bss            0x0000000020000010      0x358 load address 0x00000000080069a0
                0x0000000020000010                _sbss = .
                0x0000000020000010                __bss_start__ = _sbss
 *(.bss)
 .bss           0x0000000020000010       0x1c /opt/st/stm32cubeide_1.13.2/plugins/com.st.stm32cube.ide.mcu.externaltools.gnu-tools-for-stm32.11.3.rel1.linux64_1.1.1.202309131626/tools/bin/../lib/gcc/arm-none-eabi/11.3.1/thumb/v7-m/nofp/crtbegin.o
 *(.bss*)
 .bss.hspi1     0x000000002000002c       0x58 ./Core/Src/main.o
                0x000000002000002c                hspi1
 .bss.htim1     0x0000000020000084       0x48 ./Core/Src/main.o
                0x0000000020000084                htim1
 .bss.htim2     0x00000000200000cc       0x48 ./Core/Src/main.o
                0x00000000200000cc                htim2
 .bss.htim3     0x0000000020000114       0x48 ./Core/Src/main.o
                0x0000000020000114                htim3
 .bss.huart1    0x000000002000015c       0x48 ./Core/Src/main.o
                0x000000002000015c                huart1
 .bss.huart2    0x00000000200001a4       0x48 ./Core/Src/main.o
                0x00000000200001a4                huart2
 .bss.rx_buffer
                0x00000000200001ec        0xc ./Core/Src/main.o
                0x00000000200001ec                rx_buffer
 .bss.startFirstMove
                0x00000000200001f8        0x1 ./Core/Src/main.o
                0x00000000200001f8                startFirstMove
 .bss.sendDataFlag
                0x00000000200001f9        0x1 ./Core/Src/main.o
                0x00000000200001f9                sendDataFlag
 .bss.stopHand  0x00000000200001fa        0x1 ./Core/Src/main.o
                0x00000000200001fa                stopHand
 .bss.setZeroFlag
                0x00000000200001fb        0x1 ./Core/Src/main.o
                0x00000000200001fb                setZeroFlag
 .bss.timerFT1  0x00000000200001fc        0x1 ./Core/Src/main.o
                0x00000000200001fc                timerFT1
 .bss.timerFT2  0x00000000200001fd        0x1 ./Core/Src/main.o
                0x00000000200001fd                timerFT2
 *fill*         0x00000000200001fe        0x2 
 .bss.un_get    0x0000000020000200        0xc ./Core/Src/main.o
                0x0000000020000200                un_get
 .bss.un_send   0x000000002000020c        0xc ./Core/Src/main.o
                0x000000002000020c                un_send
 .bss.un_to     0x0000000020000218        0xc ./Core/Src/main.o
                0x0000000020000218                un_to
 .bss.un_now    0x0000000020000224        0xc ./Core/Src/main.o
                0x0000000020000224                un_now
 .bss.cntImpulse1
                0x0000000020000230        0x4 ./Core/Src/main.o
                0x0000000020000230                cntImpulse1
 .bss.cntImpulse2
                0x0000000020000234        0x4 ./Core/Src/main.o
                0x0000000020000234                cntImpulse2
 .bss.arm       0x0000000020000238      0x12c ./Core/Src/main.o
                0x0000000020000238                arm
 .bss.uwTick    0x0000000020000364        0x4 ./Drivers/STM32F1xx_HAL_Driver/Src/stm32f1xx_hal.o
                0x0000000020000364                uwTick
 *(COMMON)
                0x0000000020000368                . = ALIGN (0x4)
                0x0000000020000368                _ebss = .
                0x0000000020000368                __bss_end__ = _ebss

._user_heap_stack
                0x0000000020000368      0x600 load address 0x00000000080069a0
                0x0000000020000368                . = ALIGN (0x8)
                [!provide]                        PROVIDE (end = .)
                0x0000000020000368                PROVIDE (_end = .)
                0x0000000020000568                . = (. + _Min_Heap_Size)
 *fill*         0x0000000020000368      0x200 
                0x0000000020000968                . = (. + _Min_Stack_Size)
 *fill*         0x0000000020000568      0x400 
                0x0000000020000968                . = ALIGN (0x8)

/DISCARD/
 libc.a(*)
 libm.a(*)
 libgcc.a(*)

.ARM.attributes
                0x0000000000000000       0x29
 *(.ARM.attributes)
 .ARM.attributes
                0x0000000000000000       0x1d /opt/st/stm32cubeide_1.13.2/plugins/com.st.stm32cube.ide.mcu.externaltools.gnu-tools-for-stm32.11.3.rel1.linux64_1.1.1.202309131626/tools/bin/../lib/gcc/arm-none-eabi/11.3.1/thumb/v7-m/nofp/crti.o
 .ARM.attributes
                0x000000000000001d       0x2d /opt/st/stm32cubeide_1.13.2/plugins/com.st.stm32cube.ide.mcu.externaltools.gnu-tools-for-stm32.11.3.rel1.linux64_1.1.1.202309131626/tools/bin/../lib/gcc/arm-none-eabi/11.3.1/thumb/v7-m/nofp/crtbegin.o
 .ARM.attributes
                0x000000000000004a       0x2d ./Core/Src/AMT22.o
 .ARM.attributes
                0x0000000000000077       0x2d ./Core/Src/DWT_Delay.o
 .ARM.attributes
                0x00000000000000a4       0x2d ./Core/Src/RoboArm.o
 .ARM.attributes
                0x00000000000000d1       0x2d ./Core/Src/TMC2209.o
 .ARM.attributes
                0x00000000000000fe       0x2d ./Core/Src/main.o
 .ARM.attributes
                0x000000000000012b       0x2d ./Core/Src/stm32f1xx_hal_msp.o
 .ARM.attributes
                0x0000000000000158       0x2d ./Core/Src/stm32f1xx_it.o
 .ARM.attributes
                0x0000000000000185       0x2d ./Core/Src/system_stm32f1xx.o
 .ARM.attributes
                0x00000000000001b2       0x21 ./Core/Startup/startup_stm32f103c6tx.o
 .ARM.attributes
                0x00000000000001d3       0x2d ./Drivers/STM32F1xx_HAL_Driver/Src/stm32f1xx_hal.o
 .ARM.attributes
                0x0000000000000200       0x2d ./Drivers/STM32F1xx_HAL_Driver/Src/stm32f1xx_hal_cortex.o
 .ARM.attributes
                0x000000000000022d       0x2d ./Drivers/STM32F1xx_HAL_Driver/Src/stm32f1xx_hal_dma.o
 .ARM.attributes
                0x000000000000025a       0x2d ./Drivers/STM32F1xx_HAL_Driver/Src/stm32f1xx_hal_gpio.o
 .ARM.attributes
                0x0000000000000287       0x2d ./Drivers/STM32F1xx_HAL_Driver/Src/stm32f1xx_hal_rcc.o
 .ARM.attributes
                0x00000000000002b4       0x2d ./Drivers/STM32F1xx_HAL_Driver/Src/stm32f1xx_hal_spi.o
 .ARM.attributes
                0x00000000000002e1       0x2d ./Drivers/STM32F1xx_HAL_Driver/Src/stm32f1xx_hal_tim.o
 .ARM.attributes
                0x000000000000030e       0x2d ./Drivers/STM32F1xx_HAL_Driver/Src/stm32f1xx_hal_tim_ex.o
 .ARM.attributes
                0x000000000000033b       0x2d ./Drivers/STM32F1xx_HAL_Driver/Src/stm32f1xx_hal_uart.o
 .ARM.attributes
                0x0000000000000368       0x2d /opt/st/stm32cubeide_1.13.2/plugins/com.st.stm32cube.ide.mcu.externaltools.gnu-tools-for-stm32.11.3.rel1.linux64_1.1.1.202309131626/tools/bin/../lib/gcc/arm-none-eabi/11.3.1/../../../../arm-none-eabi/lib/thumb/v7-m/nofp/libm.a(libm_a-sf_ceil.o)
 .ARM.attributes
                0x0000000000000395       0x2d /opt/st/stm32cubeide_1.13.2/plugins/com.st.stm32cube.ide.mcu.externaltools.gnu-tools-for-stm32.11.3.rel1.linux64_1.1.1.202309131626/tools/bin/../lib/gcc/arm-none-eabi/11.3.1/../../../../arm-none-eabi/lib/thumb/v7-m/nofp/libc_nano.a(libc_a-memset.o)
 .ARM.attributes
                0x00000000000003c2       0x2d /opt/st/stm32cubeide_1.13.2/plugins/com.st.stm32cube.ide.mcu.externaltools.gnu-tools-for-stm32.11.3.rel1.linux64_1.1.1.202309131626/tools/bin/../lib/gcc/arm-none-eabi/11.3.1/../../../../arm-none-eabi/lib/thumb/v7-m/nofp/libc_nano.a(libc_a-init.o)
 .ARM.attributes
                0x00000000000003ef       0x1d /opt/st/stm32cubeide_1.13.2/plugins/com.st.stm32cube.ide.mcu.externaltools.gnu-tools-for-stm32.11.3.rel1.linux64_1.1.1.202309131626/tools/bin/../lib/gcc/arm-none-eabi/11.3.1/thumb/v7-m/nofp/libgcc.a(_arm_addsubdf3.o)
 .ARM.attributes
                0x000000000000040c       0x1d /opt/st/stm32cubeide_1.13.2/plugins/com.st.stm32cube.ide.mcu.externaltools.gnu-tools-for-stm32.11.3.rel1.linux64_1.1.1.202309131626/tools/bin/../lib/gcc/arm-none-eabi/11.3.1/thumb/v7-m/nofp/libgcc.a(_arm_muldivdf3.o)
 .ARM.attributes
                0x0000000000000429       0x1d /opt/st/stm32cubeide_1.13.2/plugins/com.st.stm32cube.ide.mcu.externaltools.gnu-tools-for-stm32.11.3.rel1.linux64_1.1.1.202309131626/tools/bin/../lib/gcc/arm-none-eabi/11.3.1/thumb/v7-m/nofp/libgcc.a(_arm_truncdfsf2.o)
 .ARM.attributes
                0x0000000000000446       0x1d /opt/st/stm32cubeide_1.13.2/plugins/com.st.stm32cube.ide.mcu.externaltools.gnu-tools-for-stm32.11.3.rel1.linux64_1.1.1.202309131626/tools/bin/../lib/gcc/arm-none-eabi/11.3.1/thumb/v7-m/nofp/libgcc.a(_arm_addsubsf3.o)
 .ARM.attributes
                0x0000000000000463       0x1d /opt/st/stm32cubeide_1.13.2/plugins/com.st.stm32cube.ide.mcu.externaltools.gnu-tools-for-stm32.11.3.rel1.linux64_1.1.1.202309131626/tools/bin/../lib/gcc/arm-none-eabi/11.3.1/thumb/v7-m/nofp/libgcc.a(_arm_muldivsf3.o)
 .ARM.attributes
                0x0000000000000480       0x1d /opt/st/stm32cubeide_1.13.2/plugins/com.st.stm32cube.ide.mcu.externaltools.gnu-tools-for-stm32.11.3.rel1.linux64_1.1.1.202309131626/tools/bin/../lib/gcc/arm-none-eabi/11.3.1/thumb/v7-m/nofp/libgcc.a(_arm_cmpsf2.o)
 .ARM.attributes
                0x000000000000049d       0x1d /opt/st/stm32cubeide_1.13.2/plugins/com.st.stm32cube.ide.mcu.externaltools.gnu-tools-for-stm32.11.3.rel1.linux64_1.1.1.202309131626/tools/bin/../lib/gcc/arm-none-eabi/11.3.1/thumb/v7-m/nofp/libgcc.a(_arm_fixunssfsi.o)
 .ARM.attributes
                0x00000000000004ba       0x1d /opt/st/stm32cubeide_1.13.2/plugins/com.st.stm32cube.ide.mcu.externaltools.gnu-tools-for-stm32.11.3.rel1.linux64_1.1.1.202309131626/tools/bin/../lib/gcc/arm-none-eabi/11.3.1/thumb/v7-m/nofp/crtn.o
OUTPUT(2moto1enco_c6t6a.elf elf32-littlearm)
LOAD linker stubs
LOAD /opt/st/stm32cubeide_1.13.2/plugins/com.st.stm32cube.ide.mcu.externaltools.gnu-tools-for-stm32.11.3.rel1.linux64_1.1.1.202309131626/tools/bin/../lib/gcc/arm-none-eabi/11.3.1/../../../../arm-none-eabi/lib/thumb/v7-m/nofp/libc.a
LOAD /opt/st/stm32cubeide_1.13.2/plugins/com.st.stm32cube.ide.mcu.externaltools.gnu-tools-for-stm32.11.3.rel1.linux64_1.1.1.202309131626/tools/bin/../lib/gcc/arm-none-eabi/11.3.1/../../../../arm-none-eabi/lib/thumb/v7-m/nofp/libm.a
LOAD /opt/st/stm32cubeide_1.13.2/plugins/com.st.stm32cube.ide.mcu.externaltools.gnu-tools-for-stm32.11.3.rel1.linux64_1.1.1.202309131626/tools/bin/../lib/gcc/arm-none-eabi/11.3.1/thumb/v7-m/nofp/libgcc.a

.comment        0x0000000000000000       0x43
 .comment       0x0000000000000000       0x43 /opt/st/stm32cubeide_1.13.2/plugins/com.st.stm32cube.ide.mcu.externaltools.gnu-tools-for-stm32.11.3.rel1.linux64_1.1.1.202309131626/tools/bin/../lib/gcc/arm-none-eabi/11.3.1/thumb/v7-m/nofp/crtbegin.o
                                         0x44 (size before relaxing)
 .comment       0x0000000000000043       0x44 ./Core/Src/AMT22.o
 .comment       0x0000000000000043       0x44 ./Core/Src/DWT_Delay.o
 .comment       0x0000000000000043       0x44 ./Core/Src/RoboArm.o
 .comment       0x0000000000000043       0x44 ./Core/Src/TMC2209.o
 .comment       0x0000000000000043       0x44 ./Core/Src/main.o
 .comment       0x0000000000000043       0x44 ./Core/Src/stm32f1xx_hal_msp.o
 .comment       0x0000000000000043       0x44 ./Core/Src/stm32f1xx_it.o
 .comment       0x0000000000000043       0x44 ./Core/Src/system_stm32f1xx.o
 .comment       0x0000000000000043       0x44 ./Drivers/STM32F1xx_HAL_Driver/Src/stm32f1xx_hal.o
 .comment       0x0000000000000043       0x44 ./Drivers/STM32F1xx_HAL_Driver/Src/stm32f1xx_hal_cortex.o
 .comment       0x0000000000000043       0x44 ./Drivers/STM32F1xx_HAL_Driver/Src/stm32f1xx_hal_dma.o
 .comment       0x0000000000000043       0x44 ./Drivers/STM32F1xx_HAL_Driver/Src/stm32f1xx_hal_gpio.o
 .comment       0x0000000000000043       0x44 ./Drivers/STM32F1xx_HAL_Driver/Src/stm32f1xx_hal_rcc.o
 .comment       0x0000000000000043       0x44 ./Drivers/STM32F1xx_HAL_Driver/Src/stm32f1xx_hal_spi.o
 .comment       0x0000000000000043       0x44 ./Drivers/STM32F1xx_HAL_Driver/Src/stm32f1xx_hal_tim.o
 .comment       0x0000000000000043       0x44 ./Drivers/STM32F1xx_HAL_Driver/Src/stm32f1xx_hal_tim_ex.o
 .comment       0x0000000000000043       0x44 ./Drivers/STM32F1xx_HAL_Driver/Src/stm32f1xx_hal_uart.o

.debug_info     0x0000000000000000    0x17dfc
 .debug_info    0x0000000000000000      0x8bb ./Core/Src/AMT22.o
 .debug_info    0x00000000000008bb      0x2b1 ./Core/Src/DWT_Delay.o
 .debug_info    0x0000000000000b6c     0x3dd0 ./Core/Src/RoboArm.o
 .debug_info    0x000000000000493c     0x2c2a ./Core/Src/TMC2209.o
 .debug_info    0x0000000000007566     0x4073 ./Core/Src/main.o
 .debug_info    0x000000000000b5d9     0x112d ./Core/Src/stm32f1xx_hal_msp.o
 .debug_info    0x000000000000c706      0xc8f ./Core/Src/stm32f1xx_it.o
 .debug_info    0x000000000000d395      0x222 ./Core/Src/system_stm32f1xx.o
 .debug_info    0x000000000000d5b7       0x23 ./Core/Startup/startup_stm32f103c6tx.o
 .debug_info    0x000000000000d5da      0x6e6 ./Drivers/STM32F1xx_HAL_Driver/Src/stm32f1xx_hal.o
 .debug_info    0x000000000000dcc0      0xa69 ./Drivers/STM32F1xx_HAL_Driver/Src/stm32f1xx_hal_cortex.o
 .debug_info    0x000000000000e729      0x6d2 ./Drivers/STM32F1xx_HAL_Driver/Src/stm32f1xx_hal_dma.o
 .debug_info    0x000000000000edfb      0x5ab ./Drivers/STM32F1xx_HAL_Driver/Src/stm32f1xx_hal_gpio.o
 .debug_info    0x000000000000f3a6      0x7d5 ./Drivers/STM32F1xx_HAL_Driver/Src/stm32f1xx_hal_rcc.o
 .debug_info    0x000000000000fb7b     0x1503 ./Drivers/STM32F1xx_HAL_Driver/Src/stm32f1xx_hal_spi.o
 .debug_info    0x000000000001107e     0x293b ./Drivers/STM32F1xx_HAL_Driver/Src/stm32f1xx_hal_tim.o
 .debug_info    0x00000000000139b9     0x149b ./Drivers/STM32F1xx_HAL_Driver/Src/stm32f1xx_hal_tim_ex.o
 .debug_info    0x0000000000014e54     0x2fa8 ./Drivers/STM32F1xx_HAL_Driver/Src/stm32f1xx_hal_uart.o

.debug_abbrev   0x0000000000000000     0x3034
 .debug_abbrev  0x0000000000000000      0x212 ./Core/Src/AMT22.o
 .debug_abbrev  0x0000000000000212      0x101 ./Core/Src/DWT_Delay.o
 .debug_abbrev  0x0000000000000313      0x642 ./Core/Src/RoboArm.o
 .debug_abbrev  0x0000000000000955      0x537 ./Core/Src/TMC2209.o
 .debug_abbrev  0x0000000000000e8c      0x666 ./Core/Src/main.o
 .debug_abbrev  0x00000000000014f2      0x21f ./Core/Src/stm32f1xx_hal_msp.o
 .debug_abbrev  0x0000000000001711      0x1dc ./Core/Src/stm32f1xx_it.o
 .debug_abbrev  0x00000000000018ed      0x13f ./Core/Src/system_stm32f1xx.o
 .debug_abbrev  0x0000000000001a2c       0x12 ./Core/Startup/startup_stm32f103c6tx.o
 .debug_abbrev  0x0000000000001a3e      0x201 ./Drivers/STM32F1xx_HAL_Driver/Src/stm32f1xx_hal.o
 .debug_abbrev  0x0000000000001c3f      0x2f8 ./Drivers/STM32F1xx_HAL_Driver/Src/stm32f1xx_hal_cortex.o
 .debug_abbrev  0x0000000000001f37      0x20b ./Drivers/STM32F1xx_HAL_Driver/Src/stm32f1xx_hal_dma.o
 .debug_abbrev  0x0000000000002142      0x1ca ./Drivers/STM32F1xx_HAL_Driver/Src/stm32f1xx_hal_gpio.o
 .debug_abbrev  0x000000000000230c      0x2b3 ./Drivers/STM32F1xx_HAL_Driver/Src/stm32f1xx_hal_rcc.o
 .debug_abbrev  0x00000000000025bf      0x284 ./Drivers/STM32F1xx_HAL_Driver/Src/stm32f1xx_hal_spi.o
 .debug_abbrev  0x0000000000002843      0x277 ./Drivers/STM32F1xx_HAL_Driver/Src/stm32f1xx_hal_tim.o
 .debug_abbrev  0x0000000000002aba      0x282 ./Drivers/STM32F1xx_HAL_Driver/Src/stm32f1xx_hal_tim_ex.o
 .debug_abbrev  0x0000000000002d3c      0x2f8 ./Drivers/STM32F1xx_HAL_Driver/Src/stm32f1xx_hal_uart.o

.debug_aranges  0x0000000000000000     0x1058
 .debug_aranges
                0x0000000000000000       0x58 ./Core/Src/AMT22.o
 .debug_aranges
                0x0000000000000058       0x30 ./Core/Src/DWT_Delay.o
 .debug_aranges
                0x0000000000000088       0xf8 ./Core/Src/RoboArm.o
 .debug_aranges
                0x0000000000000180       0x98 ./Core/Src/TMC2209.o
 .debug_aranges
                0x0000000000000218       0x98 ./Core/Src/main.o
 .debug_aranges
                0x00000000000002b0       0x58 ./Core/Src/stm32f1xx_hal_msp.o
 .debug_aranges
                0x0000000000000308       0xa8 ./Core/Src/stm32f1xx_it.o
 .debug_aranges
                0x00000000000003b0       0x28 ./Core/Src/system_stm32f1xx.o
 .debug_aranges
                0x00000000000003d8       0x28 ./Core/Startup/startup_stm32f103c6tx.o
 .debug_aranges
                0x0000000000000400       0xe0 ./Drivers/STM32F1xx_HAL_Driver/Src/stm32f1xx_hal.o
 .debug_aranges
                0x00000000000004e0      0x100 ./Drivers/STM32F1xx_HAL_Driver/Src/stm32f1xx_hal_cortex.o
 .debug_aranges
                0x00000000000005e0       0x80 ./Drivers/STM32F1xx_HAL_Driver/Src/stm32f1xx_hal_dma.o
 .debug_aranges
                0x0000000000000660       0x58 ./Drivers/STM32F1xx_HAL_Driver/Src/stm32f1xx_hal_gpio.o
 .debug_aranges
                0x00000000000006b8       0x90 ./Drivers/STM32F1xx_HAL_Driver/Src/stm32f1xx_hal_rcc.o
 .debug_aranges
                0x0000000000000748      0x1d0 ./Drivers/STM32F1xx_HAL_Driver/Src/stm32f1xx_hal_spi.o
 .debug_aranges
                0x0000000000000918      0x3d0 ./Drivers/STM32F1xx_HAL_Driver/Src/stm32f1xx_hal_tim.o
 .debug_aranges
                0x0000000000000ce8      0x168 ./Drivers/STM32F1xx_HAL_Driver/Src/stm32f1xx_hal_tim_ex.o
 .debug_aranges
                0x0000000000000e50      0x208 ./Drivers/STM32F1xx_HAL_Driver/Src/stm32f1xx_hal_uart.o

.debug_rnglists
                0x0000000000000000      0xcc6
 .debug_rnglists
                0x0000000000000000       0x3f ./Core/Src/AMT22.o
 .debug_rnglists
                0x000000000000003f       0x1f ./Core/Src/DWT_Delay.o
 .debug_rnglists
                0x000000000000005e       0xbe ./Core/Src/RoboArm.o
 .debug_rnglists
                0x000000000000011c       0x70 ./Core/Src/TMC2209.o
 .debug_rnglists
                0x000000000000018c       0x77 ./Core/Src/main.o
 .debug_rnglists
                0x0000000000000203       0x41 ./Core/Src/stm32f1xx_hal_msp.o
 .debug_rnglists
                0x0000000000000244       0x79 ./Core/Src/stm32f1xx_it.o
 .debug_rnglists
                0x00000000000002bd       0x1a ./Core/Src/system_stm32f1xx.o
 .debug_rnglists
                0x00000000000002d7       0x19 ./Core/Startup/startup_stm32f103c6tx.o
 .debug_rnglists
                0x00000000000002f0       0xa3 ./Drivers/STM32F1xx_HAL_Driver/Src/stm32f1xx_hal.o
 .debug_rnglists
                0x0000000000000393       0xbb ./Drivers/STM32F1xx_HAL_Driver/Src/stm32f1xx_hal_cortex.o
 .debug_rnglists
                0x000000000000044e       0x64 ./Drivers/STM32F1xx_HAL_Driver/Src/stm32f1xx_hal_dma.o
 .debug_rnglists
                0x00000000000004b2       0x3f ./Drivers/STM32F1xx_HAL_Driver/Src/stm32f1xx_hal_gpio.o
 .debug_rnglists
                0x00000000000004f1       0x6c ./Drivers/STM32F1xx_HAL_Driver/Src/stm32f1xx_hal_rcc.o
 .debug_rnglists
                0x000000000000055d      0x16e ./Drivers/STM32F1xx_HAL_Driver/Src/stm32f1xx_hal_spi.o
 .debug_rnglists
                0x00000000000006cb      0x31a ./Drivers/STM32F1xx_HAL_Driver/Src/stm32f1xx_hal_tim.o
 .debug_rnglists
                0x00000000000009e5      0x125 ./Drivers/STM32F1xx_HAL_Driver/Src/stm32f1xx_hal_tim_ex.o
 .debug_rnglists
                0x0000000000000b0a      0x1bc ./Drivers/STM32F1xx_HAL_Driver/Src/stm32f1xx_hal_uart.o

.debug_macro    0x0000000000000000    0x1b39e
 .debug_macro   0x0000000000000000      0x26f ./Core/Src/AMT22.o
 .debug_macro   0x000000000000026f      0xa9c ./Core/Src/AMT22.o
 .debug_macro   0x0000000000000d0b       0x22 ./Core/Src/AMT22.o
 .debug_macro   0x0000000000000d2d       0x8e ./Core/Src/AMT22.o
 .debug_macro   0x0000000000000dbb       0x51 ./Core/Src/AMT22.o
 .debug_macro   0x0000000000000e0c      0x103 ./Core/Src/AMT22.o
 .debug_macro   0x0000000000000f0f       0x6a ./Core/Src/AMT22.o
 .debug_macro   0x0000000000000f79      0x1df ./Core/Src/AMT22.o
 .debug_macro   0x0000000000001158      0x221 ./Core/Src/AMT22.o
 .debug_macro   0x0000000000001379       0x2e ./Core/Src/AMT22.o
 .debug_macro   0x00000000000013a7       0x22 ./Core/Src/AMT22.o
 .debug_macro   0x00000000000013c9       0x1c ./Core/Src/AMT22.o
 .debug_macro   0x00000000000013e5       0x22 ./Core/Src/AMT22.o
 .debug_macro   0x0000000000001407       0xbd ./Core/Src/AMT22.o
 .debug_macro   0x00000000000014c4      0xd23 ./Core/Src/AMT22.o
 .debug_macro   0x00000000000021e7     0xde75 ./Core/Src/AMT22.o
 .debug_macro   0x000000000001005c       0x6d ./Core/Src/AMT22.o
 .debug_macro   0x00000000000100c9     0x348d ./Core/Src/AMT22.o
 .debug_macro   0x0000000000013556      0x174 ./Core/Src/AMT22.o
 .debug_macro   0x00000000000136ca       0x5c ./Core/Src/AMT22.o
 .debug_macro   0x0000000000013726      0x5bc ./Core/Src/AMT22.o
 .debug_macro   0x0000000000013ce2      0x1b7 ./Core/Src/AMT22.o
 .debug_macro   0x0000000000013e99      0x1cb ./Core/Src/AMT22.o
 .debug_macro   0x0000000000014064      0x114 ./Core/Src/AMT22.o
 .debug_macro   0x0000000000014178      0x1b2 ./Core/Src/AMT22.o
 .debug_macro   0x000000000001432a       0x27 ./Core/Src/AMT22.o
 .debug_macro   0x0000000000014351      0x12f ./Core/Src/AMT22.o
 .debug_macro   0x0000000000014480      0x1bc ./Core/Src/AMT22.o
 .debug_macro   0x000000000001463c       0x34 ./Core/Src/AMT22.o
 .debug_macro   0x0000000000014670       0x3c ./Core/Src/AMT22.o
 .debug_macro   0x00000000000146ac       0x57 ./Core/Src/AMT22.o
 .debug_macro   0x0000000000014703       0x87 ./Core/Src/AMT22.o
 .debug_macro   0x000000000001478a      0x183 ./Core/Src/AMT22.o
 .debug_macro   0x000000000001490d      0x140 ./Core/Src/AMT22.o
 .debug_macro   0x0000000000014a4d      0x217 ./Core/Src/AMT22.o
 .debug_macro   0x0000000000014c64      0x8ed ./Core/Src/AMT22.o
 .debug_macro   0x0000000000015551      0x28e ./Core/Src/AMT22.o
 .debug_macro   0x00000000000157df       0x69 ./Core/Src/AMT22.o
 .debug_macro   0x0000000000015848       0x40 ./Core/Src/AMT22.o
 .debug_macro   0x0000000000015888       0x61 ./Core/Src/AMT22.o
 .debug_macro   0x00000000000158e9       0x24 ./Core/Src/AMT22.o
 .debug_macro   0x000000000001590d       0x43 ./Core/Src/AMT22.o
 .debug_macro   0x0000000000015950       0x34 ./Core/Src/AMT22.o
 .debug_macro   0x0000000000015984       0x16 ./Core/Src/AMT22.o
 .debug_macro   0x000000000001599a       0x43 ./Core/Src/AMT22.o
 .debug_macro   0x00000000000159dd       0x34 ./Core/Src/AMT22.o
 .debug_macro   0x0000000000015a11       0x10 ./Core/Src/AMT22.o
 .debug_macro   0x0000000000015a21       0x58 ./Core/Src/AMT22.o
 .debug_macro   0x0000000000015a79       0x8e ./Core/Src/AMT22.o
 .debug_macro   0x0000000000015b07       0x1c ./Core/Src/AMT22.o
 .debug_macro   0x0000000000015b23      0x177 ./Core/Src/AMT22.o
 .debug_macro   0x0000000000015c9a      0x369 ./Core/Src/AMT22.o
 .debug_macro   0x0000000000016003      0x19b ./Core/Src/AMT22.o
 .debug_macro   0x000000000001619e      0x1b5 ./Core/Src/DWT_Delay.o
 .debug_macro   0x0000000000016353      0x330 ./Core/Src/RoboArm.o
 .debug_macro   0x0000000000016683      0xb74 ./Core/Src/RoboArm.o
 .debug_macro   0x00000000000171f7       0x1c ./Core/Src/RoboArm.o
 .debug_macro   0x0000000000017213      0xd23 ./Core/Src/RoboArm.o
 .debug_macro   0x0000000000017f36      0x17b ./Core/Src/RoboArm.o
 .debug_macro   0x00000000000180b1      0x1b2 ./Core/Src/RoboArm.o
 .debug_macro   0x0000000000018263       0x10 ./Core/Src/RoboArm.o
 .debug_macro   0x0000000000018273      0x3ed ./Core/Src/RoboArm.o
 .debug_macro   0x0000000000018660       0x18 ./Core/Src/RoboArm.o
 .debug_macro   0x0000000000018678       0x34 ./Core/Src/RoboArm.o
 .debug_macro   0x00000000000186ac       0x43 ./Core/Src/RoboArm.o
 .debug_macro   0x00000000000186ef       0x16 ./Core/Src/RoboArm.o
 .debug_macro   0x0000000000018705      0x38c ./Core/Src/RoboArm.o
 .debug_macro   0x0000000000018a91      0x194 ./Core/Src/RoboArm.o
 .debug_macro   0x0000000000018c25       0x10 ./Core/Src/RoboArm.o
 .debug_macro   0x0000000000018c35       0x16 ./Core/Src/RoboArm.o
 .debug_macro   0x0000000000018c4b       0x35 ./Core/Src/RoboArm.o
 .debug_macro   0x0000000000018c80       0x16 ./Core/Src/RoboArm.o
 .debug_macro   0x0000000000018c96       0x29 ./Core/Src/RoboArm.o
 .debug_macro   0x0000000000018cbf       0x10 ./Core/Src/RoboArm.o
 .debug_macro   0x0000000000018ccf      0x3c7 ./Core/Src/RoboArm.o
 .debug_macro   0x0000000000019096       0x22 ./Core/Src/RoboArm.o
 .debug_macro   0x00000000000190b8      0x392 ./Core/Src/TMC2209.o
 .debug_macro   0x000000000001944a       0x16 ./Core/Src/TMC2209.o
 .debug_macro   0x0000000000019460       0x10 ./Core/Src/TMC2209.o
 .debug_macro   0x0000000000019470       0x16 ./Core/Src/TMC2209.o
 .debug_macro   0x0000000000019486       0x16 ./Core/Src/TMC2209.o
 .debug_macro   0x000000000001949c      0x139 ./Core/Src/TMC2209.o
 .debug_macro   0x00000000000195d5       0x16 ./Core/Src/TMC2209.o
 .debug_macro   0x00000000000195eb       0x20 ./Core/Src/TMC2209.o
 .debug_macro   0x000000000001960b       0x16 ./Core/Src/TMC2209.o
 .debug_macro   0x0000000000019621      0x100 ./Core/Src/TMC2209.o
 .debug_macro   0x0000000000019721      0x3c0 ./Core/Src/main.o
 .debug_macro   0x0000000000019ae1      0x2de ./Core/Src/stm32f1xx_hal_msp.o
 .debug_macro   0x0000000000019dbf       0x35 ./Core/Src/stm32f1xx_hal_msp.o
 .debug_macro   0x0000000000019df4      0x147 ./Core/Src/stm32f1xx_hal_msp.o
 .debug_macro   0x0000000000019f3b       0x22 ./Core/Src/stm32f1xx_hal_msp.o
 .debug_macro   0x0000000000019f5d      0x2e8 ./Core/Src/stm32f1xx_it.o
 .debug_macro   0x000000000001a245      0x1ab ./Core/Src/system_stm32f1xx.o
 .debug_macro   0x000000000001a3f0      0x1cf ./Drivers/STM32F1xx_HAL_Driver/Src/stm32f1xx_hal.o
 .debug_macro   0x000000000001a5bf      0x1ab ./Drivers/STM32F1xx_HAL_Driver/Src/stm32f1xx_hal_cortex.o
 .debug_macro   0x000000000001a76a      0x1ab ./Drivers/STM32F1xx_HAL_Driver/Src/stm32f1xx_hal_dma.o
 .debug_macro   0x000000000001a915      0x216 ./Drivers/STM32F1xx_HAL_Driver/Src/stm32f1xx_hal_gpio.o
 .debug_macro   0x000000000001ab2b      0x1bd ./Drivers/STM32F1xx_HAL_Driver/Src/stm32f1xx_hal_rcc.o
 .debug_macro   0x000000000001ace8      0x1b3 ./Drivers/STM32F1xx_HAL_Driver/Src/stm32f1xx_hal_spi.o
 .debug_macro   0x000000000001ae9b      0x1ac ./Drivers/STM32F1xx_HAL_Driver/Src/stm32f1xx_hal_tim.o
 .debug_macro   0x000000000001b047      0x1ab ./Drivers/STM32F1xx_HAL_Driver/Src/stm32f1xx_hal_tim_ex.o
 .debug_macro   0x000000000001b1f2      0x1ac ./Drivers/STM32F1xx_HAL_Driver/Src/stm32f1xx_hal_uart.o

.debug_line     0x0000000000000000    0x1246f
 .debug_line    0x0000000000000000      0x8fb ./Core/Src/AMT22.o
 .debug_line    0x00000000000008fb      0x6ed ./Core/Src/DWT_Delay.o
 .debug_line    0x0000000000000fe8     0x12d8 ./Core/Src/RoboArm.o
 .debug_line    0x00000000000022c0      0xe75 ./Core/Src/TMC2209.o
 .debug_line    0x0000000000003135     0x114e ./Core/Src/main.o
 .debug_line    0x0000000000004283      0x9a9 ./Core/Src/stm32f1xx_hal_msp.o
 .debug_line    0x0000000000004c2c      0x97a ./Core/Src/stm32f1xx_it.o
 .debug_line    0x00000000000055a6      0x6d7 ./Core/Src/system_stm32f1xx.o
 .debug_line    0x0000000000005c7d       0x78 ./Core/Startup/startup_stm32f103c6tx.o
 .debug_line    0x0000000000005cf5      0x904 ./Drivers/STM32F1xx_HAL_Driver/Src/stm32f1xx_hal.o
 .debug_line    0x00000000000065f9      0xaec ./Drivers/STM32F1xx_HAL_Driver/Src/stm32f1xx_hal_cortex.o
 .debug_line    0x00000000000070e5      0xd5d ./Drivers/STM32F1xx_HAL_Driver/Src/stm32f1xx_hal_dma.o
 .debug_line    0x0000000000007e42      0x988 ./Drivers/STM32F1xx_HAL_Driver/Src/stm32f1xx_hal_gpio.o
 .debug_line    0x00000000000087ca      0xd0d ./Drivers/STM32F1xx_HAL_Driver/Src/stm32f1xx_hal_rcc.o
 .debug_line    0x00000000000094d7     0x1b8c ./Drivers/STM32F1xx_HAL_Driver/Src/stm32f1xx_hal_spi.o
 .debug_line    0x000000000000b063     0x33a7 ./Drivers/STM32F1xx_HAL_Driver/Src/stm32f1xx_hal_tim.o
 .debug_line    0x000000000000e40a     0x1833 ./Drivers/STM32F1xx_HAL_Driver/Src/stm32f1xx_hal_tim_ex.o
 .debug_line    0x000000000000fc3d     0x2832 ./Drivers/STM32F1xx_HAL_Driver/Src/stm32f1xx_hal_uart.o

.debug_str      0x0000000000000000    0x8f782
 .debug_str     0x0000000000000000    0x86073 ./Core/Src/AMT22.o
                                      0x864ee (size before relaxing)
 .debug_str     0x0000000000086073      0x146 ./Core/Src/DWT_Delay.o
                                      0x82769 (size before relaxing)
 .debug_str     0x00000000000861b9     0x5481 ./Core/Src/RoboArm.o
                                      0x8b862 (size before relaxing)
 .debug_str     0x000000000008b63a      0xc16 ./Core/Src/TMC2209.o
                                      0x8b396 (size before relaxing)
 .debug_str     0x000000000008c250      0x928 ./Core/Src/main.o
                                      0x8ca45 (size before relaxing)
 .debug_str     0x000000000008cb78      0x159 ./Core/Src/stm32f1xx_hal_msp.o
                                      0x8764a (size before relaxing)
 .debug_str     0x000000000008ccd1      0x1a7 ./Core/Src/stm32f1xx_it.o
                                      0x873ab (size before relaxing)
 .debug_str     0x000000000008ce78       0x7e ./Core/Src/system_stm32f1xx.o
                                      0x826bc (size before relaxing)
 .debug_str     0x000000000008cef6       0x34 ./Core/Startup/startup_stm32f103c6tx.o
                                         0x6c (size before relaxing)
 .debug_str     0x000000000008cf2a      0x375 ./Drivers/STM32F1xx_HAL_Driver/Src/stm32f1xx_hal.o
                                      0x82db5 (size before relaxing)
 .debug_str     0x000000000008d29f      0x271 ./Drivers/STM32F1xx_HAL_Driver/Src/stm32f1xx_hal_cortex.o
                                      0x82d01 (size before relaxing)
 .debug_str     0x000000000008d510      0x235 ./Drivers/STM32F1xx_HAL_Driver/Src/stm32f1xx_hal_dma.o
                                      0x82a65 (size before relaxing)
 .debug_str     0x000000000008d745      0x295 ./Drivers/STM32F1xx_HAL_Driver/Src/stm32f1xx_hal_gpio.o
                                      0x82a42 (size before relaxing)
 .debug_str     0x000000000008d9da      0x203 ./Drivers/STM32F1xx_HAL_Driver/Src/stm32f1xx_hal_rcc.o
                                      0x82aeb (size before relaxing)
 .debug_str     0x000000000008dbdd      0x50c ./Drivers/STM32F1xx_HAL_Driver/Src/stm32f1xx_hal_spi.o
                                      0x82fe8 (size before relaxing)
 .debug_str     0x000000000008e0e9      0xd4e ./Drivers/STM32F1xx_HAL_Driver/Src/stm32f1xx_hal_tim.o
                                      0x83add (size before relaxing)
 .debug_str     0x000000000008ee37      0x3e1 ./Drivers/STM32F1xx_HAL_Driver/Src/stm32f1xx_hal_tim_ex.o
                                      0x832f9 (size before relaxing)
 .debug_str     0x000000000008f218      0x56a ./Drivers/STM32F1xx_HAL_Driver/Src/stm32f1xx_hal_uart.o
                                      0x8315c (size before relaxing)

.debug_frame    0x0000000000000000     0x4708
 .debug_frame   0x0000000000000000      0x12c ./Core/Src/AMT22.o
 .debug_frame   0x000000000000012c       0x78 ./Core/Src/DWT_Delay.o
 .debug_frame   0x00000000000001a4      0x424 ./Core/Src/RoboArm.o
 .debug_frame   0x00000000000005c8      0x264 ./Core/Src/TMC2209.o
 .debug_frame   0x000000000000082c      0x228 ./Core/Src/main.o
 .debug_frame   0x0000000000000a54      0x130 ./Core/Src/stm32f1xx_hal_msp.o
 .debug_frame   0x0000000000000b84      0x204 ./Core/Src/stm32f1xx_it.o
 .debug_frame   0x0000000000000d88       0x58 ./Core/Src/system_stm32f1xx.o
 .debug_frame   0x0000000000000de0      0x334 ./Drivers/STM32F1xx_HAL_Driver/Src/stm32f1xx_hal.o
 .debug_frame   0x0000000000001114      0x428 ./Drivers/STM32F1xx_HAL_Driver/Src/stm32f1xx_hal_cortex.o
 .debug_frame   0x000000000000153c      0x208 ./Drivers/STM32F1xx_HAL_Driver/Src/stm32f1xx_hal_dma.o
 .debug_frame   0x0000000000001744      0x14c ./Drivers/STM32F1xx_HAL_Driver/Src/stm32f1xx_hal_gpio.o
 .debug_frame   0x0000000000001890      0x218 ./Drivers/STM32F1xx_HAL_Driver/Src/stm32f1xx_hal_rcc.o
 .debug_frame   0x0000000000001aa8      0x824 ./Drivers/STM32F1xx_HAL_Driver/Src/stm32f1xx_hal_spi.o
 .debug_frame   0x00000000000022cc     0x11b8 ./Drivers/STM32F1xx_HAL_Driver/Src/stm32f1xx_hal_tim.o
 .debug_frame   0x0000000000003484      0x638 ./Drivers/STM32F1xx_HAL_Driver/Src/stm32f1xx_hal_tim_ex.o
 .debug_frame   0x0000000000003abc      0x944 ./Drivers/STM32F1xx_HAL_Driver/Src/stm32f1xx_hal_uart.o
 .debug_frame   0x0000000000004400       0x2c /opt/st/stm32cubeide_1.13.2/plugins/com.st.stm32cube.ide.mcu.externaltools.gnu-tools-for-stm32.11.3.rel1.linux64_1.1.1.202309131626/tools/bin/../lib/gcc/arm-none-eabi/11.3.1/../../../../arm-none-eabi/lib/thumb/v7-m/nofp/libm.a(libm_a-sf_ceil.o)
 .debug_frame   0x000000000000442c       0x20 /opt/st/stm32cubeide_1.13.2/plugins/com.st.stm32cube.ide.mcu.externaltools.gnu-tools-for-stm32.11.3.rel1.linux64_1.1.1.202309131626/tools/bin/../lib/gcc/arm-none-eabi/11.3.1/../../../../arm-none-eabi/lib/thumb/v7-m/nofp/libc_nano.a(libc_a-memset.o)
 .debug_frame   0x000000000000444c       0x2c /opt/st/stm32cubeide_1.13.2/plugins/com.st.stm32cube.ide.mcu.externaltools.gnu-tools-for-stm32.11.3.rel1.linux64_1.1.1.202309131626/tools/bin/../lib/gcc/arm-none-eabi/11.3.1/../../../../arm-none-eabi/lib/thumb/v7-m/nofp/libc_nano.a(libc_a-init.o)
 .debug_frame   0x0000000000004478       0xac /opt/st/stm32cubeide_1.13.2/plugins/com.st.stm32cube.ide.mcu.externaltools.gnu-tools-for-stm32.11.3.rel1.linux64_1.1.1.202309131626/tools/bin/../lib/gcc/arm-none-eabi/11.3.1/thumb/v7-m/nofp/libgcc.a(_arm_addsubdf3.o)
 .debug_frame   0x0000000000004524       0x50 /opt/st/stm32cubeide_1.13.2/plugins/com.st.stm32cube.ide.mcu.externaltools.gnu-tools-for-stm32.11.3.rel1.linux64_1.1.1.202309131626/tools/bin/../lib/gcc/arm-none-eabi/11.3.1/thumb/v7-m/nofp/libgcc.a(_arm_muldivdf3.o)
 .debug_frame   0x0000000000004574       0x24 /opt/st/stm32cubeide_1.13.2/plugins/com.st.stm32cube.ide.mcu.externaltools.gnu-tools-for-stm32.11.3.rel1.linux64_1.1.1.202309131626/tools/bin/../lib/gcc/arm-none-eabi/11.3.1/thumb/v7-m/nofp/libgcc.a(_arm_truncdfsf2.o)
 .debug_frame   0x0000000000004598       0x4c /opt/st/stm32cubeide_1.13.2/plugins/com.st.stm32cube.ide.mcu.externaltools.gnu-tools-for-stm32.11.3.rel1.linux64_1.1.1.202309131626/tools/bin/../lib/gcc/arm-none-eabi/11.3.1/thumb/v7-m/nofp/libgcc.a(_arm_addsubsf3.o)
 .debug_frame   0x00000000000045e4       0x38 /opt/st/stm32cubeide_1.13.2/plugins/com.st.stm32cube.ide.mcu.externaltools.gnu-tools-for-stm32.11.3.rel1.linux64_1.1.1.202309131626/tools/bin/../lib/gcc/arm-none-eabi/11.3.1/thumb/v7-m/nofp/libgcc.a(_arm_muldivsf3.o)
 .debug_frame   0x000000000000461c       0xc8 /opt/st/stm32cubeide_1.13.2/plugins/com.st.stm32cube.ide.mcu.externaltools.gnu-tools-for-stm32.11.3.rel1.linux64_1.1.1.202309131626/tools/bin/../lib/gcc/arm-none-eabi/11.3.1/thumb/v7-m/nofp/libgcc.a(_arm_cmpsf2.o)
 .debug_frame   0x00000000000046e4       0x24 /opt/st/stm32cubeide_1.13.2/plugins/com.st.stm32cube.ide.mcu.externaltools.gnu-tools-for-stm32.11.3.rel1.linux64_1.1.1.202309131626/tools/bin/../lib/gcc/arm-none-eabi/11.3.1/thumb/v7-m/nofp/libgcc.a(_arm_fixunssfsi.o)

.debug_line_str
                0x0000000000000000       0x60
 .debug_line_str
                0x0000000000000000       0x60 ./Core/Startup/startup_stm32f103c6tx.o
                                         0x78 (size before relaxing)
