../Core/Src/main.cpp:129:5:int main()	72	static
../Core/Src/main.cpp:316:6:void SystemClock_Config()	72	static
../Core/Src/main.cpp:360:13:void MX_SPI1_Init()	8	static
../Core/Src/main.cpp:398:13:void MX_TIM1_Init()	80	static
../Core/Src/main.cpp:463:13:void MX_TIM2_Init()	48	static
../Core/Src/main.cpp:512:13:void MX_TIM3_Init()	48	static
../Core/Src/main.cpp:561:13:void MX_USART1_UART_Init()	8	static
../Core/Src/main.cpp:594:13:void MX_USART2_UART_Init()	8	static
../Core/Src/main.cpp:627:13:void MX_GPIO_Init()	40	static
../Core/Src/main.cpp:700:6:void HAL_UART_RxCpltCallback(UART_HandleTypeDef*)	16	static
../Core/Src/main.cpp:733:6:void HAL_GPIO_EXTI_Callback(uint16_t)	16	static,ignoring_inline_asm
../Core/Src/main.cpp:764:6:void HAL_TIM_PeriodElapsedCallback(TIM_HandleTypeDef*)	16	static
../Core/Src/main.cpp:847:6:void Error_Handler()	4	static,ignoring_inline_asm
../Core/Src/main.cpp:855:1:void __static_initialization_and_destruction_0(int, int)	16	static
../Core/Src/main.cpp:855:1:cpp)	8	static
