../Core/Src/main.cpp:129:5:int main()	80	static
../Core/Src/main.cpp:331:6:void SystemClock_Config()	72	static
../Core/Src/main.cpp:376:13:void MX_SPI1_Init()	8	static
../Core/Src/main.cpp:414:13:void MX_TIM1_Init()	80	static
../Core/Src/main.cpp:479:13:void MX_TIM2_Init()	48	static
../Core/Src/main.cpp:528:13:void MX_TIM3_Init()	48	static
../Core/Src/main.cpp:577:13:void MX_USART1_UART_Init()	8	static
../Core/Src/main.cpp:610:13:void MX_USART2_UART_Init()	8	static
../Core/Src/main.cpp:643:13:void MX_GPIO_Init()	40	static
../Core/Src/main.cpp:716:6:void HAL_UART_RxCpltCallback(UART_HandleTypeDef*)	16	static
../Core/Src/main.cpp:749:6:void HAL_GPIO_EXTI_Callback(uint16_t)	16	static,ignoring_inline_asm
../Core/Src/main.cpp:775:6:void HAL_UART_ErrorCallback(UART_HandleTypeDef*)	16	static
../Core/Src/main.cpp:812:6:void HAL_TIM_PeriodElapsedCallback(TIM_HandleTypeDef*)	16	static
../Core/Src/main.cpp:895:6:void Error_Handler()	4	static,ignoring_inline_asm
../Core/Src/main.cpp:903:1:void __static_initialization_and_destruction_0(int, int)	16	static
../Core/Src/main.cpp:903:1:cpp)	8	static
