../Core/Src/main.cpp:126:5:int main()	160	static
../Core/Src/main.cpp:229:6:void SystemClock_Config()	72	static
../Core/Src/main.cpp:273:13:void MX_SPI1_Init()	8	static
../Core/Src/main.cpp:311:13:void MX_TIM1_Init()	80	static
../Core/Src/main.cpp:376:13:void MX_TIM2_Init()	48	static
../Core/Src/main.cpp:425:13:void MX_TIM3_Init()	48	static
../Core/Src/main.cpp:474:13:void MX_USART1_UART_Init()	8	static
../Core/Src/main.cpp:507:13:void MX_USART2_UART_Init()	8	static
../Core/Src/main.cpp:540:13:void MX_GPIO_Init()	40	static
../Core/Src/main.cpp:619:6:void HAL_UART_RxCpltCallback(UART_HandleTypeDef*)	16	static
../Core/Src/main.cpp:661:6:void StartDefaultTask(const void*)	16	static
../Core/Src/main.cpp:730:6:void StartAMT22Data(const void*)	16	static
../Core/Src/main.cpp:771:6:void StartUARTData(const void*)	16	static
../Core/Src/main.cpp:870:6:void HAL_TIM_PeriodElapsedCallback(TIM_HandleTypeDef*)	16	static
../Core/Src/main.cpp:926:6:void HAL_GPIO_EXTI_Callback(uint16_t)	16	static,ignoring_inline_asm
../Core/Src/main.cpp:951:6:void Error_Handler()	4	static,ignoring_inline_asm
../Core/Src/main.cpp:959:1:void __static_initialization_and_destruction_0(int, int)	16	static
../Core/Src/main.cpp:959:1:cpp)	8	static
